Component: ARM Compiler 5.06 update 6 (build 750) Tool: armlink [4d35ed]

==============================================================================

Section Cross References

    startup_stm32f407xx.o(STACK) refers (Special) to heapauxi.o(.text) for __use_two_region_memory
    startup_stm32f407xx.o(HEAP) refers (Special) to heapauxi.o(.text) for __use_two_region_memory
    startup_stm32f407xx.o(RESET) refers (Special) to heapauxi.o(.text) for __use_two_region_memory
    startup_stm32f407xx.o(RESET) refers to startup_stm32f407xx.o(STACK) for __initial_sp
    startup_stm32f407xx.o(RESET) refers to startup_stm32f407xx.o(.text) for Reset_Handler
    startup_stm32f407xx.o(RESET) refers to stm32f4xx_it.o(i.NMI_Handler) for NMI_Handler
    startup_stm32f407xx.o(RESET) refers to stm32f4xx_it.o(i.HardFault_Handler) for HardFault_Handler
    startup_stm32f407xx.o(RESET) refers to stm32f4xx_it.o(i.MemManage_Handler) for MemManage_Handler
    startup_stm32f407xx.o(RESET) refers to stm32f4xx_it.o(i.BusFault_Handler) for BusFault_Handler
    startup_stm32f407xx.o(RESET) refers to stm32f4xx_it.o(i.UsageFault_Handler) for UsageFault_Handler
    startup_stm32f407xx.o(RESET) refers to stm32f4xx_it.o(i.SVC_Handler) for SVC_Handler
    startup_stm32f407xx.o(RESET) refers to stm32f4xx_it.o(i.DebugMon_Handler) for DebugMon_Handler
    startup_stm32f407xx.o(RESET) refers to stm32f4xx_it.o(i.PendSV_Handler) for PendSV_Handler
    startup_stm32f407xx.o(RESET) refers to stm32f4xx_it.o(i.SysTick_Handler) for SysTick_Handler
    startup_stm32f407xx.o(RESET) refers to stm32f4xx_it.o(i.TIM2_IRQHandler) for TIM2_IRQHandler
    startup_stm32f407xx.o(RESET) refers to stm32f4xx_it.o(i.USART2_IRQHandler) for USART2_IRQHandler
    startup_stm32f407xx.o(.text) refers (Special) to heapauxi.o(.text) for __use_two_region_memory
    startup_stm32f407xx.o(.text) refers to system_stm32f4xx.o(i.SystemInit) for SystemInit
    startup_stm32f407xx.o(.text) refers to __main.o(!!!main) for __main
    startup_stm32f407xx.o(.text) refers to startup_stm32f407xx.o(HEAP) for Heap_Mem
    startup_stm32f407xx.o(.text) refers to startup_stm32f407xx.o(STACK) for Stack_Mem
    main.o(i.HAL_TIM_PeriodElapsedCallback) refers to _printf_percent.o(.ARM.Collect$$_printf_percent$$00000000) for _printf_percent
    main.o(i.HAL_TIM_PeriodElapsedCallback) refers to _printf_f.o(.ARM.Collect$$_printf_percent$$00000003) for _printf_f
    main.o(i.HAL_TIM_PeriodElapsedCallback) refers to printf1.o(x$fpl$printf1) for _printf_fp_dec
    main.o(i.HAL_TIM_PeriodElapsedCallback) refers to stm32f4xx_hal_gpio.o(i.HAL_GPIO_WritePin) for HAL_GPIO_WritePin
    main.o(i.HAL_TIM_PeriodElapsedCallback) refers to stm32f4xx_hal_spi.o(i.HAL_SPI_Transmit) for HAL_SPI_Transmit
    main.o(i.HAL_TIM_PeriodElapsedCallback) refers to stm32f4xx_hal_spi.o(i.HAL_SPI_GetState) for HAL_SPI_GetState
    main.o(i.HAL_TIM_PeriodElapsedCallback) refers to stm32f4xx_hal_spi.o(i.HAL_SPI_Receive) for HAL_SPI_Receive
    main.o(i.HAL_TIM_PeriodElapsedCallback) refers to mahonyahrs.o(i.MahonyAHRSupdateIMU) for MahonyAHRSupdateIMU
    main.o(i.HAL_TIM_PeriodElapsedCallback) refers to mahonyahrs.o(i.get_angle) for get_angle
    main.o(i.HAL_TIM_PeriodElapsedCallback) refers to f2d.o(x$fpl$f2d) for __aeabi_f2d
    main.o(i.HAL_TIM_PeriodElapsedCallback) refers to noretval__2printf.o(.text) for __2printf
    main.o(i.HAL_TIM_PeriodElapsedCallback) refers to main.o(.data) for .data
    main.o(i.HAL_TIM_PeriodElapsedCallback) refers to spi.o(.bss) for hspi1
    main.o(i.HAL_TIM_PeriodElapsedCallback) refers to main.o(.bss) for .bss
    main.o(i.SystemClock_Config) refers to rt_memclr_w.o(.text) for __aeabi_memclr4
    main.o(i.SystemClock_Config) refers to stm32f4xx_hal_rcc.o(i.HAL_RCC_OscConfig) for HAL_RCC_OscConfig
    main.o(i.SystemClock_Config) refers to stm32f4xx_hal_rcc.o(i.HAL_RCC_ClockConfig) for HAL_RCC_ClockConfig
    main.o(i.main) refers to stm32f4xx_hal.o(i.HAL_Init) for HAL_Init
    main.o(i.main) refers to main.o(i.SystemClock_Config) for SystemClock_Config
    main.o(i.main) refers to gpio.o(i.MX_GPIO_Init) for MX_GPIO_Init
    main.o(i.main) refers to spi.o(i.MX_SPI1_Init) for MX_SPI1_Init
    main.o(i.main) refers to usart.o(i.MX_USART2_UART_Init) for MX_USART2_UART_Init
    main.o(i.main) refers to tim.o(i.MX_TIM2_Init) for MX_TIM2_Init
    main.o(i.main) refers to stm32f4xx_hal_gpio.o(i.HAL_GPIO_WritePin) for HAL_GPIO_WritePin
    main.o(i.main) refers to stm32f4xx_hal_spi.o(i.HAL_SPI_Transmit) for HAL_SPI_Transmit
    main.o(i.main) refers to stm32f4xx_hal_spi.o(i.HAL_SPI_GetState) for HAL_SPI_GetState
    main.o(i.main) refers to stm32f4xx_hal.o(i.HAL_Delay) for HAL_Delay
    main.o(i.main) refers to stm32f4xx_hal_tim.o(i.HAL_TIM_Base_Start_IT) for HAL_TIM_Base_Start_IT
    main.o(i.main) refers to noretval__2printf.o(.text) for __2printf
    main.o(i.main) refers to main.o(.data) for .data
    main.o(i.main) refers to spi.o(.bss) for hspi1
[...]
    i.HAL_DMA_Abort                          0x08001b6c   Section        0  stm32f4xx_hal_dma.o(i.HAL_DMA_Abort)
    i.HAL_DMA_Abort_IT                       0x08001bfe   Section        0  stm32f4xx_hal_dma.o(i.HAL_DMA_Abort_IT)
    i.HAL_Delay                              0x08001c24   Section        0  stm32f4xx_hal.o(i.HAL_Delay)
    i.HAL_GPIO_Init                          0x08001c48   Section        0  stm32f4xx_hal_gpio.o(i.HAL_GPIO_Init)
    i.HAL_GPIO_WritePin                      0x08001e38   Section        0  stm32f4xx_hal_gpio.o(i.HAL_GPIO_WritePin)
    i.HAL_GetTick                            0x08001e44   Section        0  stm32f4xx_hal.o(i.HAL_GetTick)
    i.HAL_IncTick                            0x08001e50   Section        0  stm32f4xx_hal.o(i.HAL_IncTick)
    i.HAL_Init                               0x08001e60   Section        0  stm32f4xx_hal.o(i.HAL_Init)
    i.HAL_InitTick                           0x08001e94   Section        0  stm32f4xx_hal.o(i.HAL_InitTick)
    i.HAL_MspInit                            0x08001ed4   Section        0  stm32f4xx_hal_msp.o(i.HAL_MspInit)
    i.HAL_NVIC_EnableIRQ                     0x08001f04   Section        0  stm32f4xx_hal_cortex.o(i.HAL_NVIC_EnableIRQ)
    i.HAL_NVIC_SetPriority                   0x08001f20   Section        0  stm32f4xx_hal_cortex.o(i.HAL_NVIC_SetPriority)
    i.HAL_NVIC_SetPriorityGrouping           0x08001f60   Section        0  stm32f4xx_hal_cortex.o(i.HAL_NVIC_SetPriorityGrouping)
    i.HAL_RCC_ClockConfig                    0x08001f84   Section        0  stm32f4xx_hal_rcc.o(i.HAL_RCC_ClockConfig)
    i.HAL_RCC_GetPCLK1Freq                   0x080020b8   Section        0  stm32f4xx_hal_rcc.o(i.HAL_RCC_GetPCLK1Freq)
    i.HAL_RCC_GetPCLK2Freq                   0x080020d8   Section        0  stm32f4xx_hal_rcc.o(i.HAL_RCC_GetPCLK2Freq)
    i.HAL_RCC_GetSysClockFreq                0x080020f8   Section        0  stm32f4xx_hal_rcc.o(i.HAL_RCC_GetSysClockFreq)
    i.HAL_RCC_OscConfig                      0x0800215c   Section        0  stm32f4xx_hal_rcc.o(i.HAL_RCC_OscConfig)
    i.HAL_SPI_GetState                       0x080024c8   Section        0  stm32f4xx_hal_spi.o(i.HAL_SPI_GetState)
    i.HAL_SPI_Init                           0x080024ce   Section        0  stm32f4xx_hal_spi.o(i.HAL_SPI_Init)
    i.HAL_SPI_MspInit                        0x0800258c   Section        0  spi.o(i.HAL_SPI_MspInit)
    i.HAL_SPI_Receive                        0x0800261c   Section        0  stm32f4xx_hal_spi.o(i.HAL_SPI_Receive)
    i.HAL_SPI_Transmit                       0x08002772   Section        0  stm32f4xx_hal_spi.o(i.HAL_SPI_Transmit)
    i.HAL_SPI_TransmitReceive                0x080028e0   Section        0  stm32f4xx_hal_spi.o(i.HAL_SPI_TransmitReceive)
    i.HAL_SYSTICK_Config                     0x08002ace   Section        0  stm32f4xx_hal_cortex.o(i.HAL_SYSTICK_Config)
    i.HAL_TIMEx_BreakCallback                0x08002af6   Section        0  stm32f4xx_hal_tim_ex.o(i.HAL_TIMEx_BreakCallback)
    i.HAL_TIMEx_CommutCallback               0x08002af8   Section        0  stm32f4xx_hal_tim_ex.o(i.HAL_TIMEx_CommutCallback)
    i.HAL_TIMEx_MasterConfigSynchronization  0x08002afc   Section        0  stm32f4xx_hal_tim_ex.o(i.HAL_TIMEx_MasterConfigSynchronization)
    i.HAL_TIM_Base_Init                      0x08002b8c   Section        0  stm32f4xx_hal_tim.o(i.HAL_TIM_Base_Init)
    i.HAL_TIM_Base_MspInit                   0x08002be8   Section        0  tim.o(i.HAL_TIM_Base_MspInit)
    i.HAL_TIM_Base_Start_IT                  0x08002c20   Section        0  stm32f4xx_hal_tim.o(i.HAL_TIM_Base_Start_IT)
    i.HAL_TIM_ConfigClockSource              0x08002ca0   Section        0  stm32f4xx_hal_tim.o(i.HAL_TIM_ConfigClockSource)
    i.HAL_TIM_IC_CaptureCallback             0x08002d7c   Section        0  stm32f4xx_hal_tim.o(i.HAL_TIM_IC_CaptureCallback)
    i.HAL_TIM_IRQHandler                     0x08002d7e   Section        0  stm32f4xx_hal_tim.o(i.HAL_TIM_IRQHandler)
    i.HAL_TIM_OC_DelayElapsedCallback        0x08002eae   Section        0  stm32f4xx_hal_tim.o(i.HAL_TIM_OC_DelayElapsedCallback)
    i.HAL_TIM_PWM_PulseFinishedCallback      0x08002eb0   Section        0  stm32f4xx_hal_tim.o(i.HAL_TIM_PWM_PulseFinishedCallback)
    i.HAL_TIM_PeriodElapsedCallback          0x08002eb4   Section        0  main.o(i.HAL_TIM_PeriodElapsedCallback)
    i.HAL_TIM_TriggerCallback                0x080030f0   Section        0  stm32f4xx_hal_tim.o(i.HAL_TIM_TriggerCallback)
    i.HAL_UARTEx_RxEventCallback             0x080030f2   Section        0  stm32f4xx_hal_uart.o(i.HAL_UARTEx_RxEventCallback)
    i.HAL_UART_ErrorCallback                 0x080030f4   Section        0  stm32f4xx_hal_uart.o(i.HAL_UART_ErrorCallback)
    i.HAL_UART_IRQHandler                    0x080030f8   Section        0  stm32f4xx_hal_uart.o(i.HAL_UART_IRQHandler)
    i.HAL_UART_Init                          0x08003368   Section        0  stm32f4xx_hal_uart.o(i.HAL_UART_Init)
    i.HAL_UART_MspInit                       0x080033cc   Section        0  usart.o(i.HAL_UART_MspInit)
    i.HAL_UART_RxCpltCallback                0x08003444   Section        0  stm32f4xx_hal_uart.o(i.HAL_UART_RxCpltCallback)
    i.HAL_UART_Transmit                      0x08003446   Section        0  stm32f4xx_hal_uart.o(i.HAL_UART_Transmit)
    i.HAL_UART_TxCpltCallback                0x080034e6   Section        0  stm32f4xx_hal_uart.o(i.HAL_UART_TxCpltCallback)
    i.HardFault_Handler                      0x080034e8   Section        0  stm32f4xx_it.o(i.HardFault_Handler)
    i.MX_GPIO_Init                           0x080034ec   Section        0  gpio.o(i.MX_GPIO_Init)
    i.MX_SPI1_Init                           0x08003590   Section        0  spi.o(i.MX_SPI1_Init)
    i.MX_TIM2_Init                           0x080035d4   Section        0  tim.o(i.MX_TIM2_Init)
    i.MX_USART2_UART_Init                    0x08003638   Section        0  usart.o(i.MX_USART2_UART_Init)
    i.MahonyAHRSupdateIMU                    0x08003670   Section        0  mahonyahrs.o(i.MahonyAHRSupdateIMU)
    i.MemManage_Handler                      0x080038d0   Section        0  stm32f4xx_it.o(i.MemManage_Handler)
    i.NMI_Handler                            0x080038d2   Section        0  stm32f4xx_it.o(i.NMI_Handler)
    i.PendSV_Handler                         0x080038d4   Section        0  stm32f4xx_it.o(i.PendSV_Handler)
    i.SPI_EndRxTransaction                   0x080038d6   Section        0  stm32f4xx_hal_spi.o(i.SPI_EndRxTransaction)
    SPI_EndRxTransaction                     0x080038d7   Thumb Code    92  stm32f4xx_hal_spi.o(i.SPI_EndRxTransaction)
    i.SPI_EndRxTxTransaction                 0x08003934   Section        0  stm32f4xx_hal_spi.o(i.SPI_EndRxTxTransaction)
    SPI_EndRxTxTransaction                   0x08003935   Thumb Code    98  stm32f4xx_hal_spi.o(i.SPI_EndRxTxTransaction)
    i.SPI_WaitFlagStateUntilTimeout          0x080039a0   Section        0  stm32f4xx_hal_spi.o(i.SPI_WaitFlagStateUntilTimeout)
    SPI_WaitFlagStateUntilTimeout            0x080039a1   Thumb Code   180  stm32f4xx_hal_spi.o(i.SPI_WaitFlagStateUntilTimeout)
    i.SVC_Handler                            0x08003a58   Section        0  stm32f4xx_it.o(i.SVC_Handler)
    i.SysTick_Handler                        0x08003a5a   Section        0  stm32f4xx_it.o(i.SysTick_Handler)
    i.SystemClock_Config                     0x08003a60   Section        0  main.o(i.SystemClock_Config)
    i.SystemInit                             0x08003af4   Section        0  system_stm32f4xx.o(i.SystemInit)
    i.TIM2_IRQHandler                        0x08003b04   Section        0  stm32f4xx_it.o(i.TIM2_IRQHandler)
    i.TIM_Base_SetConfig                     0x08003b10   Section        0  stm32f4xx_hal_tim.o(i.TIM_Base_SetConfig)
    i.TIM_ETR_SetConfig                      0x08003be8   Section        0  stm32f4xx_hal_tim.o(i.TIM_ETR_SetConfig)
    i.TIM_ITRx_SetConfig                     0x08003bfc   Section        0  stm32f4xx_hal_tim.o(i.TIM_ITRx_SetConfig)
    TIM_ITRx_SetConfig                       0x08003bfd   Thumb Code    16  stm32f4xx_hal_tim.o(i.TIM_ITRx_SetConfig)
    i.TIM_TI1_ConfigInputStage               0x08003c0c   Section        0  stm32f4xx_hal_tim.o(i.TIM_TI1_ConfigInputStage)
    TIM_TI1_ConfigInputStage                 0x08003c0d   Thumb Code    34  stm32f4xx_hal_tim.o(i.TIM_TI1_ConfigInputStage)
    i.TIM_TI2_ConfigInputStage               0x08003c2e   Section        0  stm32f4xx_hal_tim.o(i.TIM_TI2_ConfigInputStage)
    TIM_TI2_ConfigInputStage                 0x08003c2f   Thumb Code    36  stm32f4xx_hal_tim.o(i.TIM_TI2_ConfigInputStage)
    i.UART_DMAAbortOnError                   0x08003c52   Section        0  stm32f4xx_hal_uart.o(i.UART_DMAAbortOnError)
    UART_DMAAbortOnError                     0x08003c53   Thumb Code    16  stm32f4xx_hal_uart.o(i.UART_DMAAbortOnError)
    i.UART_EndRxTransfer                     0x08003c62   Section        0  stm32f4xx_hal_uart.o(i.UART_EndRxTransfer)
    UART_EndRxTransfer                       0x08003c63   Thumb Code    78  stm32f4xx_hal_uart.o(i.UART_EndRxTransfer)
    i.UART_Receive_IT                        0x08003cb0   Section        0  stm32f4xx_hal_uart.o(i.UART_Receive_IT)
    UART_Receive_IT                          0x08003cb1   Thumb Code   194  stm32f4xx_hal_uart.o(i.UART_Receive_IT)
    i.UART_SetConfig                         0x08003d74   Section        0  stm32f4xx_hal_uart.o(i.UART_SetConfig)
    UART_SetConfig                           0x08003d75   Thumb Code   258  stm32f4xx_hal_uart.o(i.UART_SetConfig)
    i.UART_WaitOnFlagUntilTimeout            0x08003e80   Section        0  stm32f4xx_hal_uart.o(i.UART_WaitOnFlagUntilTimeout)
    UART_WaitOnFlagUntilTimeout              0x08003e81   Thumb Code   114  stm32f4xx_hal_uart.o(i.UART_WaitOnFlagUntilTimeout)
    i.USART2_IRQHandler                      0x08003ef4   Section        0  stm32f4xx_it.o(i.USART2_IRQHandler)
    i.UsageFault_Handler                     0x08003f00   Section        0  stm32f4xx_it.o(i.UsageFault_Handler)
    i.__ARM_fpclassify                       0x08003f02   Section        0  fpclassify.o(i.__ARM_fpclassify)
    i.__ARM_fpclassifyf                      0x08003f32   Section        0  fpclassifyf.o(i.__ARM_fpclassifyf)
    i.__NVIC_SetPriority                     0x08003f58   Section        0  stm32f4xx_hal_cortex.o(i.__NVIC_SetPriority)
    __NVIC_SetPriority                       0x08003f59   Thumb Code    32  stm32f4xx_hal_cortex.o(i.__NVIC_SetPriority)
    i.__hardfp_asinf                         0x08003f78   Section        0  asinf.o(i.__hardfp_asinf)
    i.__hardfp_atan2f                        0x080040a4   Section        0  atan2f.o(i.__hardfp_atan2f)
    i.__mathlib_flt_infnan                   0x080042f4   Section        0  funder.o(i.__mathlib_flt_infnan)
    i.__mathlib_flt_infnan2                  0x080042fa   Section        0  funder.o(i.__mathlib_flt_infnan2)
    i.__mathlib_flt_invalid                  0x08004300   Section        0  funder.o(i.__mathlib_flt_invalid)
    i.__mathlib_flt_underflow                0x08004310   Section        0  funder.o(i.__mathlib_flt_underflow)
    i.fputc                                  0x08004320   Section        0  stm32f4xx_hal.o(i.fputc)
    i.get_angle                              0x08004338   Section        0  mahonyahrs.o(i.get_angle)
    i.invSqrt                                0x080043e8   Section        0  mahonyahrs.o(i.invSqrt)
    i.main                                   0x08004414   Section        0  main.o(i.main)
    i.sqrtf                                  0x08004554   Section        0  sqrtf.o(i.sqrtf)
    locale$$code                             0x08004594   Section       44  lc_numeric_c.o(locale$$code)
    x$fpl$dretinf                            0x080045c0   Section       12  dretinf.o(x$fpl$dretinf)
    $v0                                      0x080045c0   Number         0  dretinf.o(x$fpl$dretinf)
    x$fpl$f2d                                0x080045cc   Section       86  f2d.o(x$fpl$f2d)
    $v0                                      0x080045cc   Number         0  f2d.o(x$fpl$f2d)
    x$fpl$fnaninf                            0x08004622   Section      140  fnaninf.o(x$fpl$fnaninf)
    $v0                                      0x08004622   Number         0  fnaninf.o(x$fpl$fnaninf)
    x$fpl$fpinit                             0x080046ae   Section       10  fpinit.o(x$fpl$fpinit)
    $v0                                      0x080046ae   Number         0  fpinit.o(x$fpl$fpinit)
    x$fpl$printf1                            0x080046b8   Section        4  printf1.o(x$fpl$printf1)
    $v0                                      0x080046b8   Number         0  printf1.o(x$fpl$printf1)
    .constdata                               0x080046bc   Section       16  system_stm32f4xx.o(.constdata)
    x$fpl$usenofp                            0x080046bc   Section        0  usenofp.o(x$fpl$usenofp)
    .constdata                               0x080046cc   Section        8  system_stm32f4xx.o(.constdata)
    .constdata                               0x080046d4   Section      148  bigflt0.o(.constdata)
    tenpwrs_x                                0x080046d4   Data          60  bigflt0.o(.constdata)
    tenpwrs_i                                0x08004710   Data          64  bigflt0.o(.constdata)
    .constdata                               0x08004768   Section        4  sys_io.o(.constdata)
    .constdata                               0x0800476c   Section        4  sys_io.o(.constdata)
    .constdata                               0x08004770   Section        4  sys_io.o(.constdata)
    locale$$data                             0x08004794   Section       28  lc_numeric_c.o(locale$$data)
    __lcnum_c_name                           0x08004798   Data           2  lc_numeric_c.o(locale$$data)
    __lcnum_c_start                          0x080047a0   Data           0  lc_numeric_c.o(locale$$data)
    __lcnum_c_point                          0x080047ac   Data           0  lc_numeric_c.o(locale$$data)
    __lcnum_c_thousands                      0x080047ae   Data           0  lc_numeric_c.o(locale$$data)
    __lcnum_c_grouping                       0x080047af   Data           0  lc_numeric_c.o(locale$$data)
    __lcnum_c_end                            0x080047b0   Data           0  lc_numeric_c.o(locale$$data)
    .data                                    0x20000000   Section       36  main.o(.data)
    .data                                    0x20000024   Section       12  stm32f4xx_hal.o(.data)
    .data                                    0x20000030   Section        4  system_stm32f4xx.o(.data)
    .data                                    0x20000034   Section       36  mahonyahrs.o(.data)
    .data                                    0x20000058   Section        4  stdio_streams.o(.data)
    .data                                    0x2000005c   Section        4  stdio_streams.o(.data)
    .data                                    0x20000060   Section        4  stdio_streams.o(.data)
    .bss                                     0x20000064   Section       36  main.o(.bss)
    .bss                                     0x20000088   Section       88  spi.o(.bss)
    .bss                                     0x200000e0   Section       72  tim.o(.bss)
    .bss                                     0x20000128   Section       72  usart.o(.bss)
    .bss                                     0x20000170   Section       84  stdio_streams.o(.bss)
    .bss                                     0x200001c4   Section       84  stdio_streams.o(.bss)
    .bss                                     0x20000218   Section       84  stdio_streams.o(.bss)
    .bss                                     0x2000026c   Section       96  libspace.o(.bss)
    HEAP                                     0x200002d0   Section      512  startup_stm32f407xx.o(HEAP)
    Heap_Mem                                 0x200002d0   Data         512  startup_stm32f407xx.o(HEAP)
    STACK                                    0x200004d0   Section     1024  startup_stm32f407xx.o(STACK)
    Stack_Mem                                0x200004d0   Data        1024  startup_stm32f407xx.o(STACK)
    __initial_sp                             0x200008d0   Data           0  startup_stm32f407xx.o(STACK)

    Global Symbols

    Symbol Name                              Value     Ov Type        Size  Object(Section)

    BuildAttributes$$THM_ISAv4$E$P$D$K$B$S$7EM$VFPi3$EXTD16$VFPS$VFMA$PE$A:L22UL41UL21$X:L11$S22US41US21$IEEE1$IW$USESV6$~STKCKD$USESV7$~SHL$OTIME$ROPI$IEEEX$EBA8$UX$STANDARDLIB$REQ8$PRES8$EABIv2 0x00000000   Number         0  anon$$obj.o ABSOLUTE
    __ARM_use_no_argv                        0x00000000   Number         0  main.o ABSOLUTE
    __ARM_exceptions_init                     - Undefined Weak Reference
    __alloca_initialize                       - Undefined Weak Reference
    __arm_preinit_                            - Undefined Weak Reference
    __cpp_initialize__aeabi_                  - Undefined Weak Reference
    __cxa_finalize                            - Undefined Weak Reference
    __sigvec_lookup                           - Undefined Weak Reference
    __user_heap_extent                        - Undefined Weak Reference
    _atexit_init                              - Undefined Weak Reference
    _call_atexit_fns                          - Undefined Weak Reference
    _clock_init                               - Undefined Weak Reference
    _fp_trap_init                             - Undefined Weak Reference
    _fp_trap_shutdown                         - Undefined Weak Reference
    _get_lc_collate                           - Undefined Weak Reference
    _get_lc_ctype                             - Undefined Weak Reference
    _get_lc_monetary                          - Undefined Weak Reference
    _get_lc_time                              - Undefined Weak Reference
    _getenv_init                              - Undefined Weak Reference
    _handle_redirection                       - Undefined Weak Reference
    _mutex_acquire                            - Undefined Weak Reference
    _mutex_free                               - Undefined Weak Reference
    _mutex_release                            - Undefined Weak Reference
    _printf_post_padding                      - Undefined Weak Reference
    _printf_pre_padding                       - Undefined Weak Reference
    _rand_init                                - Undefined Weak Reference
    _signal_finish                            - Undefined Weak Reference
    _signal_init                              - Undefined Weak Reference
    __Vectors_Size                           0x00000188   Number         0  startup_stm32f407xx.o ABSOLUTE
    __Vectors                                0x08000000   Data           4  startup_stm32f407xx.o(RESET)
    __Vectors_End                            0x08000188   Data           0  startup_stm32f407xx.o(RESET)
    __main                                   0x08000189   Thumb Code     8  __main.o(!!!main)
    __scatterload                            0x08000191   Thumb Code     0  __scatter.o(!!!scatter)
    __scatterload_rt2                        0x08000191   Thumb Code    44  __scatter.o(!!!scatter)
    __scatterload_rt2_thumb_only             0x08000191   Thumb Code     0  __scatter.o(!!!scatter)
    __scatterload_null                       0x0800019f   Thumb Code     0  __scatter.o(!!!scatter)
    __scatterload_copy                       0x080001c5   Thumb Code    26  __scatter_copy.o(!!handler_copy)
    __scatterload_zeroinit                   0x080001e1   Thumb Code    28  __scatter_zi.o(!!handler_zi)
    _printf_f                                0x080001fd   Thumb Code     0  _printf_f.o(.ARM.Collect$$_printf_percent$$00000003)
    _printf_percent                          0x080001fd   Thumb Code     0  _printf_percent.o(.ARM.Collect$$_printf_percent$$00000000)
    _printf_percent_end                      0x08000203   Thumb Code     0  _printf_percent_end.o(.ARM.Collect$$_printf_percent$$00000017)
    __rt_lib_init                            0x08000207   Thumb Code     0  libinit.o(.ARM.Collect$$libinit$$00000000)
    __rt_lib_init_fp_1                       0x08000209   Thumb Code     0  libinit2.o(.ARM.Collect$$libinit$$00000001)
    __rt_lib_init_heap_2                     0x0800020d   Thumb Code     0  libinit2.o(.ARM.Collect$$libinit$$00000005)
    __rt_lib_init_preinit_1                  0x0800020d   Thumb Code     0  libinit2.o(.ARM.Collect$$libinit$$00000004)
    __rt_lib_init_heap_1                     0x08000215   Thumb Code     0  libinit2.o(.ARM.Collect$$libinit$$0000000A)
    __rt_lib_init_lc_common                  0x08000215   Thumb Code     0  libinit2.o(.ARM.Collect$$libinit$$0000000F)
    __rt_lib_init_rand_1                     0x08000215   Thumb Code     0  libinit2.o(.ARM.Collect$$libinit$$0000000E)
    __rt_lib_init_user_alloc_1               0x08000215   Thumb Code     0  libinit2.o(.ARM.Collect$$libinit$$0000000C)
    __rt_lib_init_lc_collate_1               0x0800021b   Thumb Code     0  libinit2.o(.ARM.Collect$$libinit$$00000011)
    __rt_lib_init_lc_ctype_1                 0x0800021b   Thumb Code     0  libinit2.o(.ARM.Collect$$libinit$$00000013)
    __rt_lib_init_lc_monetary_1              0x0800021b   Thumb Code     0  libinit2.o(.ARM.Collect$$libinit$$00000015)
    __rt_lib_init_lc_numeric_2               0x0800021b   Thumb Code     0  libinit2.o(.ARM.Collect$$libinit$$00000016)
    __rt_lib_init_atexit_1                   0x08000225   Thumb Code     0  libinit2.o(.ARM.Collect$$libinit$$0000001B)
    __rt_lib_init_clock_1                    0x08000225   Thumb Code     0  libinit2.o(.ARM.Collect$$libinit$$00000021)
    __rt_lib_init_fp_trap_1                  0x08000225   Thumb Code     0  libinit2.o(.ARM.Collect$$libinit$$0000001F)
    __rt_lib_init_getenv_1                   0x08000225   Thumb Code     0  libinit2.o(.ARM.Collect$$libinit$$00000023)
    __rt_lib_init_lc_numeric_1               0x08000225   Thumb Code     0  libinit2.o(.ARM.Collect$$libinit$$00000017)
    __rt_lib_init_lc_time_1                  0x08000225   Thumb Code     0  libinit2.o(.ARM.Collect$$libinit$$00000019)
    __rt_lib_init_signal_1                   0x08000225   Thumb Code     0  libinit2.o(.ARM.Collect$$libinit$$0000001D)
    __rt_lib_init_stdio_2                    0x08000225   Thumb Code     0  libinit2.o(.ARM.Collect$$libinit$$00000024)
    __rt_lib_init_alloca_1                   0x08000229   Thumb Code     0  libinit2.o(.ARM.Collect$$libinit$$0000002E)
    __rt_lib_init_argv_1                     0x08000229   Thumb Code     0  libinit2.o(.ARM.Collect$$libinit$$0000002C)
    __rt_lib_init_cpp_1                      0x08000229   Thumb Code     0  libinit2.o(.ARM.Collect$$libinit$$00000032)
    __rt_lib_init_exceptions_1               0x08000229   Thumb Code     0  libinit2.o(.ARM.Collect$$libinit$$00000030)
    __rt_lib_init_return                     0x08000229   Thumb Code     0  libinit2.o(.ARM.Collect$$libinit$$00000033)
    __rt_lib_init_stdio_1                    0x08000229   Thumb Code     0  libinit2.o(.ARM.Collect$$libinit$$00000025)
    __rt_lib_shutdown                        0x0800022b   Thumb Code     0  libshutdown.o(.ARM.Collect$$libshutdown$$00000000)
    __rt_lib_shutdown_cpp_1                  0x0800022d   Thumb Code     0  libshutdown2.o(.ARM.Collect$$libshutdown$$00000002)
    __rt_lib_shutdown_stdio_2                0x0800022d   Thumb Code     0  libshutdown2.o(.ARM.Collect$$libshutdown$$00000003)
    __rt_lib_shutdown_fp_trap_1              0x08000231   Thumb Code     0  libshutdown2.o(.ARM.Collect$$libshutdown$$00000007)
    __rt_lib_shutdown_heap_1                 0x08000231   Thumb Code     0  libshutdown2.o(.ARM.Collect$$libshutdown$$0000000F)
    __rt_lib_shutdown_return                 0x08000231   Thumb Code     0  libshutdown2.o(.ARM.Collect$$libshutdown$$00000010)
    __rt_lib_shutdown_signal_1               0x08000231   Thumb Code     0  libshutdown2.o(.ARM.Collect$$libshutdown$$0000000A)
    __rt_lib_shutdown_stdio_1                0x08000231   Thumb Code     0  libshutdown2.o(.ARM.Collect$$libshutdown$$00000004)
    __rt_lib_shutdown_user_alloc_1           0x08000231   Thumb Code     0  libshutdown2.o(.ARM.Collect$$libshutdown$$0000000C)
    __rt_entry                               0x08000233   Thumb Code     0  __rtentry.o(.ARM.Collect$$rtentry$$00000000)
    __rt_entry_presh_1                       0x08000233   Thumb Code     0  __rtentry2.o(.ARM.Collect$$rtentry$$00000002)
    __rt_entry_sh                            0x08000233   Thumb Code     0  __rtentry4.o(.ARM.Collect$$rtentry$$00000004)
    __rt_entry_li                            0x08000239   Thumb Code     0  __rtentry2.o(.ARM.Collect$$rtentry$$0000000A)
    __rt_entry_postsh_1                      0x08000239   Thumb Code     0  __rtentry2.o(.ARM.Collect$$rtentry$$00000009)
    __rt_entry_main                          0x0800023d   Thumb Code     0  __rtentry2.o(.ARM.Collect$$rtentry$$0000000D)
    __rt_entry_postli_1                      0x0800023d   Thumb Code     0  __rtentry2.o(.ARM.Collect$$rtentry$$0000000C)
    __rt_exit                                0x08000245   Thumb Code     0  rtexit.o(.ARM.Collect$$rtexit$$00000000)
    __rt_exit_ls                             0x08000247   Thumb Code     0  rtexit2.o(.ARM.Collect$$rtexit$$00000003)
    __rt_exit_prels_1                        0x08000247   Thumb Code     0  rtexit2.o(.ARM.Collect$$rtexit$$00000002)
    __rt_exit_exit                           0x0800024b   Thumb Code     0  rtexit2.o(.ARM.Collect$$rtexit$$00000004)
    Reset_Handler                            0x08000251   Thumb Code     8  startup_stm32f407xx.o(.text)
    _maybe_terminate_alloc                   0x08000251   Thumb Code     0  maybetermalloc1.o(.emb_text)
    ADC_IRQHandler                           0x0800026b   Thumb Code     0  startup_stm32f407xx.o(.text)
    CAN1_RX0_IRQHandler                      0x0800026b   Thumb Code     0  startup_stm32f407xx.o(.text)
    CAN1_RX1_IRQHandler                      0x0800026b   Thumb Code     0  startup_stm32f407xx.o(.text)
    CAN1_SCE_IRQHandler                      0x0800026b   Thumb Code     0  startup_stm32f407xx.o(.text)
    CAN1_TX_IRQHandler                       0x0800026b   Thumb Code     0  startup_stm32f407xx.o(.text)
    CAN2_RX0_IRQHandler                      0x0800026b   Thumb Code     0  startup_stm32f407xx.o(.text)
    CAN2_RX1_IRQHandler                      0x0800026b   Thumb Code     0  startup_stm32f407xx.o(.text)
    CAN2_SCE_IRQHandler                      0x0800026b   Thumb Code     0  startup_stm32f407xx.o(.text)
    CAN2_TX_IRQHandler                       0x0800026b   Thumb Code     0  startup_stm32f407xx.o(.text)
    DCMI_IRQHandler                          0x0800026b   Thumb Code     0  startup_stm32f407xx.o(.text)
    DMA1_Stream0_IRQHandler                  0x0800026b   Thumb Code     0  startup_stm32f407xx.o(.text)
    DMA1_Stream1_IRQHandler                  0x0800026b   Thumb Code     0  startup_stm32f407xx.o(.text)
    DMA1_Stream2_IRQHandler                  0x0800026b   Thumb Code     0  startup_stm32f407xx.o(.text)
    DMA1_Stream3_IRQHandler                  0x0800026b   Thumb Code     0  startup_stm32f407xx.o(.text)
    DMA1_Stream4_IRQHandler                  0x0800026b   Thumb Code     0  startup_stm32f407xx.o(.text)
    DMA1_Stream5_IRQHandler                  0x0800026b   Thumb Code     0  startup_stm32f407xx.o(.text)
    DMA1_Stream6_IRQHandler                  0x0800026b   Thumb Code     0  startup_stm32f407xx.o(.text)
    DMA1_Stream7_IRQHandler                  0x0800026b   Thumb Code     0  startup_stm32f407xx.o(.text)
    DMA2_Stream0_IRQHandler                  0x0800026b   Thumb Code     0  startup_stm32f407xx.o(.text)
    DMA2_Stream1_IRQHandler                  0x0800026b   Thumb Code     0  startup_stm32f407xx.o(.text)
    DMA2_Stream2_IRQHandler                  0x0800026b   Thumb Code     0  startup_stm32f407xx.o(.text)
    DMA2_Stream3_IRQHandler                  0x0800026b   Thumb Code     0  startup_stm32f407xx.o(.text)
    DMA2_Stream4_IRQHandler                  0x0800026b   Thumb Code     0  startup_stm32f407xx.o(.text)
    DMA2_Stream5_IRQHandler                  0x0800026b   Thumb Code     0  startup_stm32f407xx.o(.text)
    DMA2_Stream6_IRQHandler                  0x0800026b   Thumb Code     0  startup_stm32f407xx.o(.text)
    DMA2_Stream7_IRQHandler                  0x0800026b   Thumb Code     0  startup_stm32f407xx.o(.text)
    ETH_IRQHandler                           0x0800026b   Thumb Code     0  startup_stm32f407xx.o(.text)
    ETH_WKUP_IRQHandler                      0x0800026b   Thumb Code     0  startup_stm32f407xx.o(.text)
    EXTI0_IRQHandler                         0x0800026b   Thumb Code     0  startup_stm32f407xx.o(.text)
    EXTI15_10_IRQHandler                     0x0800026b   Thumb Code     0  startup_stm32f407xx.o(.text)
    EXTI1_IRQHandler                         0x0800026b   Thumb Code     0  startup_stm32f407xx.o(.text)
    EXTI2_IRQHandler                         0x0800026b   Thumb Code     0  startup_stm32f407xx.o(.text)
    EXTI3_IRQHandler                         0x0800026b   Thumb Code     0  startup_stm32f407xx.o(.text)
    EXTI4_IRQHandler                         0x0800026b   Thumb Code     0  startup_stm32f407xx.o(.text)
    EXTI9_5_IRQHandler                       0x0800026b   Thumb Code     0  startup_stm32f407xx.o(.text)
    FLASH_IRQHandler                         0x0800026b   Thumb Code     0  startup_stm32f407xx.o(.text)
    FMC_IRQHandler                           0x0800026b   Thumb Code     0  startup_stm32f407xx.o(.text)
    FPU_IRQHandler                           0x0800026b   Thumb Code     0  startup_stm32f407xx.o(.text)
    HASH_RNG_IRQHandler                      0x0800026b   Thumb Code     0  startup_stm32f407xx.o(.text)
    I2C1_ER_IRQHandler                       0x0800026b   Thumb Code     0  startup_stm32f407xx.o(.text)
    I2C1_EV_IRQHandler                       0x0800026b   Thumb Code     0  startup_stm32f407xx.o(.text)
    I2C2_ER_IRQHandler                       0x0800026b   Thumb Code     0  startup_stm32f407xx.o(.text)
    I2C2_EV_IRQHandler                       0x0800026b   Thumb Code     0  startup_stm32f407xx.o(.text)
    I2C3_ER_IRQHandler                       0x0800026b   Thumb Code     0  startup_stm32f407xx.o(.text)
    I2C3_EV_IRQHandler                       0x0800026b   Thumb Code     0  startup_stm32f407xx.o(.text)
    OTG_FS_IRQHandler                        0x0800026b   Thumb Code     0  startup_stm32f407xx.o(.text)
    OTG_FS_WKUP_IRQHandler                   0x0800026b   Thumb Code     0  startup_stm32f407xx.o(.text)
    OTG_HS_EP1_IN_IRQHandler                 0x0800026b   Thumb Code     0  startup_stm32f407xx.o(.text)
    OTG_HS_EP1_OUT_IRQHandler                0x0800026b   Thumb Code     0  startup_stm32f407xx.o(.text)
    OTG_HS_IRQHandler                        0x0800026b   Thumb Code     0  startup_stm32f407xx.o(.text)
    OTG_HS_WKUP_IRQHandler                   0x0800026b   Thumb Code     0  startup_stm32f407xx.o(.text)
    PVD_IRQHandler                           0x0800026b   Thumb Code     0  startup_stm32f407xx.o(.text)
    RCC_IRQHandler                           0x0800026b   Thumb Code     0  startup_stm32f407xx.o(.text)
    RTC_Alarm_IRQHandler                     0x0800026b   Thumb Code     0  startup_stm32f407xx.o(.text)
    RTC_WKUP_IRQHandler                      0x0800026b   Thumb Code     0  startup_stm32f407xx.o(.text)
    SDIO_IRQHandler                          0x0800026b   Thumb Code     0  startup_stm32f407xx.o(.text)
    SPI1_IRQHandler                          0x0800026b   Thumb Code     0  startup_stm32f407xx.o(.text)
    SPI2_IRQHandler                          0x0800026b   Thumb Code     0  startup_stm32f407xx.o(.text)
    SPI3_IRQHandler                          0x0800026b   Thumb Code     0  startup_stm32f407xx.o(.text)
    TAMP_STAMP_IRQHandler                    0x0800026b   Thumb Code     0  startup_stm32f407xx.o(.text)
    TIM1_BRK_TIM9_IRQHandler                 0x0800026b   Thumb Code     0  startup_stm32f407xx.o(.text)
    TIM1_CC_IRQHandler                       0x0800026b   Thumb Code     0  startup_stm32f407xx.o(.text)
    TIM1_TRG_COM_TIM11_IRQHandler            0x0800026b   Thumb Code     0  startup_stm32f407xx.o(.text)
    TIM1_UP_TIM10_IRQHandler                 0x0800026b   Thumb Code     0  startup_stm32f407xx.o(.text)
    TIM3_IRQHandler                          0x0800026b   Thumb Code     0  startup_stm32f407xx.o(.text)
    TIM4_IRQHandler                          0x0800026b   Thumb Code     0  startup_stm32f407xx.o(.text)
    TIM5_IRQHandler                          0x0800026b   Thumb Code     0  startup_stm32f407xx.o(.text)
    TIM6_DAC_IRQHandler                      0x0800026b   Thumb Code     0  startup_stm32f407xx.o(.text)
    TIM7_IRQHandler                          0x0800026b   Thumb Code     0  startup_stm32f407xx.o(.text)
    TIM8_BRK_TIM12_IRQHandler                0x0800026b   Thumb Code     0  startup_stm32f407xx.o(.text)
    TIM8_CC_IRQHandler                       0x0800026b   Thumb Code     0  startup_stm32f407xx.o(.text)
    TIM8_TRG_COM_TIM14_IRQHandler            0x0800026b   Thumb Code     0  startup_stm32f407xx.o(.text)
    TIM8_UP_TIM13_IRQHandler                 0x0800026b   Thumb Code     0  startup_stm32f407xx.o(.text)
    UART4_IRQHandler                         0x0800026b   Thumb Code     0  startup_stm32f407xx.o(.text)
    UART5_IRQHandler                         0x0800026b   Thumb Code     0  startup_stm32f407xx.o(.text)
    USART1_IRQHandler                        0x0800026b   Thumb Code     0  startup_stm32f407xx.o(.text)
    USART3_IRQHandler                        0x0800026b   Thumb Code     0  startup_stm32f407xx.o(.text)
    USART6_IRQHandler                        0x0800026b   Thumb Code     0  startup_stm32f407xx.o(.text)
    WWDG_IRQHandler                          0x0800026b   Thumb Code     0  startup_stm32f407xx.o(.text)
    __user_initial_stackheap                 0x0800026d   Thumb Code     0  startup_stm32f407xx.o(.text)
    __aeabi_uldivmod                         0x08000291   Thumb Code     0  lludivv7m.o(.text)
    _ll_udiv                                 0x08000291   Thumb Code   238  lludivv7m.o(.text)
    __2printf                                0x08000381   Thumb Code    20  noretval__2printf.o(.text)
    __printf                                 0x08000399   Thumb Code   104  __printf.o(.text)
    __aeabi_memclr4                          0x08000401   Thumb Code     0  rt_memclr_w.o(.text)
    __aeabi_memclr8                          0x08000401   Thumb Code     0  rt_memclr_w.o(.text)
    __rt_memclr_w                            0x08000401   Thumb Code    78  rt_memclr_w.o(.text)
    _memset_w                                0x08000405   Thumb Code     0  rt_memclr_w.o(.text)
    __use_two_region_memory                  0x0800044f   Thumb Code     2  heapauxi.o(.text)
    __rt_heap_escrow                         0x08000451   Thumb Code     2  heapauxi.o(.text)
    __rt_heap_expand                         0x08000453   Thumb Code     2  heapauxi.o(.text)
    __read_errno                             0x08000455   Thumb Code    10  _rserrno.o(.text)
    __set_errno                              0x0800045f   Thumb Code    12  _rserrno.o(.text)
    __lib_sel_fp_printf                      0x0800046b   Thumb Code     2  _printf_fp_dec.o(.text)
    _printf_fp_dec_real                      0x0800061d   Thumb Code   620  _printf_fp_dec.o(.text)
    _printf_char_file                        0x08000889   Thumb Code    32  _printf_char_file.o(.text)
    __rt_locale                              0x080008ad   Thumb Code     8  rt_locale_intlibspace.o(.text)
    __aeabi_errno_addr                       0x080008b5   Thumb Code     8  rt_errno_addr_intlibspace.o(.text)
    __errno$intlibspace                      0x080008b5   Thumb Code     0  rt_errno_addr_intlibspace.o(.text)
    __rt_errno_addr$intlibspace              0x080008b5   Thumb Code     0  rt_errno_addr_intlibspace.o(.text)
    _ll_udiv10                               0x080008bd   Thumb Code   138  lludiv10.o(.text)
    _printf_char_common                      0x08000953   Thumb Code    32  _printf_char_common.o(.text)
    _printf_fp_infnan                        0x08000979   Thumb Code   112  _printf_fp_infnan.o(.text)
    _btod_etento                             0x080009f9   Thumb Code   224  bigflt0.o(.text)
    ferror                                   0x08000add   Thumb Code     8  ferror.o(.text)
    _initio                                  0x08000ae5   Thumb Code   210  initio.o(.text)
    _terminateio                             0x08000bb7   Thumb Code    56  initio.o(.text)
    _sys_open                                0x08000c1d   Thumb Code    20  sys_io.o(.text)
    _sys_close                               0x08000c31   Thumb Code    12  sys_io.o(.text)
    _sys_write                               0x08000c3d   Thumb Code    16  sys_io.o(.text)
    _sys_read                                0x08000c4d   Thumb Code    14  sys_io.o(.text)
    _sys_istty                               0x08000c5b   Thumb Code    12  sys_io.o(.text)
    _sys_seek                                0x08000c67   Thumb Code    14  sys_io.o(.text)
    _sys_ensure                              0x08000c75   Thumb Code     2  sys_io.o(.text)
    _sys_flen                                0x08000c77   Thumb Code    12  sys_io.o(.text)
    __user_libspace                          0x08000c85   Thumb Code     8  libspace.o(.text)
    __user_perproc_libspace                  0x08000c85   Thumb Code     0  libspace.o(.text)
    __user_perthread_libspace                0x08000c85   Thumb Code     0  libspace.o(.text)
    __user_setup_stackheap                   0x08000c8d   Thumb Code    74  sys_stackheap_outer.o(.text)
    free                                     0x08000cd7   Thumb Code    78  h1_free.o(.text)
    setvbuf                                  0x08000d25   Thumb Code    70  setvbuf.o(.text)
    freopen                                  0x08000d6d   Thumb Code   158  fopen.o(.text)
    fopen                                    0x08000e0b   Thumb Code    74  fopen.o(.text)
    _fclose_internal                         0x08000e59   Thumb Code    76  fclose.o(.text)
    fclose                                   0x08000e59   Thumb Code     0  fclose.o(.text)
    exit                                     0x08000ea5   Thumb Code    18  exit.o(.text)
    __rt_SIGRTRED                            0x08000eb7   Thumb Code    14  defsig_rtred_outer.o(.text)
    strcmp                                   0x08000ec5   Thumb Code   128  strcmpv7m.o(.text)
    __I$use$semihosting                      0x08000f45   Thumb Code     0  use_no_semi.o(.text)
    __use_no_semihosting_swi                 0x08000f45   Thumb Code     2  use_no_semi.o(.text)
    __semihosting_library_function           0x08000f47   Thumb Code     0  indicate_semi.o(.text)
    __rt_heap_descriptor                     0x08000f49   Thumb Code     8  rt_heap_descriptor_intlibspace.o(.text)
    __use_no_heap                            0x08000f51   Thumb Code     2  hguard.o(.text)
    __heap$guard                             0x08000f53   Thumb Code     2  hguard.o(.text)
    _terminate_user_alloc                    0x08000f55   Thumb Code     2  init_alloc.o(.text)
    _init_user_alloc                         0x08000f57   Thumb Code     2  init_alloc.o(.text)
    __Heap_Full                              0x08000f59   Thumb Code    34  init_alloc.o(.text)
    __Heap_Broken                            0x08000f7b   Thumb Code     6  init_alloc.o(.text)
    _init_alloc                              0x08000f81   Thumb Code    94  init_alloc.o(.text)
    malloc                                   0x08000fdf   Thumb Code    94  h1_alloc.o(.text)
    _fseek                                   0x0800103d   Thumb Code   242  fseek.o(.text)
    fseek                                    0x0800103d   Thumb Code     0  fseek.o(.text)
    _seterr                                  0x08001135   Thumb Code    20  stdio.o(.text)
    _writebuf                                0x08001149   Thumb Code    84  stdio.o(.text)
    _fflush                                  0x0800119d   Thumb Code    70  stdio.o(.text)
    _deferredlazyseek                        0x080011e3   Thumb Code    60  stdio.o(.text)
    __sig_exit                               0x08001225   Thumb Code    10  defsig_exit.o(.text)
    __rt_SIGRTRED_inner                      0x08001231   Thumb Code    14  defsig_rtred_inner.o(.text)
    strlen                                   0x08001265   Thumb Code    62  strlen.o(.text)
    _sys_exit                                0x080012a5   Thumb Code     8  sys_exit.o(.text)
    __Heap_Initialize                        0x080012b1   Thumb Code    10  h1_init.o(.text)
    __Heap_DescSize                          0x080012bb   Thumb Code     4  h1_init.o(.text)
    __Heap_ProvideMemory                     0x080012bf   Thumb Code    52  h1_extend.o(.text)
    _ftell_internal                          0x080012f3   Thumb Code    66  ftell.o(.text)
    ftell                                    0x080012f3   Thumb Code     0  ftell.o(.text)
    __default_signal_display                 0x08001335   Thumb Code    50  defsig_general.o(.text)
    __rt_SIGRTMEM                            0x08001367   Thumb Code    14  defsig_rtmem_outer.o(.text)
    _ttywrch                                 0x08001375   Thumb Code    14  sys_wrch.o(.text)
    __rt_SIGRTMEM_inner                      0x08001385   Thumb Code    22  defsig_rtmem_inner.o(.text)
    _btod_d2e                                0x080013d5   Thumb Code    62  btod.o(CL$$btod_d2e)
    _d2e_denorm_low                          0x08001413   Thumb Code    70  btod.o(CL$$btod_d2e_denorm_low)
    _d2e_norm_op1                            0x08001459   Thumb Code    96  btod.o(CL$$btod_d2e_norm_op1)
    __btod_div_common                        0x080014b9   Thumb Code   696  btod.o(CL$$btod_div_common)
    _e2e                                     0x080017f1   Thumb Code   220  btod.o(CL$$btod_e2e)
    _btod_ediv                               0x080018cd   Thumb Code    42  btod.o(CL$$btod_ediv)
    _btod_emul                               0x080018f7   Thumb Code    42  btod.o(CL$$btod_emul)
    __btod_mult_common                       0x08001921   Thumb Code   580  btod.o(CL$$btod_mult_common)
    BusFault_Handler                         0x08001b65   Thumb Code     2  stm32f4xx_it.o(i.BusFault_Handler)
    DebugMon_Handler                         0x08001b67   Thumb Code     2  stm32f4xx_it.o(i.DebugMon_Handler)
    Error_Handler                            0x08001b69   Thumb Code     4  main.o(i.Error_Handler)
    HAL_DMA_Abort                            0x08001b6d   Thumb Code   146  stm32f4xx_hal_dma.o(i.HAL_DMA_Abort)
    HAL_DMA_Abort_IT                         0x08001bff   Thumb Code    36  stm32f4xx_hal_dma.o(i.HAL_DMA_Abort_IT)
    HAL_Delay                                0x08001c25   Thumb Code    32  stm32f4xx_hal.o(i.HAL_Delay)
    HAL_GPIO_Init                            0x08001c49   Thumb Code   450  stm32f4xx_hal_gpio.o(i.HAL_GPIO_Init)
    HAL_GPIO_WritePin                        0x08001e39   Thumb Code    10  stm32f4xx_hal_gpio.o(i.HAL_GPIO_WritePin)
    HAL_GetTick                              0x08001e45   Thumb Code     6  stm32f4xx_hal.o(i.HAL_GetTick)
    HAL_IncTick                              0x08001e51   Thumb Code    12  stm32f4xx_hal.o(i.HAL_IncTick)
    HAL_Init                                 0x08001e61   Thumb Code    48  stm32f4xx_hal.o(i.HAL_Init)
    HAL_InitTick                             0x08001e95   Thumb Code    54  stm32f4xx_hal.o(i.HAL_InitTick)
    HAL_MspInit                              0x08001ed5   Thumb Code    42  stm32f4xx_hal_msp.o(i.HAL_MspInit)
    HAL_NVIC_EnableIRQ                       0x08001f05   Thumb Code    26  stm32f4xx_hal_cortex.o(i.HAL_NVIC_EnableIRQ)
    HAL_NVIC_SetPriority                     0x08001f21   Thumb Code    60  stm32f4xx_hal_cortex.o(i.HAL_NVIC_SetPriority)
    HAL_NVIC_SetPriorityGrouping             0x08001f61   Thumb Code    26  stm32f4xx_hal_cortex.o(i.HAL_NVIC_SetPriorityGrouping)
    HAL_RCC_ClockConfig                      0x08001f85   Thumb Code   288  stm32f4xx_hal_rcc.o(i.HAL_RCC_ClockConfig)
    HAL_RCC_GetPCLK1Freq                     0x080020b9   Thumb Code    20  stm32f4xx_hal_rcc.o(i.HAL_RCC_GetPCLK1Freq)
    HAL_RCC_GetPCLK2Freq                     0x080020d9   Thumb Code    20  stm32f4xx_hal_rcc.o(i.HAL_RCC_GetPCLK2Freq)
    HAL_RCC_GetSysClockFreq                  0x080020f9   Thumb Code    88  stm32f4xx_hal_rcc.o(i.HAL_RCC_GetSysClockFreq)
    HAL_RCC_OscConfig                        0x0800215d   Thumb Code   856  stm32f4xx_hal_rcc.o(i.HAL_RCC_OscConfig)
    HAL_SPI_GetState                         0x080024c9   Thumb Code     6  stm32f4xx_hal_spi.o(i.HAL_SPI_GetState)
    HAL_SPI_Init                             0x080024cf   Thumb Code   188  stm32f4xx_hal_spi.o(i.HAL_SPI_Init)
    HAL_SPI_MspInit                          0x0800258d   Thumb Code   128  spi.o(i.HAL_SPI_MspInit)
    HAL_SPI_Receive                          0x0800261d   Thumb Code   342  stm32f4xx_hal_spi.o(i.HAL_SPI_Receive)
    HAL_SPI_Transmit                         0x08002773   Thumb Code   366  stm32f4xx_hal_spi.o(i.HAL_SPI_Transmit)
    HAL_SPI_TransmitReceive                  0x080028e1   Thumb Code   494  stm32f4xx_hal_spi.o(i.HAL_SPI_TransmitReceive)
    HAL_SYSTICK_Config                       0x08002acf   Thumb Code    40  stm32f4xx_hal_cortex.o(i.HAL_SYSTICK_Config)
    HAL_TIMEx_BreakCallback                  0x08002af7   Thumb Code     2  stm32f4xx_hal_tim_ex.o(i.HAL_TIMEx_BreakCallback)
    HAL_TIMEx_CommutCallback                 0x08002af9   Thumb Code     2  stm32f4xx_hal_tim_ex.o(i.HAL_TIMEx_CommutCallback)
    HAL_TIMEx_MasterConfigSynchronization    0x08002afd   Thumb Code   116  stm32f4xx_hal_tim_ex.o(i.HAL_TIMEx_MasterConfigSynchronization)
    HAL_TIM_Base_Init                        0x08002b8d   Thumb Code    90  stm32f4xx_hal_tim.o(i.HAL_TIM_Base_Init)
    HAL_TIM_Base_MspInit                     0x08002be9   Thumb Code    50  tim.o(i.HAL_TIM_Base_MspInit)
    HAL_TIM_Base_Start_IT                    0x08002c21   Thumb Code   100  stm32f4xx_hal_tim.o(i.HAL_TIM_Base_Start_IT)
    HAL_TIM_ConfigClockSource                0x08002ca1   Thumb Code   220  stm32f4xx_hal_tim.o(i.HAL_TIM_ConfigClockSource)
    HAL_TIM_IC_CaptureCallback               0x08002d7d   Thumb Code     2  stm32f4xx_hal_tim.o(i.HAL_TIM_IC_CaptureCallback)
    HAL_TIM_IRQHandler                       0x08002d7f   Thumb Code   304  stm32f4xx_hal_tim.o(i.HAL_TIM_IRQHandler)
    HAL_TIM_OC_DelayElapsedCallback          0x08002eaf   Thumb Code     2  stm32f4xx_hal_tim.o(i.HAL_TIM_OC_DelayElapsedCallback)
    HAL_TIM_PWM_PulseFinishedCallback        0x08002eb1   Thumb Code     2  stm32f4xx_hal_tim.o(i.HAL_TIM_PWM_PulseFinishedCallback)
    HAL_TIM_PeriodElapsedCallback            0x08002eb5   Thumb Code   504  main.o(i.HAL_TIM_PeriodElapsedCallback)
    HAL_TIM_TriggerCallback                  0x080030f1   Thumb Code     2  stm32f4xx_hal_tim.o(i.HAL_TIM_TriggerCallback)
    HAL_UARTEx_RxEventCallback               0x080030f3   Thumb Code     2  stm32f4xx_hal_uart.o(i.HAL_UARTEx_RxEventCallback)
    HAL_UART_ErrorCallback                   0x080030f5   Thumb Code     2  stm32f4xx_hal_uart.o(i.HAL_UART_ErrorCallback)
    HAL_UART_IRQHandler                      0x080030f9   Thumb Code   618  stm32f4xx_hal_uart.o(i.HAL_UART_IRQHandler)
    HAL_UART_Init                            0x08003369   Thumb Code   100  stm32f4xx_hal_uart.o(i.HAL_UART_Init)
    HAL_UART_MspInit                         0x080033cd   Thumb Code   108  usart.o(i.HAL_UART_MspInit)
    HAL_UART_RxCpltCallback                  0x08003445   Thumb Code     2  stm32f4xx_hal_uart.o(i.HAL_UART_RxCpltCallback)
    HAL_UART_Transmit                        0x08003447   Thumb Code   160  stm32f4xx_hal_uart.o(i.HAL_UART_Transmit)
    HAL_UART_TxCpltCallback                  0x080034e7   Thumb Code     2  stm32f4xx_hal_uart.o(i.HAL_UART_TxCpltCallback)
    HardFault_Handler                        0x080034e9   Thumb Code     2  stm32f4xx_it.o(i.HardFault_Handler)
    MX_GPIO_Init                             0x080034ed   Thumb Code   148  gpio.o(i.MX_GPIO_Init)
    MX_SPI1_Init                             0x08003591   Thumb Code    60  spi.o(i.MX_SPI1_Init)
    MX_TIM2_Init                             0x080035d5   Thumb Code    94  tim.o(i.MX_TIM2_Init)
    MX_USART2_UART_Init                      0x08003639   Thumb Code    48  usart.o(i.MX_USART2_UART_Init)
    MahonyAHRSupdateIMU                      0x08003671   Thumb Code   592  mahonyahrs.o(i.MahonyAHRSupdateIMU)
    MemManage_Handler                        0x080038d1   Thumb Code     2  stm32f4xx_it.o(i.MemManage_Handler)
    NMI_Handler                              0x080038d3   Thumb Code     2  stm32f4xx_it.o(i.NMI_Handler)
    PendSV_Handler                           0x080038d5   Thumb Code     2  stm32f4xx_it.o(i.PendSV_Handler)
    SVC_Handler                              0x08003a59   Thumb Code     2  stm32f4xx_it.o(i.SVC_Handler)
    SysTick_Handler                          0x08003a5b   Thumb Code     4  stm32f4xx_it.o(i.SysTick_Handler)
    SystemClock_Config                       0x08003a61   Thumb Code   140  main.o(i.SystemClock_Config)
    SystemInit                               0x08003af5   Thumb Code    12  system_stm32f4xx.o(i.SystemInit)
    TIM2_IRQHandler                          0x08003b05   Thumb Code     6  stm32f4xx_it.o(i.TIM2_IRQHandler)
    TIM_Base_SetConfig                       0x08003b11   Thumb Code   170  stm32f4xx_hal_tim.o(i.TIM_Base_SetConfig)
    TIM_ETR_SetConfig                        0x08003be9   Thumb Code    20  stm32f4xx_hal_tim.o(i.TIM_ETR_SetConfig)
    USART2_IRQHandler                        0x08003ef5   Thumb Code     6  stm32f4xx_it.o(i.USART2_IRQHandler)
    UsageFault_Handler                       0x08003f01   Thumb Code     2  stm32f4xx_it.o(i.UsageFault_Handler)
    __ARM_fpclassify                         0x08003f03   Thumb Code    48  fpclassify.o(i.__ARM_fpclassify)
    __ARM_fpclassifyf                        0x08003f33   Thumb Code    38  fpclassifyf.o(i.__ARM_fpclassifyf)
    __hardfp_asinf                           0x08003f79   Thumb Code   258  asinf.o(i.__hardfp_asinf)
    __hardfp_atan2f                          0x080040a5   Thumb Code   502  atan2f.o(i.__hardfp_atan2f)
    __mathlib_flt_infnan                     0x080042f5   Thumb Code     6  funder.o(i.__mathlib_flt_infnan)
    __mathlib_flt_infnan2                    0x080042fb   Thumb Code     6  funder.o(i.__mathlib_flt_infnan2)
    __mathlib_flt_invalid                    0x08004301   Thumb Code    10  funder.o(i.__mathlib_flt_invalid)
    __mathlib_flt_underflow                  0x08004311   Thumb Code    10  funder.o(i.__mathlib_flt_underflow)
    fputc                                    0x08004321   Thumb Code    20  stm32f4xx_hal.o(i.fputc)
    get_angle                                0x08004339   Thumb Code   176  mahonyahrs.o(i.get_angle)
    invSqrt                                  0x080043e9   Thumb Code    40  mahonyahrs.o(i.invSqrt)
    main                                     0x08004415   Thumb Code   290  main.o(i.main)
    sqrtf                                    0x08004555   Thumb Code    62  sqrtf.o(i.sqrtf)
    _get_lc_numeric                          0x08004595   Thumb Code    44  lc_numeric_c.o(locale$$code)
    __fpl_dretinf                            0x080045c1   Thumb Code    12  dretinf.o(x$fpl$dretinf)
    __aeabi_f2d                              0x080045cd   Thumb Code     0  f2d.o(x$fpl$f2d)
    _f2d                                     0x080045cd   Thumb Code    86  f2d.o(x$fpl$f2d)
    __fpl_fnaninf                            0x08004623   Thumb Code   140  fnaninf.o(x$fpl$fnaninf)
    _fp_init                                 0x080046af   Thumb Code    10  fpinit.o(x$fpl$fpinit)
    __fplib_config_fpu_vfp                   0x080046b7   Thumb Code     0  fpinit.o(x$fpl$fpinit)
    __fplib_config_pureend_doubles           0x080046b7   Thumb Code     0  fpinit.o(x$fpl$fpinit)
    _printf_fp_dec                           0x080046b9   Thumb Code     4  printf1.o(x$fpl$printf1)
    AHBPrescTable                            0x080046bc   Data          16  system_stm32f4xx.o(.constdata)
    __I$use$fp                               0x080046bc   Number         0  usenofp.o(x$fpl$usenofp)
    APBPrescTable                            0x080046cc   Data           8  system_stm32f4xx.o(.constdata)
    __stdin_name                             0x08004768   Data           4  sys_io.o(.constdata)
    __stdout_name                            0x0800476c   Data           4  sys_io.o(.constdata)
    __stderr_name                            0x08004770   Data           4  sys_io.o(.constdata)
    Region$$Table$$Base                      0x08004774   Number         0  anon$$obj.o(Region$$Table)
    Region$$Table$$Limit                     0x08004794   Number         0  anon$$obj.o(Region$$Table)
    i                                        0x20000000   Data           1  main.o(.data)
    pTxData                                  0x20000001   Data           1  main.o(.data)
    pRxData                                  0x20000002   Data           1  main.o(.data)
    BMI088_ACCEL_SEN                         0x20000004   Data           4  main.o(.data)
    BMI088_GYRO_SEN                          0x20000008   Data           4  main.o(.data)
    buf                                      0x2000000c   Data           8  main.o(.data)
    quat                                     0x20000014   Data          16  main.o(.data)
    uwTickFreq                               0x20000024   Data           1  stm32f4xx_hal.o(.data)
    uwTickPrio                               0x20000028   Data           4  stm32f4xx_hal.o(.data)
    uwTick                                   0x2000002c   Data           4  stm32f4xx_hal.o(.data)
    SystemCoreClock                          0x20000030   Data           4  system_stm32f4xx.o(.data)
    twoKp                                    0x20000034   Data           4  mahonyahrs.o(.data)
    twoKi                                    0x20000038   Data           4  mahonyahrs.o(.data)
    q0                                       0x2000003c   Data           4  mahonyahrs.o(.data)
    q1                                       0x20000040   Data           4  mahonyahrs.o(.data)
    q2                                       0x20000044   Data           4  mahonyahrs.o(.data)
    q3                                       0x20000048   Data           4  mahonyahrs.o(.data)
    integralFBx                              0x2000004c   Data           4  mahonyahrs.o(.data)
    integralFBy                              0x20000050   Data           4  mahonyahrs.o(.data)
    integralFBz                              0x20000054   Data           4  mahonyahrs.o(.data)
    __aeabi_stdin                            0x20000058   Data           4  stdio_streams.o(.data)
    __aeabi_stdout                           0x2000005c   Data           4  stdio_streams.o(.data)
    __aeabi_stderr                           0x20000060   Data           4  stdio_streams.o(.data)
    INS_angle                                0x20000064   Data          12  main.o(.bss)
    accelerometer                            0x20000070   Data          12  main.o(.bss)
    gyro                                     0x2000007c   Data          12  main.o(.bss)
    hspi1                                    0x20000088   Data          88  spi.o(.bss)
    htim2                                    0x200000e0   Data          72  tim.o(.bss)
    huart2                                   0x20000128   Data          72  usart.o(.bss)
    __stdin                                  0x20000170   Data          84  stdio_streams.o(.bss)
    __stdout                                 0x200001c4   Data          84  stdio_streams.o(.bss)
    __stderr                                 0x20000218   Data          84  stdio_streams.o(.bss)
    __libspace_start                         0x2000026c   Data          96  libspace.o(.bss)
    __temporary_stack_top$libspace           0x200002cc   Data           0  libspace.o(.bss)



==============================================================================

Memory Map of the image

  Image Entry point : 0x08000189

  Load Region LR_IROM1 (Base: 0x08000000, Size: 0x00004814, Max: 0x00100000, ABSOLUTE)

    Execution Region ER_IROM1 (Exec base: 0x08000000, Load base: 0x08000000, Size: 0x000047b0, Max: 0x00100000, ABSOLUTE)

    Exec Addr    Load Addr    Size         Type   Attr      Idx    E Section Name        Object

    0x08000000   0x08000000   0x00000188   Data   RO            3    RESET               startup_stm32f407xx.o
    0x08000188   0x08000188   0x00000008   Code   RO         3467  * !!!main             c_w.l(__main.o)
    0x08000190   0x08000190   0x00000034   Code   RO         3904    !!!scatter          c_w.l(__scatter.o)
    0x080001c4   0x080001c4   0x0000001a   Code   RO         3906    !!handler_copy      c_w.l(__scatter_copy.o)
    0x080001de   0x080001de   0x00000002   PAD
    0x080001e0   0x080001e0   0x0000001c   Code   RO         3908    !!handler_zi        c_w.l(__scatter_zi.o)
    0x080001fc   0x080001fc   0x00000000   Code   RO         3462    .ARM.Collect$$_printf_percent$$00000000  c_w.l(_printf_percent.o)
    0x080001fc   0x080001fc   0x00000006   Code   RO         3461    .ARM.Collect$$_printf_percent$$00000003  c_w.l(_printf_f.o)
    0x08000202   0x08000202   0x00000004   Code   RO         3508    .ARM.Collect$$_printf_percent$$00000017  c_w.l(_printf_percent_end.o)
    0x08000206   0x08000206   0x00000002   Code   RO         3719    .ARM.Collect$$libinit$$00000000  c_w.l(libinit.o)
    0x08000208   0x08000208   0x00000004   Code   RO         3720    .ARM.Collect$$libinit$$00000001  c_w.l(libinit2.o)
    0x0800020c   0x0800020c   0x00000000   Code   RO         3723    .ARM.Collect$$libinit$$00000004  c_w.l(libinit2.o)
    0x0800020c   0x0800020c   0x00000008   Code   RO         3724    .ARM.Collect$$libinit$$00000005  c_w.l(libinit2.o)
    0x08000214   0x08000214   0x00000000   Code   RO         3726    .ARM.Collect$$libinit$$0000000A  c_w.l(libinit2.o)
    0x08000214   0x08000214   0x00000000   Code   RO         3728    .ARM.Collect$$libinit$$0000000C  c_w.l(libinit2.o)
    0x08000214   0x08000214   0x00000000   Code   RO         3730    .ARM.Collect$$libinit$$0000000E  c_w.l(libinit2.o)
    0x08000214   0x08000214   0x00000006   Code   RO         3731    .ARM.Collect$$libinit$$0000000F  c_w.l(libinit2.o)
    0x0800021a   0x0800021a   0x00000000   Code   RO         3733    .ARM.Collect$$libinit$$00000011  c_w.l(libinit2.o)
    0x0800021a   0x0800021a   0x00000000   Code   RO         3735    .ARM.Collect$$libinit$$00000013  c_w.l(libinit2.o)
    0x0800021a   0x0800021a   0x00000000   Code   RO         3737    .ARM.Collect$$libinit$$00000015  c_w.l(libinit2.o)
    0x0800021a   0x0800021a   0x0000000a   Code   RO         3738    .ARM.Collect$$libinit$$00000016  c_w.l(libinit2.o)
    0x08000224   0x08000224   0x00000000   Code   RO         3739    .ARM.Collect$$libinit$$00000017  c_w.l(libinit2.o)
    0x08000224   0x08000224   0x00000000   Code   RO         3741    .ARM.Collect$$libinit$$00000019  c_w.l(libinit2.o)
    0x08000224   0x08000224   0x00000000   Code   RO         3743    .ARM.Collect$$libinit$$0000001B  c_w.l(libinit2.o)
    0x08000224   0x08000224   0x00000000   Code   RO         3745    .ARM.Collect$$libinit$$0000001D  c_w.l(libinit2.o)
    0x08000224   0x08000224   0x00000000   Code   RO         3747    .ARM.Collect$$libinit$$0000001F  c_w.l(libinit2.o)
    0x08000224   0x08000224   0x00000000   Code   RO         3749    .ARM.Collect$$libinit$$00000021  c_w.l(libinit2.o)
    0x08000224   0x08000224   0x00000000   Code   RO         3751    .ARM.Collect$$libinit$$00000023  c_w.l(libinit2.o)
    0x08000224   0x08000224   0x00000004   Code   RO         3752    .ARM.Collect$$libinit$$00000024  c_w.l(libinit2.o)
    0x08000228   0x08000228   0x00000000   Code   RO         3753    .ARM.Collect$$libinit$$00000025  c_w.l(libinit2.o)
    0x08000228   0x08000228   0x00000000   Code   RO         3757    .ARM.Collect$$libinit$$0000002C  c_w.l(libinit2.o)
    0x08000228   0x08000228   0x00000000   Code   RO         3759    .ARM.Collect$$libinit$$0000002E  c_w.l(libinit2.o)
    0x08000228   0x08000228   0x00000000   Code   RO         3761    .ARM.Collect$$libinit$$00000030  c_w.l(libinit2.o)
    0x08000228   0x08000228   0x00000000   Code   RO         3763    .ARM.Collect$$libinit$$00000032  c_w.l(libinit2.o)
    0x08000228   0x08000228   0x00000002   Code   RO         3764    .ARM.Collect$$libinit$$00000033  c_w.l(libinit2.o)
    0x0800022a   0x0800022a   0x00000002   Code   RO         3885    .ARM.Collect$$libshutdown$$00000000  c_w.l(libshutdown.o)
    0x0800022c   0x0800022c   0x00000000   Code   RO         3766    .ARM.Collect$$libshutdown$$00000002  c_w.l(libshutdown2.o)
    0x0800022c   0x0800022c   0x00000004   Code   RO         3767    .ARM.Collect$$libshutdown$$00000003  c_w.l(libshutdown2.o)
    0x08000230   0x08000230   0x00000000   Code   RO         3768    .ARM.Collect$$libshutdown$$00000004  c_w.l(libshutdown2.o)
    0x08000230   0x08000230   0x00000000   Code   RO         3771    .ARM.Collect$$libshutdown$$00000007  c_w.l(libshutdown2.o)
    0x08000230   0x08000230   0x00000000   Code   RO         3774    .ARM.Collect$$libshutdown$$0000000A  c_w.l(libshutdown2.o)
    0x08000230   0x08000230   0x00000000   Code   RO         3776    .ARM.Collect$$libshutdown$$0000000C  c_w.l(libshutdown2.o)
    0x08000230   0x08000230   0x00000000   Code   RO         3779    .ARM.Collect$$libshutdown$$0000000F  c_w.l(libshutdown2.o)
    0x08000230   0x08000230   0x00000002   Code   RO         3780    .ARM.Collect$$libshutdown$$00000010  c_w.l(libshutdown2.o)
    0x08000232   0x08000232   0x00000000   Code   RO         3497    .ARM.Collect$$rtentry$$00000000  c_w.l(__rtentry.o)
    0x08000232   0x08000232   0x00000000   Code   RO         3549    .ARM.Collect$$rtentry$$00000002  c_w.l(__rtentry2.o)
    0x08000232   0x08000232   0x00000006   Code   RO         3561    .ARM.Collect$$rtentry$$00000004  c_w.l(__rtentry4.o)
    0x08000238   0x08000238   0x00000000   Code   RO         3551    .ARM.Collect$$rtentry$$00000009  c_w.l(__rtentry2.o)
    0x08000238   0x08000238   0x00000004   Code   RO         3552    .ARM.Collect$$rtentry$$0000000A  c_w.l(__rtentry2.o)
    0x0800023c   0x0800023c   0x00000000   Code   RO         3554    .ARM.Collect$$rtentry$$0000000C  c_w.l(__rtentry2.o)
    0x0800023c   0x0800023c   0x00000008   Code   RO         3555    .ARM.Collect$$rtentry$$0000000D  c_w.l(__rtentry2.o)
    0x08000244   0x08000244   0x00000002   Code   RO         3784    .ARM.Collect$$rtexit$$00000000  c_w.l(rtexit.o)
    0x08000246   0x08000246   0x00000000   Code   RO         3836    .ARM.Collect$$rtexit$$00000002  c_w.l(rtexit2.o)
    0x08000246   0x08000246   0x00000004   Code   RO         3837    .ARM.Collect$$rtexit$$00000003  c_w.l(rtexit2.o)
    0x0800024a   0x0800024a   0x00000006   Code   RO         3838    .ARM.Collect$$rtexit$$00000004  c_w.l(rtexit2.o)
    0x08000250   0x08000250   0x00000000   Code   RO         3842    .emb_text           c_w.l(maybetermalloc1.o)
    0x08000250   0x08000250   0x00000040   Code   RO            4    .text               startup_stm32f407xx.o
    0x08000290   0x08000290   0x000000ee   Code   RO         3433    .text               c_w.l(lludivv7m.o)
    0x0800037e   0x0800037e   0x00000002   PAD
    0x08000380   0x08000380   0x00000018   Code   RO         3437    .text               c_w.l(noretval__2printf.o)
    0x08000398   0x08000398   0x00000068   Code   RO         3439    .text               c_w.l(__printf.o)
    0x08000400   0x08000400   0x0000004e   Code   RO         3463    .text               c_w.l(rt_memclr_w.o)
    0x0800044e   0x0800044e   0x00000006   Code   RO         3465    .text               c_w.l(heapauxi.o)
    0x08000454   0x08000454   0x00000016   Code   RO         3502    .text               c_w.l(_rserrno.o)
    0x0800046a   0x0800046a   0x0000041e   Code   RO         3504    .text               c_w.l(_printf_fp_dec.o)
    0x08000888   0x08000888   0x00000024   Code   RO         3506    .text               c_w.l(_printf_char_file.o)
    0x080008ac   0x080008ac   0x00000008   Code   RO         3568    .text               c_w.l(rt_locale_intlibspace.o)
    0x080008b4   0x080008b4   0x00000008   Code   RO         3573    .text               c_w.l(rt_errno_addr_intlibspace.o)
    0x080008bc   0x080008bc   0x0000008a   Code   RO         3575    .text               c_w.l(lludiv10.o)
    0x08000946   0x08000946   0x00000002   PAD
    0x08000948   0x08000948   0x00000030   Code   RO         3577    .text               c_w.l(_printf_char_common.o)
    0x08000978   0x08000978   0x00000080   Code   RO         3579    .text               c_w.l(_printf_fp_infnan.o)
    0x080009f8   0x080009f8   0x000000e4   Code   RO         3581    .text               c_w.l(bigflt0.o)
    0x08000adc   0x08000adc   0x00000008   Code   RO         3606    .text               c_w.l(ferror.o)
    0x08000ae4   0x08000ae4   0x00000138   Code   RO         3608    .text               c_w.l(initio.o)
    0x08000c1c   0x08000c1c   0x00000066   Code   RO         3621    .text               c_w.l(sys_io.o)
    0x08000c82   0x08000c82   0x00000002   PAD
    0x08000c84   0x08000c84   0x00000008   Code   RO         3626    .text               c_w.l(libspace.o)
    0x08000c8c   0x08000c8c   0x0000004a   Code   RO         3631    .text               c_w.l(sys_stackheap_outer.o)
    0x08000cd6   0x08000cd6   0x0000004e   Code   RO         3635    .text               c_w.l(h1_free.o)
    0x08000d24   0x08000d24   0x00000046   Code   RO         3691    .text               c_w.l(setvbuf.o)
    0x08000d6a   0x08000d6a   0x00000002   PAD
    0x08000d6c   0x08000d6c   0x000000ec   Code   RO         3694    .text               c_w.l(fopen.o)
    0x08000e58   0x08000e58   0x0000004c   Code   RO         3696    .text               c_w.l(fclose.o)
    0x08000ea4   0x08000ea4   0x00000012   Code   RO         3702    .text               c_w.l(exit.o)
    0x08000eb6   0x08000eb6   0x0000000e   Code   RO         3708    .text               c_w.l(defsig_rtred_outer.o)
    0x08000ec4   0x08000ec4   0x00000080   Code   RO         3712    .text               c_w.l(strcmpv7m.o)
    0x08000f44   0x08000f44   0x00000002   Code   RO         3781    .text               c_w.l(use_no_semi.o)
    0x08000f46   0x08000f46   0x00000000   Code   RO         3783    .text               c_w.l(indicate_semi.o)
    0x08000f46   0x08000f46   0x00000002   PAD
    0x08000f48   0x08000f48   0x00000008   Code   RO         3791    .text               c_w.l(rt_heap_descriptor_intlibspace.o)
    0x08000f50   0x08000f50   0x00000004   Code   RO         3793    .text               c_w.l(hguard.o)
    0x08000f54   0x08000f54   0x0000008a   Code   RO         3795    .text               c_w.l(init_alloc.o)
    0x08000fde   0x08000fde   0x0000005e   Code   RO         3801    .text               c_w.l(h1_alloc.o)
    0x0800103c   0x0800103c   0x000000f8   Code   RO         3815    .text               c_w.l(fseek.o)
    0x08001134   0x08001134   0x000000f0   Code   RO         3817    .text               c_w.l(stdio.o)
    0x08001224   0x08001224   0x0000000a   Code   RO         3819    .text               c_w.l(defsig_exit.o)
    0x0800122e   0x0800122e   0x00000002   PAD
    0x08001230   0x08001230   0x00000034   Code   RO         3823    .text               c_w.l(defsig_rtred_inner.o)
    0x08001264   0x08001264   0x0000003e   Code   RO         3825    .text               c_w.l(strlen.o)
    0x080012a2   0x080012a2   0x00000002   PAD
    0x080012a4   0x080012a4   0x0000000c   Code   RO         3833    .text               c_w.l(sys_exit.o)
    0x080012b0   0x080012b0   0x0000000e   Code   RO         3844    .text               c_w.l(h1_init.o)
    0x080012be   0x080012be   0x00000034   Code   RO         3846    .text               c_w.l(h1_extend.o)
    0x080012f2   0x080012f2   0x00000042   Code   RO         3852    .text               c_w.l(ftell.o)
    0x08001334   0x08001334   0x00000032   Code   RO         3856    .text               c_w.l(defsig_general.o)
    0x08001366   0x08001366   0x0000000e   Code   RO         3858    .text               c_w.l(defsig_rtmem_outer.o)
    0x08001374   0x08001374   0x0000000e   Code   RO         3871    .text               c_w.l(sys_wrch.o)
    0x08001382   0x08001382   0x00000002   PAD
    0x08001384   0x08001384   0x00000050   Code   RO         3879    .text               c_w.l(defsig_rtmem_inner.o)
    0x080013d4   0x080013d4   0x0000003e   Code   RO         3584    CL$$btod_d2e        c_w.l(btod.o)
    0x08001412   0x08001412   0x00000046   Code   RO         3586    CL$$btod_d2e_denorm_low  c_w.l(btod.o)
    0x08001458   0x08001458   0x00000060   Code   RO         3585    CL$$btod_d2e_norm_op1  c_w.l(btod.o)
    0x080014b8   0x080014b8   0x00000338   Code   RO         3594    CL$$btod_div_common  c_w.l(btod.o)
    0x080017f0   0x080017f0   0x000000dc   Code   RO         3591    CL$$btod_e2e        c_w.l(btod.o)
    0x080018cc   0x080018cc   0x0000002a   Code   RO         3588    CL$$btod_ediv       c_w.l(btod.o)
    0x080018f6   0x080018f6   0x0000002a   Code   RO         3587    CL$$btod_emul       c_w.l(btod.o)
    0x08001920   0x08001920   0x00000244   Code   RO         3593    CL$$btod_mult_common  c_w.l(btod.o)
    0x08001b64   0x08001b64   0x00000002   Code   RO          429    i.BusFault_Handler  stm32f4xx_it.o
    0x08001b66   0x08001b66   0x00000002   Code   RO          430    i.DebugMon_Handler  stm32f4xx_it.o
    0x08001b68   0x08001b68   0x00000004   Code   RO           13    i.Error_Handler     main.o
    0x08001b6c   0x08001b6c   0x00000092   Code   RO         1325    i.HAL_DMA_Abort     stm32f4xx_hal_dma.o
    0x08001bfe   0x08001bfe   0x00000024   Code   RO         1326    i.HAL_DMA_Abort_IT  stm32f4xx_hal_dma.o
    0x08001c22   0x08001c22   0x00000002   PAD
    0x08001c24   0x08001c24   0x00000024   Code   RO         1750    i.HAL_Delay         stm32f4xx_hal.o
    0x08001c48   0x08001c48   0x000001f0   Code   RO         1218    i.HAL_GPIO_Init     stm32f4xx_hal_gpio.o
    0x08001e38   0x08001e38   0x0000000a   Code   RO         1222    i.HAL_GPIO_WritePin  stm32f4xx_hal_gpio.o
    0x08001e42   0x08001e42   0x00000002   PAD
    0x08001e44   0x08001e44   0x0000000c   Code   RO         1756    i.HAL_GetTick       stm32f4xx_hal.o
    0x08001e50   0x08001e50   0x00000010   Code   RO         1762    i.HAL_IncTick       stm32f4xx_hal.o
    0x08001e60   0x08001e60   0x00000034   Code   RO         1763    i.HAL_Init          stm32f4xx_hal.o
    0x08001e94   0x08001e94   0x00000040   Code   RO         1764    i.HAL_InitTick      stm32f4xx_hal.o
    0x08001ed4   0x08001ed4   0x00000030   Code   RO          517    i.HAL_MspInit       stm32f4xx_hal_msp.o
    0x08001f04   0x08001f04   0x0000001a   Code   RO         1608    i.HAL_NVIC_EnableIRQ  stm32f4xx_hal_cortex.o
    0x08001f1e   0x08001f1e   0x00000002   PAD
    0x08001f20   0x08001f20   0x00000040   Code   RO         1614    i.HAL_NVIC_SetPriority  stm32f4xx_hal_cortex.o
    0x08001f60   0x08001f60   0x00000024   Code   RO         1615    i.HAL_NVIC_SetPriorityGrouping  stm32f4xx_hal_cortex.o
    0x08001f84   0x08001f84   0x00000134   Code   RO          864    i.HAL_RCC_ClockConfig  stm32f4xx_hal_rcc.o
    0x080020b8   0x080020b8   0x00000020   Code   RO          871    i.HAL_RCC_GetPCLK1Freq  stm32f4xx_hal_rcc.o
    0x080020d8   0x080020d8   0x00000020   Code   RO          872    i.HAL_RCC_GetPCLK2Freq  stm32f4xx_hal_rcc.o
    0x080020f8   0x080020f8   0x00000064   Code   RO          873    i.HAL_RCC_GetSysClockFreq  stm32f4xx_hal_rcc.o
    0x0800215c   0x0800215c   0x0000036c   Code   RO          876    i.HAL_RCC_OscConfig  stm32f4xx_hal_rcc.o
    0x080024c8   0x080024c8   0x00000006   Code   RO          550    i.HAL_SPI_GetState  stm32f4xx_hal_spi.o
    0x080024ce   0x080024ce   0x000000bc   Code   RO          552    i.HAL_SPI_Init      stm32f4xx_hal_spi.o
    0x0800258a   0x0800258a   0x00000002   PAD
    0x0800258c   0x0800258c   0x00000090   Code   RO          304    i.HAL_SPI_MspInit   spi.o
    0x0800261c   0x0800261c   0x00000156   Code   RO          555    i.HAL_SPI_Receive   stm32f4xx_hal_spi.o
    0x08002772   0x08002772   0x0000016e   Code   RO          560    i.HAL_SPI_Transmit  stm32f4xx_hal_spi.o
    0x080028e0   0x080028e0   0x000001ee   Code   RO          561    i.HAL_SPI_TransmitReceive  stm32f4xx_hal_spi.o
    0x08002ace   0x08002ace   0x00000028   Code   RO         1619    i.HAL_SYSTICK_Config  stm32f4xx_hal_cortex.o
    0x08002af6   0x08002af6   0x00000002   Code   RO         2720    i.HAL_TIMEx_BreakCallback  stm32f4xx_hal_tim_ex.o
    0x08002af8   0x08002af8   0x00000002   Code   RO         2721    i.HAL_TIMEx_CommutCallback  stm32f4xx_hal_tim_ex.o
    0x08002afa   0x08002afa   0x00000002   PAD
    0x08002afc   0x08002afc   0x00000090   Code   RO         2739    i.HAL_TIMEx_MasterConfigSynchronization  stm32f4xx_hal_tim_ex.o
    0x08002b8c   0x08002b8c   0x0000005a   Code   RO         2016    i.HAL_TIM_Base_Init  stm32f4xx_hal_tim.o
    0x08002be6   0x08002be6   0x00000002   PAD
    0x08002be8   0x08002be8   0x00000038   Code   RO          346    i.HAL_TIM_Base_MspInit  tim.o
    0x08002c20   0x08002c20   0x00000080   Code   RO         2021    i.HAL_TIM_Base_Start_IT  stm32f4xx_hal_tim.o
    0x08002ca0   0x08002ca0   0x000000dc   Code   RO         2025    i.HAL_TIM_ConfigClockSource  stm32f4xx_hal_tim.o
    0x08002d7c   0x08002d7c   0x00000002   Code   RO         2050    i.HAL_TIM_IC_CaptureCallback  stm32f4xx_hal_tim.o
    0x08002d7e   0x08002d7e   0x00000130   Code   RO         2064    i.HAL_TIM_IRQHandler  stm32f4xx_hal_tim.o
    0x08002eae   0x08002eae   0x00000002   Code   RO         2067    i.HAL_TIM_OC_DelayElapsedCallback  stm32f4xx_hal_tim.o
    0x08002eb0   0x08002eb0   0x00000002   Code   RO         2094    i.HAL_TIM_PWM_PulseFinishedCallback  stm32f4xx_hal_tim.o
    0x08002eb2   0x08002eb2   0x00000002   PAD
    0x08002eb4   0x08002eb4   0x0000023c   Code   RO           14    i.HAL_TIM_PeriodElapsedCallback  main.o
    0x080030f0   0x080030f0   0x00000002   Code   RO         2107    i.HAL_TIM_TriggerCallback  stm32f4xx_hal_tim.o
    0x080030f2   0x080030f2   0x00000002   Code   RO         2999    i.HAL_UARTEx_RxEventCallback  stm32f4xx_hal_uart.o
    0x080030f4   0x080030f4   0x00000002   Code   RO         3013    i.HAL_UART_ErrorCallback  stm32f4xx_hal_uart.o
    0x080030f6   0x080030f6   0x00000002   PAD
    0x080030f8   0x080030f8   0x00000270   Code   RO         3016    i.HAL_UART_IRQHandler  stm32f4xx_hal_uart.o
    0x08003368   0x08003368   0x00000064   Code   RO         3017    i.HAL_UART_Init     stm32f4xx_hal_uart.o
    0x080033cc   0x080033cc   0x00000078   Code   RO          388    i.HAL_UART_MspInit  usart.o
    0x08003444   0x08003444   0x00000002   Code   RO         3023    i.HAL_UART_RxCpltCallback  stm32f4xx_hal_uart.o
    0x08003446   0x08003446   0x000000a0   Code   RO         3025    i.HAL_UART_Transmit  stm32f4xx_hal_uart.o
    0x080034e6   0x080034e6   0x00000002   Code   RO         3028    i.HAL_UART_TxCpltCallback  stm32f4xx_hal_uart.o
    0x080034e8   0x080034e8   0x00000002   Code   RO          431    i.HardFault_Handler  stm32f4xx_it.o
    0x080034ea   0x080034ea   0x00000002   PAD
    0x080034ec   0x080034ec   0x000000a4   Code   RO          183    i.MX_GPIO_Init      gpio.o
    0x08003590   0x08003590   0x00000044   Code   RO          305    i.MX_SPI1_Init      spi.o
    0x080035d4   0x080035d4   0x00000064   Code   RO          347    i.MX_TIM2_Init      tim.o
    0x08003638   0x08003638   0x00000038   Code   RO          389    i.MX_USART2_UART_Init  usart.o
    0x08003670   0x08003670   0x00000260   Code   RO         3388    i.MahonyAHRSupdateIMU  mahonyahrs.o
    0x080038d0   0x080038d0   0x00000002   Code   RO          432    i.MemManage_Handler  stm32f4xx_it.o
    0x080038d2   0x080038d2   0x00000002   Code   RO          433    i.NMI_Handler       stm32f4xx_it.o
    0x080038d4   0x080038d4   0x00000002   Code   RO          434    i.PendSV_Handler    stm32f4xx_it.o
    0x080038d6   0x080038d6   0x0000005c   Code   RO          589    i.SPI_EndRxTransaction  stm32f4xx_hal_spi.o
    0x08003932   0x08003932   0x00000002   PAD
    0x08003934   0x08003934   0x0000006c   Code   RO          590    i.SPI_EndRxTxTransaction  stm32f4xx_hal_spi.o
    0x080039a0   0x080039a0   0x000000b8   Code   RO          595    i.SPI_WaitFlagStateUntilTimeout  stm32f4xx_hal_spi.o
    0x08003a58   0x08003a58   0x00000002   Code   RO          435    i.SVC_Handler       stm32f4xx_it.o
    0x08003a5a   0x08003a5a   0x00000004   Code   RO          436    i.SysTick_Handler   stm32f4xx_it.o
    0x08003a5e   0x08003a5e   0x00000002   PAD
    0x08003a60   0x08003a60   0x00000094   Code   RO           15    i.SystemClock_Config  main.o
    0x08003af4   0x08003af4   0x00000010   Code   RO         3351    i.SystemInit        system_stm32f4xx.o
    0x08003b04   0x08003b04   0x0000000c   Code   RO          437    i.TIM2_IRQHandler   stm32f4xx_it.o
    0x08003b10   0x08003b10   0x000000d8   Code   RO         2109    i.TIM_Base_SetConfig  stm32f4xx_hal_tim.o
    0x08003be8   0x08003be8   0x00000014   Code   RO         2120    i.TIM_ETR_SetConfig  stm32f4xx_hal_tim.o
    0x08003bfc   0x08003bfc   0x00000010   Code   RO         2121    i.TIM_ITRx_SetConfig  stm32f4xx_hal_tim.o
    0x08003c0c   0x08003c0c   0x00000022   Code   RO         2127    i.TIM_TI1_ConfigInputStage  stm32f4xx_hal_tim.o
    0x08003c2e   0x08003c2e   0x00000024   Code   RO         2129    i.TIM_TI2_ConfigInputStage  stm32f4xx_hal_tim.o
    0x08003c52   0x08003c52   0x00000010   Code   RO         3030    i.UART_DMAAbortOnError  stm32f4xx_hal_uart.o
    0x08003c62   0x08003c62   0x0000004e   Code   RO         3040    i.UART_EndRxTransfer  stm32f4xx_hal_uart.o
    0x08003cb0   0x08003cb0   0x000000c2   Code   RO         3042    i.UART_Receive_IT   stm32f4xx_hal_uart.o
    0x08003d72   0x08003d72   0x00000002   PAD
    0x08003d74   0x08003d74   0x0000010c   Code   RO         3043    i.UART_SetConfig    stm32f4xx_hal_uart.o
    0x08003e80   0x08003e80   0x00000072   Code   RO         3046    i.UART_WaitOnFlagUntilTimeout  stm32f4xx_hal_uart.o
    0x08003ef2   0x08003ef2   0x00000002   PAD
    0x08003ef4   0x08003ef4   0x0000000c   Code   RO          438    i.USART2_IRQHandler  stm32f4xx_it.o
    0x08003f00   0x08003f00   0x00000002   Code   RO          439    i.UsageFault_Handler  stm32f4xx_it.o
    0x08003f02   0x08003f02   0x00000030   Code   RO         3619    i.__ARM_fpclassify  m_wm.l(fpclassify.o)
    0x08003f32   0x08003f32   0x00000026   Code   RO         3520    i.__ARM_fpclassifyf  m_wm.l(fpclassifyf.o)
    0x08003f58   0x08003f58   0x00000020   Code   RO         1621    i.__NVIC_SetPriority  stm32f4xx_hal_cortex.o
    0x08003f78   0x08003f78   0x0000012c   Code   RO         3473    i.__hardfp_asinf    m_wm.l(asinf.o)
    0x080040a4   0x080040a4   0x00000250   Code   RO         3485    i.__hardfp_atan2f   m_wm.l(atan2f.o)
    0x080042f4   0x080042f4   0x00000006   Code   RO         3523    i.__mathlib_flt_infnan  m_wm.l(funder.o)
    0x080042fa   0x080042fa   0x00000006   Code   RO         3524    i.__mathlib_flt_infnan2  m_wm.l(funder.o)
    0x08004300   0x08004300   0x00000010   Code   RO         3525    i.__mathlib_flt_invalid  m_wm.l(funder.o)
    0x08004310   0x08004310   0x00000010   Code   RO         3528    i.__mathlib_flt_underflow  m_wm.l(funder.o)
    0x08004320   0x08004320   0x00000018   Code   RO         1771    i.fputc             stm32f4xx_hal.o
    0x08004338   0x08004338   0x000000b0   Code   RO         3389    i.get_angle         mahonyahrs.o
    0x080043e8   0x080043e8   0x0000002c   Code   RO         3390    i.invSqrt           mahonyahrs.o
    0x08004414   0x08004414   0x00000140   Code   RO           16    i.main              main.o
    0x08004554   0x08004554   0x0000003e   Code   RO         3538    i.sqrtf             m_wm.l(sqrtf.o)
    0x08004592   0x08004592   0x00000002   PAD
    0x08004594   0x08004594   0x0000002c   Code   RO         3615    locale$$code        c_w.l(lc_numeric_c.o)
    0x080045c0   0x080045c0   0x0000000c   Code   RO         3515    x$fpl$dretinf       fz_wm.l(dretinf.o)
    0x080045cc   0x080045cc   0x00000056   Code   RO         3469    x$fpl$f2d           fz_wm.l(f2d.o)
    0x08004622   0x08004622   0x0000008c   Code   RO         3517    x$fpl$fnaninf       fz_wm.l(fnaninf.o)
    0x080046ae   0x080046ae   0x0000000a   Code   RO         3831    x$fpl$fpinit        fz_wm.l(fpinit.o)
    0x080046b8   0x080046b8   0x00000004   Code   RO         3471    x$fpl$printf1       fz_wm.l(printf1.o)
    0x080046bc   0x080046bc   0x00000000   Code   RO         3519    x$fpl$usenofp       fz_wm.l(usenofp.o)
    0x080046bc   0x080046bc   0x00000010   Data   RO         3352    .constdata          system_stm32f4xx.o
    0x080046cc   0x080046cc   0x00000008   Data   RO         3353    .constdata          system_stm32f4xx.o
    0x080046d4   0x080046d4   0x00000094   Data   RO         3582    .constdata          c_w.l(bigflt0.o)
    0x08004768   0x08004768   0x00000004   Data   RO         3622    .constdata          c_w.l(sys_io.o)
    0x0800476c   0x0800476c   0x00000004   Data   RO         3623    .constdata          c_w.l(sys_io.o)
    0x08004770   0x08004770   0x00000004   Data   RO         3624    .constdata          c_w.l(sys_io.o)
    0x08004774   0x08004774   0x00000020   Data   RO         3902    Region$$Table       anon$$obj.o
    0x08004794   0x08004794   0x0000001c   Data   RO         3614    locale$$data        c_w.l(lc_numeric_c.o)


    Execution Region RW_IRAM1 (Exec base: 0x20000000, Load base: 0x080047b0, Size: 0x000008d0, Max: 0x0001c000, ABSOLUTE)

    Exec Addr    Load Addr    Size         Type   Attr      Idx    E Section Name        Object

    0x20000000   0x080047b0   0x00000024   Data   RW           19    .data               main.o
    0x20000024   0x080047d4   0x0000000c   Data   RW         1772    .data               stm32f4xx_hal.o
    0x20000030   0x080047e0   0x00000004   Data   RW         3354    .data               system_stm32f4xx.o
    0x20000034   0x080047e4   0x00000024   Data   RW         3391    .data               mahonyahrs.o
    0x20000058   0x08004808   0x00000004   Data   RW         3512    .data               c_w.l(stdio_streams.o)
    0x2000005c   0x0800480c   0x00000004   Data   RW         3513    .data               c_w.l(stdio_streams.o)
    0x20000060   0x08004810   0x00000004   Data   RW         3514    .data               c_w.l(stdio_streams.o)
    0x20000064        -       0x00000024   Zero   RW           17    .bss                main.o
    0x20000088        -       0x00000058   Zero   RW          306    .bss                spi.o
    0x200000e0        -       0x00000048   Zero   RW          348    .bss                tim.o
    0x20000128        -       0x00000048   Zero   RW          390    .bss                usart.o
    0x20000170        -       0x00000054   Zero   RW         3509    .bss                c_w.l(stdio_streams.o)
    0x200001c4        -       0x00000054   Zero   RW         3510    .bss                c_w.l(stdio_streams.o)
    0x20000218        -       0x00000054   Zero   RW         3511    .bss                c_w.l(stdio_streams.o)
    0x2000026c        -       0x00000060   Zero   RW         3627    .bss                c_w.l(libspace.o)
    0x200002cc   0x08004814   0x00000004   PAD
    0x200002d0        -       0x00000200   Zero   RW            2    HEAP                startup_stm32f407xx.o
    0x200004d0        -       0x00000400   Zero   RW            1    STACK               startup_stm32f407xx.o


    Execution Region RW_IRAM2 (Exec base: 0x2001c000, Load base: 0x08004814, Size: 0x00000000, Max: 0x00004000, ABSOLUTE)

    **** No section assigned to this execution region ****


==============================================================================

Image component sizes


      Code (inc. data)   RO Data    RW Data    ZI Data      Debug   Object Name

       164         16          0          0          0     693967   gpio.o
       828         20          0         36          0       2942   mahonyahrs.o
      1044        106          0         36         36     687912   main.o
       212         24          0          0         88       1785   spi.o
        64         26        392          0       1536        856   startup_stm32f407xx.o
       204         32          0         12          0      10062   stm32f4xx_hal.o
       198         14          0          0          0      33871   stm32f4xx_hal_cortex.o
       182          0          0          0          0       2135   stm32f4xx_hal_dma.o
       506         46          0          0          0       2228   stm32f4xx_hal_gpio.o
        48          6          0          0          0        882   stm32f4xx_hal_msp.o
      1348         76          0          0          0       5304   stm32f4xx_hal_rcc.o
      1780         14          0          0          0       9241   stm32f4xx_hal_spi.o
      1072         74          0          0          0      10485   stm32f4xx_hal_tim.o
       148         28          0          0          0       2529   stm32f4xx_hal_tim_ex.o
      1562         16          0          0          0      10684   stm32f4xx_hal_uart.o
        44         12          0          0          0       5216   stm32f4xx_it.o
        16          4         24          4          0       1163   system_stm32f4xx.o
       156         12          0          0         72       1742   tim.o
       176         20          0          0         72       1762   usart.o

    ----------------------------------------------------------------------
      9778        546        448         88       1804    1484766   Object Totals
         0          0         32          0          0          0   (incl. Generated)
        26          0          0          0          0          0   (incl. Padding)

    ----------------------------------------------------------------------

      Code (inc. data)   RO Data    RW Data    ZI Data      Debug   Library Member Name

         8          0          0          0          0         68   __main.o
       104          0          0          0          0         84   __printf.o
         0          0          0          0          0          0   __rtentry.o
        12          0          0          0          0          0   __rtentry2.o
         6          0          0          0          0          0   __rtentry4.o
        52          8          0          0          0          0   __scatter.o
        26          0          0          0          0          0   __scatter_copy.o
        28          0          0          0          0          0   __scatter_zi.o
        48          6          0          0          0         96   _printf_char_common.o
        36          4          0          0          0         80   _printf_char_file.o
         6          0          0          0          0          0   _printf_f.o
      1054          0          0          0          0        216   _printf_fp_dec.o
       128         16          0          0          0         84   _printf_fp_infnan.o
         0          0          0          0          0          0   _printf_percent.o
         4          0          0          0          0          0   _printf_percent_end.o
        22          0          0          0          0        100   _rserrno.o
       228          4        148          0          0         96   bigflt0.o
      1936        128          0          0          0        672   btod.o
        10          0          0          0          0         68   defsig_exit.o
        50          0          0          0          0         88   defsig_general.o
        80         58          0          0          0         76   defsig_rtmem_inner.o
        14          0          0          0          0         80   defsig_rtmem_outer.o
        52         38          0          0          0         76   defsig_rtred_inner.o
        14          0          0          0          0         80   defsig_rtred_outer.o
        18          0          0          0          0         80   exit.o
        76          0          0          0          0         88   fclose.o
         8          0          0          0          0         68   ferror.o
       236          4          0          0          0        128   fopen.o
       248          6          0          0          0         84   fseek.o
        66          0          0          0          0         76   ftell.o
        94          0          0          0          0         80   h1_alloc.o
        52          0          0          0          0         68   h1_extend.o
        78          0          0          0          0         80   h1_free.o
        14          0          0          0          0         84   h1_init.o
         6          0          0          0          0        152   heapauxi.o
         4          0          0          0          0        136   hguard.o
         0          0          0          0          0          0   indicate_semi.o
       138          0          0          0          0        168   init_alloc.o
       312         46          0          0          0        112   initio.o
        44         10         28          0          0         76   lc_numeric_c.o
         2          0          0          0          0          0   libinit.o
        34          0          0          0          0          0   libinit2.o
         2          0          0          0          0          0   libshutdown.o
         6          0          0          0          0          0   libshutdown2.o
         8          4          0          0         96         68   libspace.o
       138          0          0          0          0         80   lludiv10.o
       238          0          0          0          0        100   lludivv7m.o
         0          0          0          0          0          0   maybetermalloc1.o
        24          4          0          0          0         84   noretval__2printf.o
         8          4          0          0          0         68   rt_errno_addr_intlibspace.o
         8          4          0          0          0         68   rt_heap_descriptor_intlibspace.o
         8          4          0          0          0         68   rt_locale_intlibspace.o
        78          0          0          0          0         80   rt_memclr_w.o
         2          0          0          0          0          0   rtexit.o
        10          0          0          0          0          0   rtexit2.o
        70          0          0          0          0         80   setvbuf.o
       240          6          0          0          0        156   stdio.o
         0          0          0         12        252          0   stdio_streams.o
       128          0          0          0          0         68   strcmpv7m.o
        62          0          0          0          0         76   strlen.o
        12          4          0          0          0         68   sys_exit.o
       102          0         12          0          0        240   sys_io.o
        74          0          0          0          0         80   sys_stackheap_outer.o
        14          0          0          0          0         76   sys_wrch.o
         2          0          0          0          0         68   use_no_semi.o
        12          0          0          0          0        116   dretinf.o
        86          4          0          0          0        132   f2d.o
       140          4          0          0          0        132   fnaninf.o
        10          0          0          0          0        116   fpinit.o
         4          0          0          0          0        116   printf1.o
         0          0          0          0          0          0   usenofp.o
       300         42          0          0          0        176   asinf.o
       592         90          0          0          0        184   atan2f.o
        48          0          0          0          0        124   fpclassify.o
        38          0          0          0          0        116   fpclassifyf.o
        44         12          0          0          0        464   funder.o
        62          0          0          0          0        136   sqrtf.o

    ----------------------------------------------------------------------
      7938        510        188         12        352       6784   Library Totals
        20          0          0          0          4          0   (incl. Padding)

    ----------------------------------------------------------------------

      Code (inc. data)   RO Data    RW Data    ZI Data      Debug   Library Name

      6582        358        188         12        348       4972   c_w.l
       252          8          0          0          0        612   fz_wm.l
      1084        144          0          0          0       1200   m_wm.l

    ----------------------------------------------------------------------
      7938        510        188         12        352       6784   Library Totals

    ----------------------------------------------------------------------

==============================================================================


      Code (inc. data)   RO Data    RW Data    ZI Data      Debug   

     17716       1056        636        100       2156    1480246   Grand Totals
     17716       1056        636        100       2156    1480246   ELF Image Totals
     17716       1056        636        100          0          0   ROM Totals

==============================================================================

    Total RO  Size (Code + RO Data)                18352 (  17.92kB)
    Total RW  Size (RW Data + ZI Data)              2256 (   2.20kB)
    Total ROM Size (Code + RO Data + RW Data)      18452 (  18.02kB)

==============================================================================

