Component: ARM Compiler 5.06 update 7 (build 960) Tool: armlink [4d3601]

==============================================================================

Section Cross References

    startup_stm32f407xx.o(RESET) refers to startup_stm32f407xx.o(STACK) for __initial_sp
    startup_stm32f407xx.o(RESET) refers to startup_stm32f407xx.o(.text) for Reset_Handler
    startup_stm32f407xx.o(RESET) refers to stm32f4xx_it.o(i.NMI_Handler) for NMI_Handler
    startup_stm32f407xx.o(RESET) refers to stm32f4xx_it.o(i.HardFault_Handler) for HardFault_Handler
    startup_stm32f407xx.o(RESET) refers to stm32f4xx_it.o(i.MemManage_Handler) for MemManage_Handler
    startup_stm32f407xx.o(RESET) refers to stm32f4xx_it.o(i.BusFault_Handler) for BusFault_Handler
    startup_stm32f407xx.o(RESET) refers to stm32f4xx_it.o(i.UsageFault_Handler) for UsageFault_Handler
    startup_stm32f407xx.o(RESET) refers to port.o(.emb_text) for SVC_Handler
    startup_stm32f407xx.o(RESET) refers to stm32f4xx_it.o(i.DebugMon_Handler) for DebugMon_Handler
    startup_stm32f407xx.o(RESET) refers to port.o(i.SysTick_Handler) for SysTick_Handler
    startup_stm32f407xx.o(RESET) refers to stm32f4xx_it.o(i.EXTI0_IRQHandler) for EXTI0_IRQHandler
    startup_stm32f407xx.o(RESET) refers to stm32f4xx_it.o(i.EXTI3_IRQHandler) for EXTI3_IRQHandler
    startup_stm32f407xx.o(RESET) refers to stm32f4xx_it.o(i.EXTI4_IRQHandler) for EXTI4_IRQHandler
    startup_stm32f407xx.o(RESET) refers to stm32f4xx_it.o(i.DMA1_Stream1_IRQHandler) for DMA1_Stream1_IRQHandler
    startup_stm32f407xx.o(RESET) refers to stm32f4xx_it.o(i.CAN1_RX0_IRQHandler) for CAN1_RX0_IRQHandler
    startup_stm32f407xx.o(RESET) refers to stm32f4xx_it.o(i.EXTI9_5_IRQHandler) for EXTI9_5_IRQHandler
    startup_stm32f407xx.o(RESET) refers to stm32f4xx_it.o(i.TIM1_UP_TIM10_IRQHandler) for TIM1_UP_TIM10_IRQHandler
    startup_stm32f407xx.o(RESET) refers to usart.o(i.USART1_IRQHandler) for USART1_IRQHandler
    startup_stm32f407xx.o(RESET) refers to usart.o(i.USART3_IRQHandler) for USART3_IRQHandler
    startup_stm32f407xx.o(RESET) refers to stm32f4xx_it.o(i.TIM7_IRQHandler) for TIM7_IRQHandler
    startup_stm32f407xx.o(RESET) refers to ins_task.o(i.DMA2_Stream2_IRQHandler) for DMA2_Stream2_IRQHandler
    startup_stm32f407xx.o(RESET) refers to stm32f4xx_it.o(i.CAN2_RX0_IRQHandler) for CAN2_RX0_IRQHandler
    startup_stm32f407xx.o(.text) refers to system_stm32f4xx.o(i.SystemInit) for SystemInit
    startup_stm32f407xx.o(.text) refers to entry.o(.ARM.Collect$$$$00000000) for __main
    main.o(i.HAL_TIM_PeriodElapsedCallback) refers to stm32f4xx_hal.o(i.HAL_IncTick) for HAL_IncTick
    main.o(i.SystemClock_Config) refers to memseta.o(.text) for __aeabi_memclr4
    main.o(i.SystemClock_Config) refers to stm32f4xx_hal_rcc.o(i.HAL_RCC_OscConfig) for HAL_RCC_OscConfig
    main.o(i.SystemClock_Config) refers to main.o(i.Error_Handler) for Error_Handler
    main.o(i.SystemClock_Config) refers to stm32f4xx_hal_rcc.o(i.HAL_RCC_ClockConfig) for HAL_RCC_ClockConfig
    main.o(i.main) refers to stm32f4xx_hal.o(i.HAL_Init) for HAL_Init
    main.o(i.main) refers to main.o(i.SystemClock_Config) for SystemClock_Config
    main.o(i.main) refers to gpio.o(i.MX_GPIO_Init) for MX_GPIO_Init
    main.o(i.main) refers to dma.o(i.MX_DMA_Init) for MX_DMA_Init
    main.o(i.main) refers to spi.o(i.MX_SPI1_Init) for MX_SPI1_Init
    main.o(i.main) refers to tim.o(i.MX_TIM5_Init) for MX_TIM5_Init
    main.o(i.main) refers to i2c.o(i.MX_I2C3_Init) for MX_I2C3_Init
    main.o(i.main) refers to tim.o(i.MX_TIM10_Init) for MX_TIM10_Init
    main.o(i.main) refers to can.o(i.MX_CAN1_Init) for MX_CAN1_Init
    main.o(i.main) refers to can.o(i.MX_CAN2_Init) for MX_CAN2_Init
    main.o(i.main) refers to usart.o(i.MX_USART3_UART_Init) for MX_USART3_UART_Init
    main.o(i.main) refers to usart.o(i.MX_USART1_UART_Init) for MX_USART1_UART_Init
    main.o(i.main) refers to tim.o(i.MX_TIM8_Init) for MX_TIM8_Init
    main.o(i.main) refers to tim.o(i.MX_TIM1_Init) for MX_TIM1_Init
    main.o(i.main) refers to stm32f4xx_hal_tim.o(i.HAL_TIM_PWM_Start) for HAL_TIM_PWM_Start
    main.o(i.main) refers to bsp_can.o(i.can_filter_init) for can_filter_init
    main.o(i.main) refers to bsp_delay.o(i.delay_init) for delay_init
    main.o(i.main) refers to usart.o(i.remote_control_init) for remote_control_init
    main.o(i.main) refers to freertos.o(i.MX_FREERTOS_Init) for MX_FREERTOS_Init
    main.o(i.main) refers to cmsis_os.o(i.osKernelStart) for osKernelStart
    main.o(i.main) refers to usart.o(.bss) for huart1
    main.o(i.main) refers to tim.o(.bss) for htim8
    gpio.o(i.MX_GPIO_Init) refers to memseta.o(.text) for __aeabi_memclr4
    gpio.o(i.MX_GPIO_Init) refers to stm32f4xx_hal_gpio.o(i.HAL_GPIO_WritePin) for HAL_GPIO_WritePin
    gpio.o(i.MX_GPIO_Init) refers to stm32f4xx_hal_gpio.o(i.HAL_GPIO_Init) for HAL_GPIO_Init
    gpio.o(i.MX_GPIO_Init) refers to stm32f4xx_hal_cortex.o(i.HAL_NVIC_SetPriority) for HAL_NVIC_SetPriority
[...]
    TIM8_TRG_COM_TIM14_IRQHandler            0x0800027b   Thumb Code     0  startup_stm32f407xx.o(.text)
    TIM8_UP_TIM13_IRQHandler                 0x0800027b   Thumb Code     0  startup_stm32f407xx.o(.text)
    UART4_IRQHandler                         0x0800027b   Thumb Code     0  startup_stm32f407xx.o(.text)
    UART5_IRQHandler                         0x0800027b   Thumb Code     0  startup_stm32f407xx.o(.text)
    USART2_IRQHandler                        0x0800027b   Thumb Code     0  startup_stm32f407xx.o(.text)
    USART6_IRQHandler                        0x0800027b   Thumb Code     0  startup_stm32f407xx.o(.text)
    WWDG_IRQHandler                          0x0800027b   Thumb Code     0  startup_stm32f407xx.o(.text)
    __aeabi_uldivmod                         0x08000285   Thumb Code    98  uldiv.o(.text)
    __aeabi_memcpy                           0x080002e7   Thumb Code    36  memcpya.o(.text)
    __aeabi_memcpy4                          0x080002e7   Thumb Code     0  memcpya.o(.text)
    __aeabi_memcpy8                          0x080002e7   Thumb Code     0  memcpya.o(.text)
    __aeabi_memset                           0x0800030b   Thumb Code    14  memseta.o(.text)
    __aeabi_memset4                          0x0800030b   Thumb Code     0  memseta.o(.text)
    __aeabi_memset8                          0x0800030b   Thumb Code     0  memseta.o(.text)
    __aeabi_memclr                           0x08000319   Thumb Code     4  memseta.o(.text)
    __aeabi_memclr4                          0x08000319   Thumb Code     0  memseta.o(.text)
    __aeabi_memclr8                          0x08000319   Thumb Code     0  memseta.o(.text)
    memset                                   0x0800031d   Thumb Code    18  memseta.o(.text)
    strlen                                   0x0800032f   Thumb Code    14  strlen.o(.text)
    __aeabi_f2d                              0x0800033d   Thumb Code    38  f2d.o(.text)
    __aeabi_d2f                              0x08000363   Thumb Code    56  d2f.o(.text)
    __aeabi_llsl                             0x0800039b   Thumb Code    30  llshl.o(.text)
    _ll_shift_l                              0x0800039b   Thumb Code     0  llshl.o(.text)
    __aeabi_llsr                             0x080003b9   Thumb Code    32  llushr.o(.text)
    _ll_ushift_r                             0x080003b9   Thumb Code     0  llushr.o(.text)
    __I$use$fp                               0x080003d9   Thumb Code     0  iusefp.o(.text)
    _float_round                             0x080003d9   Thumb Code    18  fepilogue.o(.text)
    _float_epilogue                          0x080003eb   Thumb Code    92  fepilogue.o(.text)
    _dsqrt                                   0x08000447   Thumb Code   162  dsqrt.o(.text)
    __scatterload                            0x080004e9   Thumb Code    28  init.o(.text)
    __scatterload_rt2                        0x080004e9   Thumb Code     0  init.o(.text)
    _double_round                            0x0800050d   Thumb Code    30  depilogue.o(.text)
    _double_epilogue                         0x0800052b   Thumb Code   156  depilogue.o(.text)
    __decompress                             0x080005c7   Thumb Code     0  __dczerorl2.o(.text)
    __decompress1                            0x080005c7   Thumb Code    86  __dczerorl2.o(.text)
    AHRS_init                                0x0800061d   Thumb Code    34  ins_task.o(i.AHRS_init)
    AHRS_update                              0x08000645   Thumb Code   106  ins_task.o(i.AHRS_update)
    BMI088_ACCEL_NS_H                        0x080006b1   Thumb Code    14  bmi088middleware.o(i.BMI088_ACCEL_NS_H)
    BMI088_ACCEL_NS_L                        0x080006c5   Thumb Code    14  bmi088middleware.o(i.BMI088_ACCEL_NS_L)
    BMI088_GPIO_init                         0x080006d9   Thumb Code     2  bmi088middleware.o(i.BMI088_GPIO_init)
    BMI088_GYRO_NS_H                         0x080006dd   Thumb Code    14  bmi088middleware.o(i.BMI088_GYRO_NS_H)
    BMI088_GYRO_NS_L                         0x080006f1   Thumb Code    14  bmi088middleware.o(i.BMI088_GYRO_NS_L)
    BMI088_accel_read_over                   0x08000705   Thumb Code   134  bmi088driver.o(i.BMI088_accel_read_over)
    BMI088_com_init                          0x08000795   Thumb Code     2  bmi088middleware.o(i.BMI088_com_init)
    BMI088_delay_ms                          0x08000797   Thumb Code    12  bmi088middleware.o(i.BMI088_delay_ms)
    BMI088_delay_us                          0x080007a3   Thumb Code    12  bmi088middleware.o(i.BMI088_delay_us)
    BMI088_gyro_read_over                    0x080007b1   Thumb Code    98  bmi088driver.o(i.BMI088_gyro_read_over)
    BMI088_init                              0x08000819   Thumb Code    52  bmi088driver.o(i.BMI088_init)
    BMI088_read                              0x0800084d   Thumb Code   372  bmi088driver.o(i.BMI088_read)
    BMI088_read_write_byte                   0x08000a09   Thumb Code    28  bmi088middleware.o(i.BMI088_read_write_byte)
    BMI088_temperature_read_over             0x08000a29   Thumb Code    52  bmi088driver.o(i.BMI088_temperature_read_over)
    BusFault_Handler                         0x08000a71   Thumb Code     4  stm32f4xx_it.o(i.BusFault_Handler)
    CAN1_RX0_IRQHandler                      0x08000a75   Thumb Code    10  stm32f4xx_it.o(i.CAN1_RX0_IRQHandler)
    CAN2_RX0_IRQHandler                      0x08000a85   Thumb Code    10  stm32f4xx_it.o(i.CAN2_RX0_IRQHandler)
    CAN_cmd_chassis                          0x08000a95   Thumb Code    68  can_receive.o(i.CAN_cmd_chassis)
    CAN_cmd_gimbal                           0x08000ae5   Thumb Code    68  can_receive.o(i.CAN_cmd_gimbal)
    CANx_SendStdData                         0x08000b35   Thumb Code    86  can_receive.o(i.CANx_SendStdData)
    DM8009_Save_position                     0x08000b95   Thumb Code    18  can_receive.o(i.DM8009_Save_position)
    DM8009_ctrl_motor                        0x08000bb1   Thumb Code   280  can_receive.o(i.DM8009_ctrl_motor)
    DM8009_enable_motor                      0x08000ce9   Thumb Code    18  can_receive.o(i.DM8009_enable_motor)
    DMA1_Stream1_IRQHandler                  0x08000d05   Thumb Code    10  stm32f4xx_it.o(i.DMA1_Stream1_IRQHandler)
    DMA2_Stream2_IRQHandler                  0x08000d15   Thumb Code  2182  ins_task.o(i.DMA2_Stream2_IRQHandler)
    DebugMon_Handler                         0x0800165f   Thumb Code     2  stm32f4xx_it.o(i.DebugMon_Handler)
    EXTI0_IRQHandler                         0x08001661   Thumb Code    10  stm32f4xx_it.o(i.EXTI0_IRQHandler)
    EXTI3_IRQHandler                         0x0800166b   Thumb Code    10  stm32f4xx_it.o(i.EXTI3_IRQHandler)
    EXTI4_IRQHandler                         0x08001675   Thumb Code    10  stm32f4xx_it.o(i.EXTI4_IRQHandler)
    EXTI9_5_IRQHandler                       0x0800167f   Thumb Code    10  stm32f4xx_it.o(i.EXTI9_5_IRQHandler)
    Error_Handler                            0x08001689   Thumb Code     2  main.o(i.Error_Handler)
    HAL_CAN_ActivateNotification             0x0800168b   Thumb Code    36  stm32f4xx_hal_can.o(i.HAL_CAN_ActivateNotification)
    HAL_CAN_AddTxMessage                     0x080016af   Thumb Code   240  stm32f4xx_hal_can.o(i.HAL_CAN_AddTxMessage)
    HAL_CAN_ConfigFilter                     0x080017a1   Thumb Code   290  stm32f4xx_hal_can.o(i.HAL_CAN_ConfigFilter)
    HAL_CAN_ErrorCallback                    0x080018c9   Thumb Code     2  stm32f4xx_hal_can.o(i.HAL_CAN_ErrorCallback)
    HAL_CAN_GetRxMessage                     0x080018cb   Thumb Code   372  stm32f4xx_hal_can.o(i.HAL_CAN_GetRxMessage)
    HAL_CAN_GetTxMailboxesFreeLevel          0x08001a3f   Thumb Code    50  stm32f4xx_hal_can.o(i.HAL_CAN_GetTxMailboxesFreeLevel)
    HAL_CAN_IRQHandler                       0x08001a71   Thumb Code   564  stm32f4xx_hal_can.o(i.HAL_CAN_IRQHandler)
    HAL_CAN_Init                             0x08001ca5   Thumb Code   360  stm32f4xx_hal_can.o(i.HAL_CAN_Init)
    HAL_CAN_MspInit                          0x08001e0d   Thumb Code   328  can.o(i.HAL_CAN_MspInit)
    HAL_CAN_RxFifo0FullCallback              0x08001f6d   Thumb Code     2  stm32f4xx_hal_can.o(i.HAL_CAN_RxFifo0FullCallback)
    HAL_CAN_RxFifo0MsgPendingCallback        0x08001f71   Thumb Code  1762  can_receive.o(i.HAL_CAN_RxFifo0MsgPendingCallback)
    HAL_CAN_RxFifo1FullCallback              0x08002661   Thumb Code     2  stm32f4xx_hal_can.o(i.HAL_CAN_RxFifo1FullCallback)
    HAL_CAN_RxFifo1MsgPendingCallback        0x08002663   Thumb Code     2  stm32f4xx_hal_can.o(i.HAL_CAN_RxFifo1MsgPendingCallback)
    HAL_CAN_SleepCallback                    0x08002665   Thumb Code     2  stm32f4xx_hal_can.o(i.HAL_CAN_SleepCallback)
    HAL_CAN_Start                            0x08002667   Thumb Code   100  stm32f4xx_hal_can.o(i.HAL_CAN_Start)
    HAL_CAN_TxMailbox0AbortCallback          0x080026cb   Thumb Code     2  stm32f4xx_hal_can.o(i.HAL_CAN_TxMailbox0AbortCallback)
    HAL_CAN_TxMailbox0CompleteCallback       0x080026cd   Thumb Code     2  stm32f4xx_hal_can.o(i.HAL_CAN_TxMailbox0CompleteCallback)
    HAL_CAN_TxMailbox1AbortCallback          0x080026cf   Thumb Code     2  stm32f4xx_hal_can.o(i.HAL_CAN_TxMailbox1AbortCallback)
    HAL_CAN_TxMailbox1CompleteCallback       0x080026d1   Thumb Code     2  stm32f4xx_hal_can.o(i.HAL_CAN_TxMailbox1CompleteCallback)
    HAL_CAN_TxMailbox2AbortCallback          0x080026d3   Thumb Code     2  stm32f4xx_hal_can.o(i.HAL_CAN_TxMailbox2AbortCallback)
    HAL_CAN_TxMailbox2CompleteCallback       0x080026d5   Thumb Code     2  stm32f4xx_hal_can.o(i.HAL_CAN_TxMailbox2CompleteCallback)
    HAL_CAN_WakeUpFromRxMsgCallback          0x080026d7   Thumb Code     2  stm32f4xx_hal_can.o(i.HAL_CAN_WakeUpFromRxMsgCallback)
    HAL_DMA_Abort                            0x080026d9   Thumb Code   162  stm32f4xx_hal_dma.o(i.HAL_DMA_Abort)
    HAL_DMA_Abort_IT                         0x0800277b   Thumb Code    36  stm32f4xx_hal_dma.o(i.HAL_DMA_Abort_IT)
    HAL_DMA_IRQHandler                       0x080027a1   Thumb Code   488  stm32f4xx_hal_dma.o(i.HAL_DMA_IRQHandler)
    HAL_DMA_Init                             0x0800298d   Thumb Code   230  stm32f4xx_hal_dma.o(i.HAL_DMA_Init)
    HAL_GPIO_EXTI_Callback                   0x08002a79   Thumb Code   168  ins_task.o(i.HAL_GPIO_EXTI_Callback)
    HAL_GPIO_EXTI_IRQHandler                 0x08002b41   Thumb Code    18  stm32f4xx_hal_gpio.o(i.HAL_GPIO_EXTI_IRQHandler)
    HAL_GPIO_Init                            0x08002b59   Thumb Code   538  stm32f4xx_hal_gpio.o(i.HAL_GPIO_Init)
    HAL_GPIO_WritePin                        0x08002d85   Thumb Code    14  stm32f4xx_hal_gpio.o(i.HAL_GPIO_WritePin)
    HAL_GetTick                              0x08002d95   Thumb Code     6  stm32f4xx_hal.o(i.HAL_GetTick)
    HAL_I2C_Init                             0x08002da1   Thumb Code   410  stm32f4xx_hal_i2c.o(i.HAL_I2C_Init)
    HAL_I2C_MspInit                          0x08002f4d   Thumb Code   182  i2c.o(i.HAL_I2C_MspInit)
    HAL_IncTick                              0x08003015   Thumb Code    12  stm32f4xx_hal.o(i.HAL_IncTick)
    HAL_Init                                 0x08003025   Thumb Code    48  stm32f4xx_hal.o(i.HAL_Init)
    HAL_InitTick                             0x08003059   Thumb Code   160  stm32f4xx_hal_timebase_tim.o(i.HAL_InitTick)
    HAL_MspInit                              0x0800310d   Thumb Code    78  stm32f4xx_hal_msp.o(i.HAL_MspInit)
    HAL_NVIC_EnableIRQ                       0x08003161   Thumb Code    28  stm32f4xx_hal_cortex.o(i.HAL_NVIC_EnableIRQ)
    HAL_NVIC_SetPriority                     0x0800317d   Thumb Code    98  stm32f4xx_hal_cortex.o(i.HAL_NVIC_SetPriority)
    HAL_NVIC_SetPriorityGrouping             0x080031e5   Thumb Code    30  stm32f4xx_hal_cortex.o(i.HAL_NVIC_SetPriorityGrouping)
    HAL_RCC_ClockConfig                      0x08003209   Thumb Code   354  stm32f4xx_hal_rcc.o(i.HAL_RCC_ClockConfig)
    HAL_RCC_GetClockConfig                   0x08003385   Thumb Code    52  stm32f4xx_hal_rcc.o(i.HAL_RCC_GetClockConfig)
    HAL_RCC_GetHCLKFreq                      0x080033c1   Thumb Code     6  stm32f4xx_hal_rcc.o(i.HAL_RCC_GetHCLKFreq)
    HAL_RCC_GetPCLK1Freq                     0x080033cd   Thumb Code    22  stm32f4xx_hal_rcc.o(i.HAL_RCC_GetPCLK1Freq)
    HAL_RCC_GetPCLK2Freq                     0x080033ed   Thumb Code    22  stm32f4xx_hal_rcc.o(i.HAL_RCC_GetPCLK2Freq)
    HAL_RCC_GetSysClockFreq                  0x0800340d   Thumb Code    94  stm32f4xx_hal_rcc.o(i.HAL_RCC_GetSysClockFreq)
    HAL_RCC_OscConfig                        0x0800347d   Thumb Code  1154  stm32f4xx_hal_rcc.o(i.HAL_RCC_OscConfig)
    HAL_SPI_Init                             0x080038ff   Thumb Code   190  stm32f4xx_hal_spi.o(i.HAL_SPI_Init)
    HAL_SPI_MspInit                          0x080039bd   Thumb Code   316  spi.o(i.HAL_SPI_MspInit)
    HAL_SPI_TransmitReceive                  0x08003b15   Thumb Code   526  stm32f4xx_hal_spi.o(i.HAL_SPI_TransmitReceive)
    HAL_TIMEx_BreakCallback                  0x08003d23   Thumb Code     2  stm32f4xx_hal_tim_ex.o(i.HAL_TIMEx_BreakCallback)
    HAL_TIMEx_CommutCallback                 0x08003d25   Thumb Code     2  stm32f4xx_hal_tim_ex.o(i.HAL_TIMEx_CommutCallback)
    HAL_TIMEx_ConfigBreakDeadTime            0x08003d27   Thumb Code   102  stm32f4xx_hal_tim_ex.o(i.HAL_TIMEx_ConfigBreakDeadTime)
    HAL_TIMEx_MasterConfigSynchronization    0x08003d8d   Thumb Code   154  stm32f4xx_hal_tim_ex.o(i.HAL_TIMEx_MasterConfigSynchronization)
    HAL_TIM_Base_Init                        0x08003e27   Thumb Code    92  stm32f4xx_hal_tim.o(i.HAL_TIM_Base_Init)
    HAL_TIM_Base_MspInit                     0x08003e85   Thumb Code   204  tim.o(i.HAL_TIM_Base_MspInit)
    HAL_TIM_Base_Start                       0x08003f65   Thumb Code   128  stm32f4xx_hal_tim.o(i.HAL_TIM_Base_Start)
    HAL_TIM_Base_Start_IT                    0x08003fe5   Thumb Code   138  stm32f4xx_hal_tim.o(i.HAL_TIM_Base_Start_IT)
    HAL_TIM_ConfigClockSource                0x0800406f   Thumb Code   234  stm32f4xx_hal_tim.o(i.HAL_TIM_ConfigClockSource)
    HAL_TIM_IC_CaptureCallback               0x08004159   Thumb Code     2  stm32f4xx_hal_tim.o(i.HAL_TIM_IC_CaptureCallback)
    HAL_TIM_IRQHandler                       0x0800415b   Thumb Code   348  stm32f4xx_hal_tim.o(i.HAL_TIM_IRQHandler)
    HAL_TIM_MspPostInit                      0x080042b9   Thumb Code   396  tim.o(i.HAL_TIM_MspPostInit)
    HAL_TIM_OC_DelayElapsedCallback          0x08004475   Thumb Code     2  stm32f4xx_hal_tim.o(i.HAL_TIM_OC_DelayElapsedCallback)
    HAL_TIM_PWM_ConfigChannel                0x08004477   Thumb Code   216  stm32f4xx_hal_tim.o(i.HAL_TIM_PWM_ConfigChannel)
    HAL_TIM_PWM_Init                         0x0800454f   Thumb Code    92  stm32f4xx_hal_tim.o(i.HAL_TIM_PWM_Init)
    HAL_TIM_PWM_MspInit                      0x080045ab   Thumb Code     2  stm32f4xx_hal_tim.o(i.HAL_TIM_PWM_MspInit)
    HAL_TIM_PWM_PulseFinishedCallback        0x080045ad   Thumb Code     2  stm32f4xx_hal_tim.o(i.HAL_TIM_PWM_PulseFinishedCallback)
    HAL_TIM_PWM_Start                        0x080045b1   Thumb Code   210  stm32f4xx_hal_tim.o(i.HAL_TIM_PWM_Start)
    HAL_TIM_PeriodElapsedCallback            0x0800468d   Thumb Code    18  main.o(i.HAL_TIM_PeriodElapsedCallback)
    HAL_TIM_TriggerCallback                  0x080046a5   Thumb Code     2  stm32f4xx_hal_tim.o(i.HAL_TIM_TriggerCallback)
    HAL_UARTEx_RxEventCallback               0x080046a7   Thumb Code     2  stm32f4xx_hal_uart.o(i.HAL_UARTEx_RxEventCallback)
    HAL_UART_ErrorCallback                   0x080046a9   Thumb Code     2  stm32f4xx_hal_uart.o(i.HAL_UART_ErrorCallback)
    HAL_UART_IDLE_HANDLER                    0x080046ad   Thumb Code   128  usart.o(i.HAL_UART_IDLE_HANDLER)
    HAL_UART_IRQHandler                      0x08004731   Thumb Code   612  stm32f4xx_hal_uart.o(i.HAL_UART_IRQHandler)
    HAL_UART_Init                            0x08004999   Thumb Code   102  stm32f4xx_hal_uart.o(i.HAL_UART_Init)
    HAL_UART_MspInit                         0x08004a01   Thumb Code   390  usart.o(i.HAL_UART_MspInit)
    HAL_UART_Receive_IT                      0x08004ba9   Thumb Code    28  stm32f4xx_hal_uart.o(i.HAL_UART_Receive_IT)
    HAL_UART_RxCpltCallback                  0x08004bc5   Thumb Code     2  stm32f4xx_hal_uart.o(i.HAL_UART_RxCpltCallback)
    HAL_UART_TxCpltCallback                  0x08004bc7   Thumb Code     2  stm32f4xx_hal_uart.o(i.HAL_UART_TxCpltCallback)
    HardFault_Handler                        0x08004bc9   Thumb Code     4  stm32f4xx_it.o(i.HardFault_Handler)
    INS_cali_gyro                            0x08004bcd   Thumb Code   110  ins_task.o(i.INS_cali_gyro)
    INS_task                                 0x08004c49   Thumb Code   788  ins_task.o(i.INS_task)
    MX_CAN1_Init                             0x08004fe9   Thumb Code    58  can.o(i.MX_CAN1_Init)
    MX_CAN2_Init                             0x0800502d   Thumb Code    58  can.o(i.MX_CAN2_Init)
    MX_DMA_Init                              0x08005071   Thumb Code   114  dma.o(i.MX_DMA_Init)
    MX_FREERTOS_Init                         0x080050e9   Thumb Code   174  freertos.o(i.MX_FREERTOS_Init)
    MX_GPIO_Init                             0x080051b9   Thumb Code   488  gpio.o(i.MX_GPIO_Init)
    MX_I2C3_Init                             0x080053b5   Thumb Code    48  i2c.o(i.MX_I2C3_Init)
    MX_SPI1_Init                             0x080053f1   Thumb Code    62  spi.o(i.MX_SPI1_Init)
    MX_TIM10_Init                            0x08005439   Thumb Code   100  tim.o(i.MX_TIM10_Init)
    MX_TIM1_Init                             0x080054a5   Thumb Code   254  tim.o(i.MX_TIM1_Init)
    MX_TIM5_Init                             0x080055ad   Thumb Code   186  tim.o(i.MX_TIM5_Init)
    MX_TIM8_Init                             0x08005671   Thumb Code   224  tim.o(i.MX_TIM8_Init)
    MX_USART1_UART_Init                      0x08005759   Thumb Code    46  usart.o(i.MX_USART1_UART_Init)
    MX_USART3_UART_Init                      0x08005791   Thumb Code    48  usart.o(i.MX_USART3_UART_Init)
    MahonyAHRSupdate                         0x080057cd   Thumb Code  1418  mahonyahrs.o(i.MahonyAHRSupdate)
    MahonyAHRSupdateIMU                      0x08005d79   Thumb Code   730  mahonyahrs.o(i.MahonyAHRSupdateIMU)
    MemManage_Handler                        0x08006075   Thumb Code     4  stm32f4xx_it.o(i.MemManage_Handler)
    NMI_Handler                              0x08006079   Thumb Code     2  stm32f4xx_it.o(i.NMI_Handler)
    PID_calc                                 0x0800607d   Thumb Code   492  pid.o(i.PID_calc)
    PID_init                                 0x0800626d   Thumb Code    92  pid.o(i.PID_init)
    RC_Init                                  0x080062cd   Thumb Code   142  usart.o(i.RC_Init)
    SPI1_DMA_enable                          0x08006369   Thumb Code 10024  bsp_spi.o(i.SPI1_DMA_enable)
    SPI1_DMA_init                            0x08008aa5   Thumb Code   360  bsp_spi.o(i.SPI1_DMA_init)
    SysTick_Handler                          0x08008d81   Thumb Code    38  port.o(i.SysTick_Handler)
    SystemClock_Config                       0x08008dad   Thumb Code   170  main.o(i.SystemClock_Config)
    SystemInit                               0x08008e61   Thumb Code    82  system_stm32f4xx.o(i.SystemInit)
    TIM1_UP_TIM10_IRQHandler                 0x08008ec5   Thumb Code    16  stm32f4xx_it.o(i.TIM1_UP_TIM10_IRQHandler)
    TIM7_IRQHandler                          0x08008edd   Thumb Code    10  stm32f4xx_it.o(i.TIM7_IRQHandler)
    TIM_Base_SetConfig                       0x08008eed   Thumb Code   206  stm32f4xx_hal_tim.o(i.TIM_Base_SetConfig)
    TIM_CCxChannelCmd                        0x08008fd1   Thumb Code    30  stm32f4xx_hal_tim.o(i.TIM_CCxChannelCmd)
    TIM_ETR_SetConfig                        0x08008fef   Thumb Code    22  stm32f4xx_hal_tim.o(i.TIM_ETR_SetConfig)
    TIM_OC2_SetConfig                        0x08009085   Thumb Code   112  stm32f4xx_hal_tim.o(i.TIM_OC2_SetConfig)
    UART_Start_Receive_IT                    0x08009459   Thumb Code    56  stm32f4xx_hal_uart.o(i.UART_Start_Receive_IT)
    USART1_IRQHandler                        0x080094f1   Thumb Code   136  usart.o(i.USART1_IRQHandler)
    USART3_IRQHandler                        0x08009595   Thumb Code   264  usart.o(i.USART3_IRQHandler)
    UsageFault_Handler                       0x080096b9   Thumb Code     4  stm32f4xx_it.o(i.UsageFault_Handler)
    __ARM_fpclassifyf                        0x080096bd   Thumb Code    38  fpclassifyf.o(i.__ARM_fpclassifyf)
    __hardfp_asinf                           0x080096e5   Thumb Code   258  asinf.o(i.__hardfp_asinf)
    __hardfp_atan2f                          0x08009811   Thumb Code   594  atan2f.o(i.__hardfp_atan2f)
    __hardfp_sqrt                            0x08009abd   Thumb Code   122  sqrt.o(i.__hardfp_sqrt)
    __mathlib_flt_infnan                     0x08009b37   Thumb Code     6  funder.o(i.__mathlib_flt_infnan)
    __mathlib_flt_infnan2                    0x08009b3d   Thumb Code     6  funder.o(i.__mathlib_flt_infnan2)
    __mathlib_flt_invalid                    0x08009b45   Thumb Code    10  funder.o(i.__mathlib_flt_invalid)
    __mathlib_flt_underflow                  0x08009b55   Thumb Code    10  funder.o(i.__mathlib_flt_underflow)
    __scatterload_copy                       0x08009b65   Thumb Code    14  handlers.o(i.__scatterload_copy)
    __scatterload_null                       0x08009b73   Thumb Code     2  handlers.o(i.__scatterload_null)
    __scatterload_zeroinit                   0x08009b75   Thumb Code    14  handlers.o(i.__scatterload_zeroinit)
    __set_errno                              0x08009b85   Thumb Code     6  errno.o(i.__set_errno)
    aRGB_led_show                            0x08009b91   Thumb Code    82  bsp_led.o(i.aRGB_led_show)
    bmi088_accel_init                        0x08009bf9   Thumb Code   302  bmi088driver.o(i.bmi088_accel_init)
    bmi088_accel_self_test                   0x08009d2d   Thumb Code   760  bmi088driver.o(i.bmi088_accel_self_test)
    bmi088_gyro_init                         0x0800a029   Thumb Code   238  bmi088driver.o(i.bmi088_gyro_init)
    bmi088_gyro_self_test                    0x0800a11d   Thumb Code   208  bmi088driver.o(i.bmi088_gyro_self_test)
    can_filter_init                          0x0800a1ed   Thumb Code    84  bsp_can.o(i.can_filter_init)
    chassis_task_entry                       0x0800a249   Thumb Code   192  chassis.o(i.chassis_task_entry)
    dbus_task_entry                          0x0800a35d   Thumb Code    14  dbus_task.o(i.dbus_task_entry)
    delay_init                               0x0800a36d   Thumb Code    32  bsp_delay.o(i.delay_init)
    delay_us                                 0x0800a39d   Thumb Code    76  bsp_delay.o(i.delay_us)
    float_to_uint                            0x0800a3ed   Thumb Code    50  can_receive.o(i.float_to_uint)
    get_angle                                0x0800a41f   Thumb Code   220  ins_task.o(i.get_angle)
    get_chassis_motor_measure_point          0x0800a4fd   Thumb Code    18  can_receive.o(i.get_chassis_motor_measure_point)
    get_errorStatus_and_motorStatus1         0x0800a515   Thumb Code    26  can_receive.o(i.get_errorStatus_and_motorStatus1)
    get_motor_T_open_message                 0x0800a52f   Thumb Code    54  can_receive.o(i.get_motor_T_open_message)
    get_motor_accel                          0x0800a565   Thumb Code    24  can_receive.o(i.get_motor_accel)
    get_motor_encoder                        0x0800a57d   Thumb Code    32  can_receive.o(i.get_motor_encoder)
    get_motor_inside_pid                     0x0800a59d   Thumb Code    26  can_receive.o(i.get_motor_inside_pid)
    get_motor_status_2                       0x0800a5b9   Thumb Code   102  can_receive.o(i.get_motor_status_2)
    get_motor_status_3                       0x0800a62d   Thumb Code    46  can_receive.o(i.get_motor_status_3)
    get_motor_zeropoint                      0x0800a65b   Thumb Code    12  can_receive.o(i.get_motor_zeropoint)
    get_multiple_angle                       0x0800a667   Thumb Code    52  can_receive.o(i.get_multiple_angle)
    get_single_angle                         0x0800a69b   Thumb Code    24  can_receive.o(i.get_single_angle)
    get_switch                               0x0800a6b5   Thumb Code   148  dbus_task.o(i.get_switch)
    get_trigger_motor_measure_point          0x0800a74d   Thumb Code     4  can_receive.o(i.get_trigger_motor_measure_point)
    gimbal_task                              0x0800a755   Thumb Code    52  gimbal_task.o(i.gimbal_task)
    gyro_offset_calc                         0x0800a799   Thumb Code    78  ins_task.o(i.gyro_offset_calc)
    imu_pwm_set                              0x0800aac1   Thumb Code     8  bsp_imu_pwm.o(i.imu_pwm_set)
    invSqrt                                  0x0800ab71   Thumb Code    56  mahonyahrs.o(i.invSqrt)
    led_RGB_flow_task                        0x0800abad   Thumb Code   422  led_flow_task.o(i.led_RGB_flow_task)
    loop                                     0x0800ad5d   Thumb Code   606  chassis.o(i.loop)
    main                                     0x0800afe5   Thumb Code   140  main.o(i.main)
    move_task_entry                          0x0800b085   Thumb Code    98  move.o(i.move_task_entry)
    normal_sbus_to_rc                        0x0800b0f5   Thumb Code   300  usart.o(i.normal_sbus_to_rc)
    osDelay                                  0x0800b221   Thumb Code    16  cmsis_os.o(i.osDelay)
    osKernelStart                            0x0800b231   Thumb Code    10  cmsis_os.o(i.osKernelStart)
    osThreadCreate                           0x0800b23b   Thumb Code    92  cmsis_os.o(i.osThreadCreate)
    pcTaskGetName                            0x0800b299   Thumb Code    30  tasks.o(i.pcTaskGetName)
    pvPortMalloc                             0x0800bb85   Thumb Code   224  heap_4.o(i.pvPortMalloc)
    pxPortInitialiseStack                    0x0800bc6d   Thumb Code    38  port.o(i.pxPortInitialiseStack)
    remote_control_init                      0x0800bc99   Thumb Code    16  usart.o(i.remote_control_init)
    sqrtf                                    0x0800bcad   Thumb Code    62  sqrtf.o(i.sqrtf)
    test_task                                0x0800bced   Thumb Code   144  test_task.o(i.test_task)
    uint_to_float                            0x0800bd99   Thumb Code    52  can_receive.o(i.uint_to_float)
    ulTaskNotifyTake                         0x0800bdcd   Thumb Code    96  tasks.o(i.ulTaskNotifyTake)
    uxListRemove                             0x0800be35   Thumb Code    38  list.o(i.uxListRemove)
    vApplicationGetIdleTaskMemory            0x0800be5d   Thumb Code    14  freertos.o(i.vApplicationGetIdleTaskMemory)
    vApplicationGetTimerTaskMemory           0x0800be75   Thumb Code    16  freertos.o(i.vApplicationGetTimerTaskMemory)
    vListInitialise                          0x0800be8d   Thumb Code    22  list.o(i.vListInitialise)
    vListInitialiseItem                      0x0800bea3   Thumb Code     6  list.o(i.vListInitialiseItem)
    vListInsert                              0x0800bea9   Thumb Code    54  list.o(i.vListInsert)
    vListInsertEnd                           0x0800bedf   Thumb Code    24  list.o(i.vListInsertEnd)
    vPortEnterCritical                       0x0800bef9   Thumb Code    54  port.o(i.vPortEnterCritical)
    vPortExitCritical                        0x0800bf39   Thumb Code    38  port.o(i.vPortExitCritical)
    vPortFree                                0x0800bf65   Thumb Code    94  heap_4.o(i.vPortFree)
    vPortSetupTimerInterrupt                 0x0800bfc9   Thumb Code    32  port.o(i.vPortSetupTimerInterrupt)
    vPortValidateInterruptPriority           0x0800bfed   Thumb Code    74  port.o(i.vPortValidateInterruptPriority)
    vQueueAddToRegistry                      0x0800c041   Thumb Code    34  queue.o(i.vQueueAddToRegistry)
    vQueueWaitForMessageRestricted           0x0800c069   Thumb Code    74  queue.o(i.vQueueWaitForMessageRestricted)
    vTaskDelay                               0x0800c0b5   Thumb Code    70  tasks.o(i.vTaskDelay)
    vTaskInternalSetTimeOutState             0x0800c105   Thumb Code    12  tasks.o(i.vTaskInternalSetTimeOutState)
    vTaskMissedYield                         0x0800c115   Thumb Code     8  tasks.o(i.vTaskMissedYield)
    vTaskNotifyGiveFromISR                   0x0800c121   Thumb Code   176  tasks.o(i.vTaskNotifyGiveFromISR)
    vTaskPlaceOnEventList                    0x0800c1dd   Thumb Code    48  tasks.o(i.vTaskPlaceOnEventList)
    vTaskPlaceOnEventListRestricted          0x0800c211   Thumb Code    54  tasks.o(i.vTaskPlaceOnEventListRestricted)
    vTaskStartScheduler                      0x0800c24d   Thumb Code   128  tasks.o(i.vTaskStartScheduler)
    vTaskSuspendAll                          0x0800c2dd   Thumb Code    10  tasks.o(i.vTaskSuspendAll)
    vTaskSwitchContext                       0x0800c2ed   Thumb Code    86  tasks.o(i.vTaskSwitchContext)
    xPortStartScheduler                      0x0800c34d   Thumb Code   232  port.o(i.xPortStartScheduler)
    xQueueGenericCreateStatic                0x0800c451   Thumb Code   112  queue.o(i.xQueueGenericCreateStatic)
    xQueueGenericReset                       0x0800c4c1   Thumb Code   138  queue.o(i.xQueueGenericReset)
    xQueueGenericSend                        0x0800c551   Thumb Code   362  queue.o(i.xQueueGenericSend)
    xQueueGenericSendFromISR                 0x0800c6c1   Thumb Code   190  queue.o(i.xQueueGenericSendFromISR)
    xQueueReceive                            0x0800c781   Thumb Code   322  queue.o(i.xQueueReceive)
    xTaskCheckForTimeOut                     0x0800c8c9   Thumb Code   148  tasks.o(i.xTaskCheckForTimeOut)
    xTaskCreate                              0x0800c961   Thumb Code   108  tasks.o(i.xTaskCreate)
    xTaskCreateStatic                        0x0800c9cd   Thumb Code    96  tasks.o(i.xTaskCreateStatic)
    xTaskGetHandle                           0x0800ca2d   Thumb Code   124  tasks.o(i.xTaskGetHandle)
    xTaskGetSchedulerState                   0x0800cab9   Thumb Code    24  tasks.o(i.xTaskGetSchedulerState)
    xTaskGetTickCount                        0x0800cad5   Thumb Code     6  tasks.o(i.xTaskGetTickCount)
    xTaskIncrementTick                       0x0800cae1   Thumb Code   202  tasks.o(i.xTaskIncrementTick)
    xTaskPriorityDisinherit                  0x0800cbb5   Thumb Code   146  tasks.o(i.xTaskPriorityDisinherit)
    xTaskRemoveFromEventList                 0x0800cc51   Thumb Code   108  tasks.o(i.xTaskRemoveFromEventList)
    xTaskResumeAll                           0x0800ccc9   Thumb Code   190  tasks.o(i.xTaskResumeAll)
    xTimerCreateTimerTask                    0x0800cd95   Thumb Code    86  timers.o(i.xTimerCreateTimerTask)
    xTimerGenericCommand                     0x0800cdfd   Thumb Code   112  timers.o(i.xTimerGenericCommand)
    xyz_get                                  0x0800ce71   Thumb Code   686  dbus_task.o(i.xyz_get)
    AHBPrescTable                            0x0800d204   Data          16  system_stm32f4xx.o(.constdata)
    APBPrescTable                            0x0800d214   Data           8  system_stm32f4xx.o(.constdata)
    shoot_max_rpm                            0x0800d234   Data           4  test_task.o(.constdata)
    chassis_PID0                             0x0800d244   Data          12  chassis.o(.constdata)
    __PID0                                   0x0800d250   Data          12  chassis.o(.constdata)
    chassis_PID1                             0x0800d25c   Data          12  chassis.o(.constdata)
    __PID1                                   0x0800d268   Data          12  chassis.o(.constdata)
    chassis_PID2                             0x0800d274   Data          12  chassis.o(.constdata)
    chassis_PID3                             0x0800d280   Data          12  chassis.o(.constdata)
    Region$$Table$$Base                      0x0800d2ec   Number         0  anon$$obj.o(Region$$Table)
    Region$$Table$$Limit                     0x0800d30c   Number         0  anon$$obj.o(Region$$Table)
    imuTaskHandle                            0x20000000   Data           4  freertos.o(.data)
    led_RGB_flow_handle                      0x20000004   Data           4  freertos.o(.data)
    testHandle                               0x20000008   Data           4  freertos.o(.data)
    gimbalHandle                             0x2000000c   Data           4  freertos.o(.data)
    chassis_taskHandle                       0x20000010   Data           4  freertos.o(.data)
    move_taskHandle                          0x20000014   Data           4  freertos.o(.data)
    dbus_taskHandle                          0x20000018   Data           4  freertos.o(.data)
    auto_mode                                0x20000020   Data           1  usart.o(.data)
    auto_set_speed                           0x20000022   Data           2  usart.o(.data)
    auto_servo_mode                          0x20000024   Data           1  usart.o(.data)
    SystemCoreClock                          0x20000028   Data           4  system_stm32f4xx.o(.data)
    gyro_dma_rx_buf                          0x20000040   Data           8  ins_task.o(.data)
    gyro_dma_tx_buf                          0x20000048   Data           8  ins_task.o(.data)
    accel_dma_tx_buf                         0x20000050   Data           9  ins_task.o(.data)
    accel_temp_dma_rx_buf                    0x20000059   Data           4  ins_task.o(.data)
    accel_temp_dma_tx_buf                    0x2000005d   Data           4  ins_task.o(.data)
    gyro_scale_factor                        0x20000064   Data          36  ins_task.o(.data)
    gyro_offset                              0x20000088   Data          12  ins_task.o(.data)
    accel_scale_factor                       0x20000094   Data          36  ins_task.o(.data)
    mag_scale_factor                         0x200000b8   Data          36  ins_task.o(.data)
    gyro_update_flag                         0x200000dc   Data           1  ins_task.o(.data)
    accel_update_flag                        0x200000dd   Data           1  ins_task.o(.data)
    accel_temp_update_flag                   0x200000de   Data           1  ins_task.o(.data)
    mag_update_flag                          0x200000df   Data           1  ins_task.o(.data)
    imu_start_dma_flag                       0x200000e0   Data           1  ins_task.o(.data)
    cali_flag                                0x200000e1   Data           1  ins_task.o(.data)
    cali_times                               0x200000e2   Data           2  ins_task.o(.data)
    vvvvv                                    0x200000e8   Data           4  ins_task.o(.data)
    RGB_flow_color                           0x200000f4   Data          28  led_flow_task.o(.data)
    motor_data4                              0x20000114   Data           4  test_task.o(.data)
    motor_data6                              0x20000118   Data           4  test_task.o(.data)
    shoot_dir                                0x2000011c   Data           1  test_task.o(.data)
    pitch_rad                                0x20000124   Data           4  gimbal_task.o(.data)
    motor_data0                              0x2000012c   Data           4  chassis.o(.data)
    set_speed0                               0x20000130   Data           4  chassis.o(.data)
    last_ecd0                                0x20000134   Data           4  chassis.o(.data)
    err0                                     0x20000138   Data           4  chassis.o(.data)
    turns0                                   0x2000013c   Data           4  chassis.o(.data)
    angal0                                   0x20000140   Data           2  chassis.o(.data)
    last_angal0                              0x20000142   Data           2  chassis.o(.data)
    motor_data1                              0x20000144   Data           4  chassis.o(.data)
    set_speed1                               0x20000148   Data           4  chassis.o(.data)
    last_ecd1                                0x2000014c   Data           4  chassis.o(.data)
    err1                                     0x20000150   Data           4  chassis.o(.data)
    turns1                                   0x20000154   Data           4  chassis.o(.data)
    angal1                                   0x20000158   Data           2  chassis.o(.data)
    last_angal1                              0x2000015a   Data           2  chassis.o(.data)
    motor_data2                              0x2000015c   Data           4  chassis.o(.data)
    set_speed2                               0x20000160   Data           4  chassis.o(.data)
    motor_data3                              0x20000164   Data           4  chassis.o(.data)
    set_speed3                               0x20000168   Data           4  chassis.o(.data)
    flow0_flag                               0x2000016c   Data           1  chassis.o(.data)
    flow1_flag                               0x2000016d   Data           1  chassis.o(.data)
    init_flag                                0x2000016e   Data           1  chassis.o(.data)
    auto_set_angal                           0x20000170   Data           4  chassis.o(.data)
    angal_err                                0x20000174   Data           4  chassis.o(.data)
    Fire_Speed                               0x2000017a   Data           2  move.o(.data)
    panduan                                  0x2000017c   Data           4  move.o(.data)
    cheche_data                              0x20000182   Data           6  dbus_task.o(.data)
    ctrl_mode                                0x20000188   Data           1  dbus_task.o(.data)
    servo_mode                               0x20000189   Data           1  dbus_task.o(.data)
    jishu                                    0x2000018c   Data           4  dbus_task.o(.data)
    start                                    0x20000190   Data           8  dbus_task.o(.data)
    end                                      0x20000198   Data           8  dbus_task.o(.data)
    twoKp                                    0x200001a0   Data           4  mahonyahrs.o(.data)
    twoKi                                    0x200001a4   Data           4  mahonyahrs.o(.data)
    integralFBx                              0x200001a8   Data           4  mahonyahrs.o(.data)
    integralFBy                              0x200001ac   Data           4  mahonyahrs.o(.data)
    integralFBz                              0x200001b0   Data           4  mahonyahrs.o(.data)
    BMI088_ACCEL_SEN                         0x200001b4   Data           4  bmi088driver.o(.data)
    BMI088_GYRO_SEN                          0x200001b8   Data           4  bmi088driver.o(.data)
    rx_flag                                  0x200001f8   Data           1  can_receive.o(.data)
    DM8009_ERROR                             0x200001f9   Data           1  can_receive.o(.data)
    uwTickFreq                               0x2000021c   Data           1  stm32f4xx_hal.o(.data)
    uwTickPrio                               0x20000220   Data           4  stm32f4xx_hal.o(.data)
    uwTick                                   0x20000224   Data           4  stm32f4xx_hal.o(.data)
    pxCurrentTCB                             0x20000228   Data           4  tasks.o(.data)
    hcan1                                    0x20000950   Data          40  can.o(.bss)
    hcan2                                    0x20000978   Data          40  can.o(.bss)
    hi2c3                                    0x200009a0   Data          84  i2c.o(.bss)
    hspi1                                    0x200009f4   Data          88  spi.o(.bss)
    hdma_spi1_rx                             0x20000a4c   Data          96  spi.o(.bss)
    hdma_spi1_tx                             0x20000aac   Data          96  spi.o(.bss)
    htim1                                    0x20000b0c   Data          72  tim.o(.bss)
    htim5                                    0x20000b54   Data          72  tim.o(.bss)
    htim8                                    0x20000b9c   Data          72  tim.o(.bss)
    htim10                                   0x20000be4   Data          72  tim.o(.bss)
    CAM_rx_buf                               0x20000c90   Data          20  usart.o(.bss)
    CAM_tx_buf                               0x20000ca4   Data          20  usart.o(.bss)
    rc_ctrl                                  0x20000cb8   Data          34  usart.o(.bss)
    huart1                                   0x20000cdc   Data          72  usart.o(.bss)
    huart3                                   0x20000d24   Data          72  usart.o(.bss)
    hdma_usart3_rx                           0x20000d6c   Data          96  usart.o(.bss)
    htim7                                    0x20000dcc   Data          72  stm32f4xx_hal_timebase_tim.o(.bss)
    accel_dma_rx_buf                         0x20000e14   Data           9  ins_task.o(.bss)
    gyro_cali_offset                         0x20000e20   Data          12  ins_task.o(.bss)
    a                                        0x20000e2c   Data          12  ins_task.o(.bss)
    b                                        0x20000e38   Data          12  ins_task.o(.bss)
    accel_offset                             0x20000e44   Data          12  ins_task.o(.bss)
    accel_cali_offset                        0x20000e50   Data          12  ins_task.o(.bss)
    mag_offset                               0x20000e5c   Data          12  ins_task.o(.bss)
    mag_cali_offset                          0x20000e68   Data          12  ins_task.o(.bss)
    bmi088_real_data                         0x20000e74   Data          36  ins_task.o(.bss)
    ist8310_real_data                        0x20000e98   Data          16  ins_task.o(.bss)
    INS_quat                                 0x20000ef0   Data          16  ins_task.o(.bss)
    INS_angle                                0x20000f00   Data          12  ins_task.o(.bss)
    buffer                                   0x20000f0c   Data          12  ins_task.o(.bss)
    accel_fliter_1                           0x20000f18   Data          12  ins_task.o(.bss)
    accel_fliter_2                           0x20000f24   Data          12  ins_task.o(.bss)
    accel_fliter_3                           0x20000f30   Data          12  ins_task.o(.bss)
    INS_gyro                                 0x20000f3c   Data          12  ins_task.o(.bss)
    INS_accel                                0x20000f48   Data          12  ins_task.o(.bss)
    INS_mag                                  0x20000f54   Data          12  ins_task.o(.bss)
    speed_pid                                0x20000f60   Data          72  test_task.o(.bss)
    motor_pid0                               0x20000fa8   Data          72  chassis.o(.bss)
    position_pid0                            0x20000ff0   Data          72  chassis.o(.bss)
    motor_pid1                               0x20001038   Data          72  chassis.o(.bss)
    position_pid1                            0x20001080   Data          72  chassis.o(.bss)
    motor_pid2                               0x200010c8   Data          72  chassis.o(.bss)
    motor_pid3                               0x20001110   Data          72  chassis.o(.bss)
    driving_motor                            0x20001158   Data         128  can_receive.o(.bss)
    DM8009_READ_data_1                       0x20001268   Data          32  can_receive.o(.bss)
    DM8009_READ_data_2                       0x20001288   Data          32  can_receive.o(.bss)
    DM8009_READ_data_3                       0x200012a8   Data          32  can_receive.o(.bss)
    DM8009_READ_data_4                       0x200012c8   Data          32  can_receive.o(.bss)
    xQueueRegistry                           0x200012e8   Data          64  queue.o(.bss)
    __initial_sp                             0x20009528   Data           0  startup_stm32f407xx.o(STACK)



==============================================================================

Memory Map of the image

  Image Entry point : 0x08000189

  Load Region LR_IROM1 (Base: 0x08000000, Size: 0x0000d5b4, Max: 0x00100000, ABSOLUTE, COMPRESSED[0x0000d3b4])

    Execution Region ER_IROM1 (Exec base: 0x08000000, Load base: 0x08000000, Size: 0x0000d30c, Max: 0x00100000, ABSOLUTE)

    Exec Addr    Load Addr    Size         Type   Attr      Idx    E Section Name        Object

    0x08000000   0x08000000   0x00000188   Data   RO            3    RESET               startup_stm32f407xx.o
    0x08000188   0x08000188   0x00000000   Code   RO         7531  * .ARM.Collect$$$$00000000  mc_w.l(entry.o)
    0x08000188   0x08000188   0x00000004   Code   RO         7578    .ARM.Collect$$$$00000001  mc_w.l(entry2.o)
    0x0800018c   0x0800018c   0x00000004   Code   RO         7581    .ARM.Collect$$$$00000004  mc_w.l(entry5.o)
    0x08000190   0x08000190   0x00000000   Code   RO         7583    .ARM.Collect$$$$00000008  mc_w.l(entry7b.o)
    0x08000190   0x08000190   0x00000000   Code   RO         7585    .ARM.Collect$$$$0000000A  mc_w.l(entry8b.o)
    0x08000190   0x08000190   0x00000008   Code   RO         7586    .ARM.Collect$$$$0000000B  mc_w.l(entry9a.o)
    0x08000198   0x08000198   0x00000004   Code   RO         7593    .ARM.Collect$$$$0000000E  mc_w.l(entry12b.o)
    0x0800019c   0x0800019c   0x00000000   Code   RO         7588    .ARM.Collect$$$$0000000F  mc_w.l(entry10a.o)
    0x0800019c   0x0800019c   0x00000000   Code   RO         7590    .ARM.Collect$$$$00000011  mc_w.l(entry11a.o)
    0x0800019c   0x0800019c   0x00000004   Code   RO         7579    .ARM.Collect$$$$00002712  mc_w.l(entry2.o)
    0x080001a0   0x080001a0   0x000000be   Code   RO         7418    .emb_text           port.o
    0x0800025e   0x0800025e   0x00000002   PAD
    0x08000260   0x08000260   0x00000024   Code   RO            4    .text               startup_stm32f407xx.o
    0x08000284   0x08000284   0x00000062   Code   RO         7534    .text               mc_w.l(uldiv.o)
    0x080002e6   0x080002e6   0x00000024   Code   RO         7536    .text               mc_w.l(memcpya.o)
    0x0800030a   0x0800030a   0x00000024   Code   RO         7540    .text               mc_w.l(memseta.o)
    0x0800032e   0x0800032e   0x0000000e   Code   RO         7542    .text               mc_w.l(strlen.o)
    0x0800033c   0x0800033c   0x00000026   Code   RO         7546    .text               mf_w.l(f2d.o)
    0x08000362   0x08000362   0x00000038   Code   RO         7548    .text               mf_w.l(d2f.o)
    0x0800039a   0x0800039a   0x0000001e   Code   RO         7594    .text               mc_w.l(llshl.o)
    0x080003b8   0x080003b8   0x00000020   Code   RO         7596    .text               mc_w.l(llushr.o)
    0x080003d8   0x080003d8   0x00000000   Code   RO         7605    .text               mc_w.l(iusefp.o)
    0x080003d8   0x080003d8   0x0000006e   Code   RO         7606    .text               mf_w.l(fepilogue.o)
    0x08000446   0x08000446   0x000000a2   Code   RO         7608    .text               mf_w.l(dsqrt.o)
    0x080004e8   0x080004e8   0x00000024   Code   RO         7612    .text               mc_w.l(init.o)
    0x0800050c   0x0800050c   0x000000ba   Code   RO         7614    .text               mf_w.l(depilogue.o)
    0x080005c6   0x080005c6   0x00000056   Code   RO         7624    .text               mc_w.l(__dczerorl2.o)
    0x0800061c   0x0800061c   0x00000028   Code   RO         1132    i.AHRS_init         ins_task.o
    0x08000644   0x08000644   0x0000006a   Code   RO         1133    i.AHRS_update       ins_task.o
    0x080006ae   0x080006ae   0x00000002   PAD
    0x080006b0   0x080006b0   0x00000014   Code   RO         1898    i.BMI088_ACCEL_NS_H  bmi088middleware.o
    0x080006c4   0x080006c4   0x00000014   Code   RO         1899    i.BMI088_ACCEL_NS_L  bmi088middleware.o
    0x080006d8   0x080006d8   0x00000002   Code   RO         1900    i.BMI088_GPIO_init  bmi088middleware.o
    0x080006da   0x080006da   0x00000002   PAD
    0x080006dc   0x080006dc   0x00000014   Code   RO         1901    i.BMI088_GYRO_NS_H  bmi088middleware.o
    0x080006f0   0x080006f0   0x00000014   Code   RO         1902    i.BMI088_GYRO_NS_L  bmi088middleware.o
    0x08000704   0x08000704   0x00000090   Code   RO         1762    i.BMI088_accel_read_over  bmi088driver.o
    0x08000794   0x08000794   0x00000002   Code   RO         1903    i.BMI088_com_init   bmi088middleware.o
    0x08000796   0x08000796   0x0000000c   Code   RO         1904    i.BMI088_delay_ms   bmi088middleware.o
    0x080007a2   0x080007a2   0x0000000c   Code   RO         1905    i.BMI088_delay_us   bmi088middleware.o
    0x080007ae   0x080007ae   0x00000002   PAD
    0x080007b0   0x080007b0   0x00000068   Code   RO         1763    i.BMI088_gyro_read_over  bmi088driver.o
    0x08000818   0x08000818   0x00000034   Code   RO         1764    i.BMI088_init       bmi088driver.o
    0x0800084c   0x0800084c   0x0000017c   Code   RO         1765    i.BMI088_read       bmi088driver.o
    0x080009c8   0x080009c8   0x00000026   Code   RO         1768    i.BMI088_read_muli_reg  bmi088driver.o
    0x080009ee   0x080009ee   0x00000018   Code   RO         1769    i.BMI088_read_single_reg  bmi088driver.o
    0x08000a06   0x08000a06   0x00000002   PAD
    0x08000a08   0x08000a08   0x00000020   Code   RO         1906    i.BMI088_read_write_byte  bmi088middleware.o
    0x08000a28   0x08000a28   0x00000034   Code   RO         1770    i.BMI088_temperature_read_over  bmi088driver.o
    0x08000a5c   0x08000a5c   0x00000014   Code   RO         1771    i.BMI088_write_single_reg  bmi088driver.o
    0x08000a70   0x08000a70   0x00000004   Code   RO          676    i.BusFault_Handler  stm32f4xx_it.o
    0x08000a74   0x08000a74   0x00000010   Code   RO          677    i.CAN1_RX0_IRQHandler  stm32f4xx_it.o
    0x08000a84   0x08000a84   0x00000010   Code   RO          678    i.CAN2_RX0_IRQHandler  stm32f4xx_it.o
    0x08000a94   0x08000a94   0x00000050   Code   RO         2106    i.CAN_cmd_chassis   can_receive.o
    0x08000ae4   0x08000ae4   0x00000050   Code   RO         2108    i.CAN_cmd_gimbal    can_receive.o
    0x08000b34   0x08000b34   0x00000060   Code   RO         2109    i.CANx_SendStdData  can_receive.o
    0x08000b94   0x08000b94   0x0000001c   Code   RO         2111    i.DM8009_Save_position  can_receive.o
    0x08000bb0   0x08000bb0   0x00000138   Code   RO         2112    i.DM8009_ctrl_motor  can_receive.o
    0x08000ce8   0x08000ce8   0x0000001c   Code   RO         2113    i.DM8009_enable_motor  can_receive.o
    0x08000d04   0x08000d04   0x00000010   Code   RO          679    i.DMA1_Stream1_IRQHandler  stm32f4xx_it.o
    0x08000d14   0x08000d14   0x00000898   Code   RO         1134    i.DMA2_Stream2_IRQHandler  ins_task.o
    0x080015ac   0x080015ac   0x00000034   Code   RO         3110    i.DMA_CalcBaseAndBitshift  stm32f4xx_hal_dma.o
    0x080015e0   0x080015e0   0x0000007e   Code   RO         3111    i.DMA_CheckFifoParam  stm32f4xx_hal_dma.o
    0x0800165e   0x0800165e   0x00000002   Code   RO          680    i.DebugMon_Handler  stm32f4xx_it.o
    0x08001660   0x08001660   0x0000000a   Code   RO          681    i.EXTI0_IRQHandler  stm32f4xx_it.o
    0x0800166a   0x0800166a   0x0000000a   Code   RO          682    i.EXTI3_IRQHandler  stm32f4xx_it.o
    0x08001674   0x08001674   0x0000000a   Code   RO          683    i.EXTI4_IRQHandler  stm32f4xx_it.o
    0x0800167e   0x0800167e   0x0000000a   Code   RO          684    i.EXTI9_5_IRQHandler  stm32f4xx_it.o
    0x08001688   0x08001688   0x00000002   Code   RO           13    i.Error_Handler     main.o
    0x0800168a   0x0800168a   0x00000024   Code   RO         2373    i.HAL_CAN_ActivateNotification  stm32f4xx_hal_can.o
    0x080016ae   0x080016ae   0x000000f0   Code   RO         2374    i.HAL_CAN_AddTxMessage  stm32f4xx_hal_can.o
    0x0800179e   0x0800179e   0x00000002   PAD
    0x080017a0   0x080017a0   0x00000128   Code   RO         2375    i.HAL_CAN_ConfigFilter  stm32f4xx_hal_can.o
    0x080018c8   0x080018c8   0x00000002   Code   RO         2378    i.HAL_CAN_ErrorCallback  stm32f4xx_hal_can.o
    0x080018ca   0x080018ca   0x00000174   Code   RO         2381    i.HAL_CAN_GetRxMessage  stm32f4xx_hal_can.o
    0x08001a3e   0x08001a3e   0x00000032   Code   RO         2383    i.HAL_CAN_GetTxMailboxesFreeLevel  stm32f4xx_hal_can.o
    0x08001a70   0x08001a70   0x00000234   Code   RO         2385    i.HAL_CAN_IRQHandler  stm32f4xx_hal_can.o
    0x08001ca4   0x08001ca4   0x00000168   Code   RO         2386    i.HAL_CAN_Init      stm32f4xx_hal_can.o
    0x08001e0c   0x08001e0c   0x00000160   Code   RO          368    i.HAL_CAN_MspInit   can.o
    0x08001f6c   0x08001f6c   0x00000002   Code   RO         2393    i.HAL_CAN_RxFifo0FullCallback  stm32f4xx_hal_can.o
    0x08001f6e   0x08001f6e   0x00000002   PAD
    0x08001f70   0x08001f70   0x000006f0   Code   RO         2115    i.HAL_CAN_RxFifo0MsgPendingCallback  can_receive.o
    0x08002660   0x08002660   0x00000002   Code   RO         2395    i.HAL_CAN_RxFifo1FullCallback  stm32f4xx_hal_can.o
    0x08002662   0x08002662   0x00000002   Code   RO         2396    i.HAL_CAN_RxFifo1MsgPendingCallback  stm32f4xx_hal_can.o
    0x08002664   0x08002664   0x00000002   Code   RO         2397    i.HAL_CAN_SleepCallback  stm32f4xx_hal_can.o
    0x08002666   0x08002666   0x00000064   Code   RO         2398    i.HAL_CAN_Start     stm32f4xx_hal_can.o
    0x080026ca   0x080026ca   0x00000002   Code   RO         2400    i.HAL_CAN_TxMailbox0AbortCallback  stm32f4xx_hal_can.o
    0x080026cc   0x080026cc   0x00000002   Code   RO         2401    i.HAL_CAN_TxMailbox0CompleteCallback  stm32f4xx_hal_can.o
    0x080026ce   0x080026ce   0x00000002   Code   RO         2402    i.HAL_CAN_TxMailbox1AbortCallback  stm32f4xx_hal_can.o
    0x080026d0   0x080026d0   0x00000002   Code   RO         2403    i.HAL_CAN_TxMailbox1CompleteCallback  stm32f4xx_hal_can.o
    0x080026d2   0x080026d2   0x00000002   Code   RO         2404    i.HAL_CAN_TxMailbox2AbortCallback  stm32f4xx_hal_can.o
    0x080026d4   0x080026d4   0x00000002   Code   RO         2405    i.HAL_CAN_TxMailbox2CompleteCallback  stm32f4xx_hal_can.o
    0x080026d6   0x080026d6   0x00000002   Code   RO         2407    i.HAL_CAN_WakeUpFromRxMsgCallback  stm32f4xx_hal_can.o
    0x080026d8   0x080026d8   0x000000a2   Code   RO         3113    i.HAL_DMA_Abort     stm32f4xx_hal_dma.o
    0x0800277a   0x0800277a   0x00000024   Code   RO         3114    i.HAL_DMA_Abort_IT  stm32f4xx_hal_dma.o
    0x0800279e   0x0800279e   0x00000002   PAD
    0x080027a0   0x080027a0   0x000001ec   Code   RO         3118    i.HAL_DMA_IRQHandler  stm32f4xx_hal_dma.o
    0x0800298c   0x0800298c   0x000000ec   Code   RO         3119    i.HAL_DMA_Init      stm32f4xx_hal_dma.o
    0x08002a78   0x08002a78   0x000000c8   Code   RO         1135    i.HAL_GPIO_EXTI_Callback  ins_task.o
    0x08002b40   0x08002b40   0x00000018   Code   RO         3005    i.HAL_GPIO_EXTI_IRQHandler  stm32f4xx_hal_gpio.o
    0x08002b58   0x08002b58   0x0000022c   Code   RO         3006    i.HAL_GPIO_Init     stm32f4xx_hal_gpio.o
    0x08002d84   0x08002d84   0x0000000e   Code   RO         3010    i.HAL_GPIO_WritePin  stm32f4xx_hal_gpio.o
    0x08002d92   0x08002d92   0x00000002   PAD
    0x08002d94   0x08002d94   0x0000000c   Code   RO         3539    i.HAL_GetTick       stm32f4xx_hal.o
    0x08002da0   0x08002da0   0x000001ac   Code   RO         3795    i.HAL_I2C_Init      stm32f4xx_hal_i2c.o
    0x08002f4c   0x08002f4c   0x000000c8   Code   RO          441    i.HAL_I2C_MspInit   i2c.o
    0x08003014   0x08003014   0x00000010   Code   RO         3545    i.HAL_IncTick       stm32f4xx_hal.o
    0x08003024   0x08003024   0x00000034   Code   RO         3546    i.HAL_Init          stm32f4xx_hal.o
    0x08003058   0x08003058   0x000000b4   Code   RO          824    i.HAL_InitTick      stm32f4xx_hal_timebase_tim.o
    0x0800310c   0x0800310c   0x00000054   Code   RO          800    i.HAL_MspInit       stm32f4xx_hal_msp.o
    0x08003160   0x08003160   0x0000001c   Code   RO         3396    i.HAL_NVIC_EnableIRQ  stm32f4xx_hal_cortex.o
    0x0800317c   0x0800317c   0x00000068   Code   RO         3402    i.HAL_NVIC_SetPriority  stm32f4xx_hal_cortex.o
    0x080031e4   0x080031e4   0x00000024   Code   RO         3403    i.HAL_NVIC_SetPriorityGrouping  stm32f4xx_hal_cortex.o
    0x08003208   0x08003208   0x0000017c   Code   RO         2607    i.HAL_RCC_ClockConfig  stm32f4xx_hal_rcc.o
    0x08003384   0x08003384   0x0000003c   Code   RO         2611    i.HAL_RCC_GetClockConfig  stm32f4xx_hal_rcc.o
    0x080033c0   0x080033c0   0x0000000c   Code   RO         2612    i.HAL_RCC_GetHCLKFreq  stm32f4xx_hal_rcc.o
    0x080033cc   0x080033cc   0x00000020   Code   RO         2614    i.HAL_RCC_GetPCLK1Freq  stm32f4xx_hal_rcc.o
    0x080033ec   0x080033ec   0x00000020   Code   RO         2615    i.HAL_RCC_GetPCLK2Freq  stm32f4xx_hal_rcc.o
    0x0800340c   0x0800340c   0x00000070   Code   RO         2616    i.HAL_RCC_GetSysClockFreq  stm32f4xx_hal_rcc.o
    0x0800347c   0x0800347c   0x00000482   Code   RO         2619    i.HAL_RCC_OscConfig  stm32f4xx_hal_rcc.o
    0x080038fe   0x080038fe   0x000000be   Code   RO         4290    i.HAL_SPI_Init      stm32f4xx_hal_spi.o
    0x080039bc   0x080039bc   0x00000158   Code   RO          483    i.HAL_SPI_MspInit   spi.o
    0x08003b14   0x08003b14   0x0000020e   Code   RO         4299    i.HAL_SPI_TransmitReceive  stm32f4xx_hal_spi.o
    0x08003d22   0x08003d22   0x00000002   Code   RO         5318    i.HAL_TIMEx_BreakCallback  stm32f4xx_hal_tim_ex.o
    0x08003d24   0x08003d24   0x00000002   Code   RO         5319    i.HAL_TIMEx_CommutCallback  stm32f4xx_hal_tim_ex.o
    0x08003d26   0x08003d26   0x00000066   Code   RO         5321    i.HAL_TIMEx_ConfigBreakDeadTime  stm32f4xx_hal_tim_ex.o
    0x08003d8c   0x08003d8c   0x0000009a   Code   RO         5337    i.HAL_TIMEx_MasterConfigSynchronization  stm32f4xx_hal_tim_ex.o
    0x08003e26   0x08003e26   0x0000005c   Code   RO         4603    i.HAL_TIM_Base_Init  stm32f4xx_hal_tim.o
    0x08003e82   0x08003e82   0x00000002   PAD
    0x08003e84   0x08003e84   0x000000e0   Code   RO          525    i.HAL_TIM_Base_MspInit  tim.o
    0x08003f64   0x08003f64   0x00000080   Code   RO         4606    i.HAL_TIM_Base_Start  stm32f4xx_hal_tim.o
    0x08003fe4   0x08003fe4   0x0000008a   Code   RO         4608    i.HAL_TIM_Base_Start_IT  stm32f4xx_hal_tim.o
    0x0800406e   0x0800406e   0x000000ea   Code   RO         4612    i.HAL_TIM_ConfigClockSource  stm32f4xx_hal_tim.o
    0x08004158   0x08004158   0x00000002   Code   RO         4637    i.HAL_TIM_IC_CaptureCallback  stm32f4xx_hal_tim.o
    0x0800415a   0x0800415a   0x0000015c   Code   RO         4651    i.HAL_TIM_IRQHandler  stm32f4xx_hal_tim.o
    0x080042b6   0x080042b6   0x00000002   PAD
    0x080042b8   0x080042b8   0x000001bc   Code   RO          526    i.HAL_TIM_MspPostInit  tim.o
    0x08004474   0x08004474   0x00000002   Code   RO         4654    i.HAL_TIM_OC_DelayElapsedCallback  stm32f4xx_hal_tim.o
    0x08004476   0x08004476   0x000000d8   Code   RO         4675    i.HAL_TIM_PWM_ConfigChannel  stm32f4xx_hal_tim.o
    0x0800454e   0x0800454e   0x0000005c   Code   RO         4678    i.HAL_TIM_PWM_Init  stm32f4xx_hal_tim.o
    0x080045aa   0x080045aa   0x00000002   Code   RO         4680    i.HAL_TIM_PWM_MspInit  stm32f4xx_hal_tim.o
    0x080045ac   0x080045ac   0x00000002   Code   RO         4681    i.HAL_TIM_PWM_PulseFinishedCallback  stm32f4xx_hal_tim.o
    0x080045ae   0x080045ae   0x00000002   PAD
    0x080045b0   0x080045b0   0x000000dc   Code   RO         4683    i.HAL_TIM_PWM_Start  stm32f4xx_hal_tim.o
    0x0800468c   0x0800468c   0x00000018   Code   RO           14    i.HAL_TIM_PeriodElapsedCallback  main.o
    0x080046a4   0x080046a4   0x00000002   Code   RO         4694    i.HAL_TIM_TriggerCallback  stm32f4xx_hal_tim.o
    0x080046a6   0x080046a6   0x00000002   Code   RO         5597    i.HAL_UARTEx_RxEventCallback  stm32f4xx_hal_uart.o
    0x080046a8   0x080046a8   0x00000002   Code   RO         5611    i.HAL_UART_ErrorCallback  stm32f4xx_hal_uart.o
    0x080046aa   0x080046aa   0x00000002   PAD
    0x080046ac   0x080046ac   0x00000084   Code   RO          590    i.HAL_UART_IDLE_HANDLER  usart.o
    0x08004730   0x08004730   0x00000268   Code   RO         5614    i.HAL_UART_IRQHandler  stm32f4xx_hal_uart.o
    0x08004998   0x08004998   0x00000066   Code   RO         5615    i.HAL_UART_Init     stm32f4xx_hal_uart.o
    0x080049fe   0x080049fe   0x00000002   PAD
    0x08004a00   0x08004a00   0x000001a8   Code   RO          592    i.HAL_UART_MspInit  usart.o
    0x08004ba8   0x08004ba8   0x0000001c   Code   RO         5620    i.HAL_UART_Receive_IT  stm32f4xx_hal_uart.o
    0x08004bc4   0x08004bc4   0x00000002   Code   RO         5621    i.HAL_UART_RxCpltCallback  stm32f4xx_hal_uart.o
    0x08004bc6   0x08004bc6   0x00000002   Code   RO         5626    i.HAL_UART_TxCpltCallback  stm32f4xx_hal_uart.o
    0x08004bc8   0x08004bc8   0x00000004   Code   RO          685    i.HardFault_Handler  stm32f4xx_it.o
    0x08004bcc   0x08004bcc   0x0000007c   Code   RO         1136    i.INS_cali_gyro     ins_task.o
    0x08004c48   0x08004c48   0x000003a0   Code   RO         1138    i.INS_task          ins_task.o
    0x08004fe8   0x08004fe8   0x00000044   Code   RO          369    i.MX_CAN1_Init      can.o
    0x0800502c   0x0800502c   0x00000044   Code   RO          370    i.MX_CAN2_Init      can.o
    0x08005070   0x08005070   0x00000078   Code   RO          416    i.MX_DMA_Init       dma.o
    0x080050e8   0x080050e8   0x000000d0   Code   RO          265    i.MX_FREERTOS_Init  freertos.o
    0x080051b8   0x080051b8   0x000001fc   Code   RO          241    i.MX_GPIO_Init      gpio.o
    0x080053b4   0x080053b4   0x0000003c   Code   RO          442    i.MX_I2C3_Init      i2c.o
    0x080053f0   0x080053f0   0x00000048   Code   RO          484    i.MX_SPI1_Init      spi.o
    0x08005438   0x08005438   0x0000006c   Code   RO          527    i.MX_TIM10_Init     tim.o
    0x080054a4   0x080054a4   0x00000108   Code   RO          528    i.MX_TIM1_Init      tim.o
    0x080055ac   0x080055ac   0x000000c4   Code   RO          529    i.MX_TIM5_Init      tim.o
    0x08005670   0x08005670   0x000000e8   Code   RO          530    i.MX_TIM8_Init      tim.o
    0x08005758   0x08005758   0x00000038   Code   RO          593    i.MX_USART1_UART_Init  usart.o
    0x08005790   0x08005790   0x0000003c   Code   RO          594    i.MX_USART3_UART_Init  usart.o
    0x080057cc   0x080057cc   0x000005ac   Code   RO         1689    i.MahonyAHRSupdate  mahonyahrs.o
    0x08005d78   0x08005d78   0x000002fc   Code   RO         1690    i.MahonyAHRSupdateIMU  mahonyahrs.o
    0x08006074   0x08006074   0x00000004   Code   RO          686    i.MemManage_Handler  stm32f4xx_it.o
    0x08006078   0x08006078   0x00000002   Code   RO          687    i.NMI_Handler       stm32f4xx_it.o
    0x0800607a   0x0800607a   0x00000002   PAD
    0x0800607c   0x0800607c   0x000001f0   Code   RO         1723    i.PID_calc          pid.o
    0x0800626c   0x0800626c   0x00000060   Code   RO         1725    i.PID_init          pid.o
    0x080062cc   0x080062cc   0x0000009c   Code   RO          595    i.RC_Init           usart.o
    0x08006368   0x08006368   0x0000273c   Code   RO         1070    i.SPI1_DMA_enable   bsp_spi.o
    0x08008aa4   0x08008aa4   0x00000180   Code   RO         1071    i.SPI1_DMA_init     bsp_spi.o
    0x08008c24   0x08008c24   0x00000084   Code   RO         4328    i.SPI_EndRxTxTransaction  stm32f4xx_hal_spi.o
    0x08008ca8   0x08008ca8   0x000000d8   Code   RO         4333    i.SPI_WaitFlagStateUntilTimeout  stm32f4xx_hal_spi.o
    0x08008d80   0x08008d80   0x0000002c   Code   RO         7419    i.SysTick_Handler   port.o
    0x08008dac   0x08008dac   0x000000b4   Code   RO           15    i.SystemClock_Config  main.o
    0x08008e60   0x08008e60   0x00000064   Code   RO          864    i.SystemInit        system_stm32f4xx.o
    0x08008ec4   0x08008ec4   0x00000018   Code   RO          688    i.TIM1_UP_TIM10_IRQHandler  stm32f4xx_it.o
    0x08008edc   0x08008edc   0x00000010   Code   RO          689    i.TIM7_IRQHandler   stm32f4xx_it.o
    0x08008eec   0x08008eec   0x000000e4   Code   RO         4696    i.TIM_Base_SetConfig  stm32f4xx_hal_tim.o
    0x08008fd0   0x08008fd0   0x0000001e   Code   RO         4697    i.TIM_CCxChannelCmd  stm32f4xx_hal_tim.o
    0x08008fee   0x08008fee   0x00000016   Code   RO         4707    i.TIM_ETR_SetConfig  stm32f4xx_hal_tim.o
    0x08009004   0x08009004   0x00000010   Code   RO         4708    i.TIM_ITRx_SetConfig  stm32f4xx_hal_tim.o
    0x08009014   0x08009014   0x00000070   Code   RO         4709    i.TIM_OC1_SetConfig  stm32f4xx_hal_tim.o
    0x08009084   0x08009084   0x00000078   Code   RO         4710    i.TIM_OC2_SetConfig  stm32f4xx_hal_tim.o
    0x080090fc   0x080090fc   0x00000078   Code   RO         4711    i.TIM_OC3_SetConfig  stm32f4xx_hal_tim.o
    0x08009174   0x08009174   0x00000058   Code   RO         4712    i.TIM_OC4_SetConfig  stm32f4xx_hal_tim.o
    0x080091cc   0x080091cc   0x00000026   Code   RO         4714    i.TIM_TI1_ConfigInputStage  stm32f4xx_hal_tim.o
    0x080091f2   0x080091f2   0x00000028   Code   RO         4716    i.TIM_TI2_ConfigInputStage  stm32f4xx_hal_tim.o
    0x0800921a   0x0800921a   0x00000010   Code   RO         5628    i.UART_DMAAbortOnError  stm32f4xx_hal_uart.o
    0x0800922a   0x0800922a   0x0000004e   Code   RO         5638    i.UART_EndRxTransfer  stm32f4xx_hal_uart.o
    0x08009278   0x08009278   0x0000001a   Code   RO         5639    i.UART_EndTransmit_IT  stm32f4xx_hal_uart.o
    0x08009292   0x08009292   0x000000ca   Code   RO         5641    i.UART_Receive_IT   stm32f4xx_hal_uart.o
    0x0800935c   0x0800935c   0x000000fc   Code   RO         5642    i.UART_SetConfig    stm32f4xx_hal_uart.o
    0x08009458   0x08009458   0x00000038   Code   RO         5644    i.UART_Start_Receive_IT  stm32f4xx_hal_uart.o
    0x08009490   0x08009490   0x0000005e   Code   RO         5645    i.UART_Transmit_IT  stm32f4xx_hal_uart.o
    0x080094ee   0x080094ee   0x00000002   PAD
    0x080094f0   0x080094f0   0x000000a4   Code   RO          596    i.USART1_IRQHandler  usart.o
    0x08009594   0x08009594   0x00000124   Code   RO          597    i.USART3_IRQHandler  usart.o
    0x080096b8   0x080096b8   0x00000004   Code   RO          692    i.UsageFault_Handler  stm32f4xx_it.o
    0x080096bc   0x080096bc   0x00000026   Code   RO         7550    i.__ARM_fpclassifyf  m_wm.l(fpclassifyf.o)
    0x080096e2   0x080096e2   0x00000002   PAD
    0x080096e4   0x080096e4   0x0000012c   Code   RO         7495    i.__hardfp_asinf    m_wm.l(asinf.o)
    0x08009810   0x08009810   0x000002ac   Code   RO         7507    i.__hardfp_atan2f   m_wm.l(atan2f.o)
    0x08009abc   0x08009abc   0x0000007a   Code   RO         7519    i.__hardfp_sqrt     m_wm.l(sqrt.o)
    0x08009b36   0x08009b36   0x00000006   Code   RO         7553    i.__mathlib_flt_infnan  m_wm.l(funder.o)
    0x08009b3c   0x08009b3c   0x00000006   Code   RO         7554    i.__mathlib_flt_infnan2  m_wm.l(funder.o)
    0x08009b42   0x08009b42   0x00000002   PAD
    0x08009b44   0x08009b44   0x00000010   Code   RO         7555    i.__mathlib_flt_invalid  m_wm.l(funder.o)
    0x08009b54   0x08009b54   0x00000010   Code   RO         7558    i.__mathlib_flt_underflow  m_wm.l(funder.o)
    0x08009b64   0x08009b64   0x0000000e   Code   RO         7618    i.__scatterload_copy  mc_w.l(handlers.o)
    0x08009b72   0x08009b72   0x00000002   Code   RO         7619    i.__scatterload_null  mc_w.l(handlers.o)
    0x08009b74   0x08009b74   0x0000000e   Code   RO         7620    i.__scatterload_zeroinit  mc_w.l(handlers.o)
    0x08009b82   0x08009b82   0x00000002   PAD
    0x08009b84   0x08009b84   0x0000000c   Code   RO         7600    i.__set_errno       mc_w.l(errno.o)
    0x08009b90   0x08009b90   0x00000068   Code   RO         1041    i.aRGB_led_show     bsp_led.o
    0x08009bf8   0x08009bf8   0x00000134   Code   RO         1772    i.bmi088_accel_init  bmi088driver.o
    0x08009d2c   0x08009d2c   0x000002fc   Code   RO         1773    i.bmi088_accel_self_test  bmi088driver.o
    0x0800a028   0x0800a028   0x000000f4   Code   RO         1774    i.bmi088_gyro_init  bmi088driver.o
    0x0800a11c   0x0800a11c   0x000000d0   Code   RO         1775    i.bmi088_gyro_self_test  bmi088driver.o
    0x0800a1ec   0x0800a1ec   0x0000005c   Code   RO         1104    i.can_filter_init   bsp_can.o
    0x0800a248   0x0800a248   0x00000114   Code   RO         1494    i.chassis_task_entry  chassis.o
    0x0800a35c   0x0800a35c   0x0000000e   Code   RO         1568    i.dbus_task_entry   dbus_task.o
    0x0800a36a   0x0800a36a   0x00000002   PAD
    0x0800a36c   0x0800a36c   0x00000030   Code   RO          900    i.delay_init        bsp_delay.o
    0x0800a39c   0x0800a39c   0x00000050   Code   RO          902    i.delay_us          bsp_delay.o
    0x0800a3ec   0x0800a3ec   0x00000032   Code   RO         2116    i.float_to_uint     can_receive.o
    0x0800a41e   0x0800a41e   0x000000dc   Code   RO         1139    i.get_angle         ins_task.o
    0x0800a4fa   0x0800a4fa   0x00000002   PAD
    0x0800a4fc   0x0800a4fc   0x00000018   Code   RO         2117    i.get_chassis_motor_measure_point  can_receive.o
    0x0800a514   0x0800a514   0x0000001a   Code   RO         2118    i.get_errorStatus_and_motorStatus1  can_receive.o
    0x0800a52e   0x0800a52e   0x00000036   Code   RO         2119    i.get_motor_T_open_message  can_receive.o
    0x0800a564   0x0800a564   0x00000018   Code   RO         2120    i.get_motor_accel   can_receive.o
    0x0800a57c   0x0800a57c   0x00000020   Code   RO         2121    i.get_motor_encoder  can_receive.o
    0x0800a59c   0x0800a59c   0x0000001a   Code   RO         2122    i.get_motor_inside_pid  can_receive.o
    0x0800a5b6   0x0800a5b6   0x00000002   PAD
    0x0800a5b8   0x0800a5b8   0x00000074   Code   RO         2123    i.get_motor_status_2  can_receive.o
    0x0800a62c   0x0800a62c   0x0000002e   Code   RO         2124    i.get_motor_status_3  can_receive.o
    0x0800a65a   0x0800a65a   0x0000000c   Code   RO         2125    i.get_motor_zeropoint  can_receive.o
    0x0800a666   0x0800a666   0x00000034   Code   RO         2126    i.get_multiple_angle  can_receive.o
    0x0800a69a   0x0800a69a   0x00000018   Code   RO         2128    i.get_single_angle  can_receive.o
    0x0800a6b2   0x0800a6b2   0x00000002   PAD
    0x0800a6b4   0x0800a6b4   0x00000098   Code   RO         1569    i.get_switch        dbus_task.o
    0x0800a74c   0x0800a74c   0x00000008   Code   RO         2129    i.get_trigger_motor_measure_point  can_receive.o
    0x0800a754   0x0800a754   0x00000044   Code   RO         1442    i.gimbal_task       gimbal_task.o
    0x0800a798   0x0800a798   0x00000054   Code   RO         1140    i.gyro_offset_calc  ins_task.o
    0x0800a7ec   0x0800a7ec   0x0000012c   Code   RO         1141    i.imu_cali_slove    ins_task.o
    0x0800a918   0x0800a918   0x000001a8   Code   RO         1142    i.imu_cmd_spi_dma   ins_task.o
    0x0800aac0   0x0800aac0   0x0000000c   Code   RO         1013    i.imu_pwm_set       bsp_imu_pwm.o
    0x0800aacc   0x0800aacc   0x000000a4   Code   RO         1143    i.imu_temp_control  ins_task.o
    0x0800ab70   0x0800ab70   0x0000003c   Code   RO         1691    i.invSqrt           mahonyahrs.o
    0x0800abac   0x0800abac   0x000001b0   Code   RO         1347    i.led_RGB_flow_task  led_flow_task.o
    0x0800ad5c   0x0800ad5c   0x00000288   Code   RO         1495    i.loop              chassis.o
    0x0800afe4   0x0800afe4   0x00000094   Code   RO           16    i.main              main.o
    0x0800b078   0x0800b078   0x0000000c   Code   RO         6984    i.makeFreeRtosPriority  cmsis_os.o
    0x0800b084   0x0800b084   0x00000070   Code   RO         1538    i.move_task_entry   move.o
    0x0800b0f4   0x0800b0f4   0x0000012c   Code   RO          598    i.normal_sbus_to_rc  usart.o
    0x0800b220   0x0800b220   0x00000010   Code   RO         6986    i.osDelay           cmsis_os.o
    0x0800b230   0x0800b230   0x0000000a   Code   RO         6989    i.osKernelStart     cmsis_os.o
    0x0800b23a   0x0800b23a   0x0000005c   Code   RO         7023    i.osThreadCreate    cmsis_os.o
    0x0800b296   0x0800b296   0x00000002   PAD
    0x0800b298   0x0800b298   0x00000024   Code   RO         6451    i.pcTaskGetName     tasks.o
    0x0800b2bc   0x0800b2bc   0x00000080   Code   RO         6452    i.prvAddCurrentTaskToDelayedList  tasks.o
    0x0800b33c   0x0800b33c   0x00000088   Code   RO         6453    i.prvAddNewTaskToReadyList  tasks.o
    0x0800b3c4   0x0800b3c4   0x0000005c   Code   RO         6816    i.prvCheckForValidListAndQueue  timers.o
    0x0800b420   0x0800b420   0x00000040   Code   RO         6454    i.prvCheckTasksWaitingTermination  tasks.o
    0x0800b460   0x0800b460   0x00000024   Code   RO         6099    i.prvCopyDataFromQueue  queue.o
    0x0800b484   0x0800b484   0x0000006e   Code   RO         6100    i.prvCopyDataToQueue  queue.o
    0x0800b4f2   0x0800b4f2   0x00000040   Code   RO         6455    i.prvDeleteTCB      tasks.o
    0x0800b532   0x0800b532   0x00000002   PAD
    0x0800b534   0x0800b534   0x00000024   Code   RO         6817    i.prvGetNextExpireTime  timers.o
    0x0800b558   0x0800b558   0x00000050   Code   RO         7363    i.prvHeapInit       heap_4.o
    0x0800b5a8   0x0800b5a8   0x00000028   Code   RO         6456    i.prvIdleTask       tasks.o
    0x0800b5d0   0x0800b5d0   0x00000018   Code   RO         6103    i.prvInitialiseNewQueue  queue.o
    0x0800b5e8   0x0800b5e8   0x00000098   Code   RO         6457    i.prvInitialiseNewTask  tasks.o
    0x0800b680   0x0800b680   0x00000060   Code   RO         6458    i.prvInitialiseTaskLists  tasks.o
    0x0800b6e0   0x0800b6e0   0x0000005c   Code   RO         7364    i.prvInsertBlockIntoFreeList  heap_4.o
    0x0800b73c   0x0800b73c   0x00000048   Code   RO         6819    i.prvInsertTimerInActiveList  timers.o
    0x0800b784   0x0800b784   0x0000001a   Code   RO         6104    i.prvIsQueueEmpty   queue.o
    0x0800b79e   0x0800b79e   0x0000001e   Code   RO         6105    i.prvIsQueueFull    queue.o
    0x0800b7bc   0x0800b7bc   0x00000068   Code   RO         6820    i.prvProcessExpiredTimer  timers.o
    0x0800b824   0x0800b824   0x00000110   Code   RO         6821    i.prvProcessReceivedCommands  timers.o
    0x0800b934   0x0800b934   0x0000006c   Code   RO         6822    i.prvProcessTimerOrBlockTask  timers.o
    0x0800b9a0   0x0800b9a0   0x00000024   Code   RO         6459    i.prvResetNextTaskUnblockTime  tasks.o
    0x0800b9c4   0x0800b9c4   0x0000002c   Code   RO         6823    i.prvSampleTimeNow  timers.o
    0x0800b9f0   0x0800b9f0   0x0000006e   Code   RO         6460    i.prvSearchForNameWithinSingleList  tasks.o
    0x0800ba5e   0x0800ba5e   0x00000002   PAD
    0x0800ba60   0x0800ba60   0x00000078   Code   RO         6824    i.prvSwitchTimerLists  timers.o
    0x0800bad8   0x0800bad8   0x00000030   Code   RO         7420    i.prvTaskExitError  port.o
    0x0800bb08   0x0800bb08   0x00000014   Code   RO         6825    i.prvTimerTask      timers.o
    0x0800bb1c   0x0800bb1c   0x00000068   Code   RO         6106    i.prvUnlockQueue    queue.o
    0x0800bb84   0x0800bb84   0x000000e8   Code   RO         7365    i.pvPortMalloc      heap_4.o
    0x0800bc6c   0x0800bc6c   0x0000002c   Code   RO         7421    i.pxPortInitialiseStack  port.o
    0x0800bc98   0x0800bc98   0x00000014   Code   RO          599    i.remote_control_init  usart.o
    0x0800bcac   0x0800bcac   0x0000003e   Code   RO         7568    i.sqrtf             m_wm.l(sqrtf.o)
    0x0800bcea   0x0800bcea   0x00000002   PAD
    0x0800bcec   0x0800bcec   0x000000ac   Code   RO         1406    i.test_task         test_task.o
    0x0800bd98   0x0800bd98   0x00000034   Code   RO         2139    i.uint_to_float     can_receive.o
    0x0800bdcc   0x0800bdcc   0x00000068   Code   RO         6464    i.ulTaskNotifyTake  tasks.o
    0x0800be34   0x0800be34   0x00000026   Code   RO         6059    i.uxListRemove      list.o
    0x0800be5a   0x0800be5a   0x00000002   PAD
    0x0800be5c   0x0800be5c   0x00000018   Code   RO          271    i.vApplicationGetIdleTaskMemory  freertos.o
    0x0800be74   0x0800be74   0x00000018   Code   RO          272    i.vApplicationGetTimerTaskMemory  freertos.o
    0x0800be8c   0x0800be8c   0x00000016   Code   RO         6060    i.vListInitialise   list.o
    0x0800bea2   0x0800bea2   0x00000006   Code   RO         6061    i.vListInitialiseItem  list.o
    0x0800bea8   0x0800bea8   0x00000036   Code   RO         6062    i.vListInsert       list.o
    0x0800bede   0x0800bede   0x00000018   Code   RO         6063    i.vListInsertEnd    list.o
    0x0800bef6   0x0800bef6   0x00000002   PAD
    0x0800bef8   0x0800bef8   0x00000040   Code   RO         7423    i.vPortEnterCritical  port.o
    0x0800bf38   0x0800bf38   0x0000002c   Code   RO         7424    i.vPortExitCritical  port.o
    0x0800bf64   0x0800bf64   0x00000064   Code   RO         7366    i.vPortFree         heap_4.o
    0x0800bfc8   0x0800bfc8   0x00000024   Code   RO         7425    i.vPortSetupTimerInterrupt  port.o
    0x0800bfec   0x0800bfec   0x00000054   Code   RO         7426    i.vPortValidateInterruptPriority  port.o
    0x0800c040   0x0800c040   0x00000028   Code   RO         6110    i.vQueueAddToRegistry  queue.o
    0x0800c068   0x0800c068   0x0000004a   Code   RO         6113    i.vQueueWaitForMessageRestricted  queue.o
    0x0800c0b2   0x0800c0b2   0x00000002   PAD
    0x0800c0b4   0x0800c0b4   0x00000050   Code   RO         6471    i.vTaskDelay        tasks.o
    0x0800c104   0x0800c104   0x00000010   Code   RO         6475    i.vTaskInternalSetTimeOutState  tasks.o
    0x0800c114   0x0800c114   0x0000000c   Code   RO         6476    i.vTaskMissedYield  tasks.o
    0x0800c120   0x0800c120   0x000000bc   Code   RO         6477    i.vTaskNotifyGiveFromISR  tasks.o
    0x0800c1dc   0x0800c1dc   0x00000034   Code   RO         6478    i.vTaskPlaceOnEventList  tasks.o
    0x0800c210   0x0800c210   0x0000003c   Code   RO         6479    i.vTaskPlaceOnEventListRestricted  tasks.o
    0x0800c24c   0x0800c24c   0x00000090   Code   RO         6486    i.vTaskStartScheduler  tasks.o
    0x0800c2dc   0x0800c2dc   0x00000010   Code   RO         6488    i.vTaskSuspendAll   tasks.o
    0x0800c2ec   0x0800c2ec   0x00000060   Code   RO         6489    i.vTaskSwitchContext  tasks.o
    0x0800c34c   0x0800c34c   0x00000104   Code   RO         7427    i.xPortStartScheduler  port.o
    0x0800c450   0x0800c450   0x00000070   Code   RO         6117    i.xQueueGenericCreateStatic  queue.o
    0x0800c4c0   0x0800c4c0   0x00000090   Code   RO         6118    i.xQueueGenericReset  queue.o
    0x0800c550   0x0800c550   0x00000170   Code   RO         6119    i.xQueueGenericSend  queue.o
    0x0800c6c0   0x0800c6c0   0x000000be   Code   RO         6120    i.xQueueGenericSendFromISR  queue.o
    0x0800c77e   0x0800c77e   0x00000002   PAD
    0x0800c780   0x0800c780   0x00000148   Code   RO         6128    i.xQueueReceive     queue.o
    0x0800c8c8   0x0800c8c8   0x00000098   Code   RO         6492    i.xTaskCheckForTimeOut  tasks.o
    0x0800c960   0x0800c960   0x0000006c   Code   RO         6493    i.xTaskCreate       tasks.o
    0x0800c9cc   0x0800c9cc   0x00000060   Code   RO         6494    i.xTaskCreateStatic  tasks.o
    0x0800ca2c   0x0800ca2c   0x0000008c   Code   RO         6498    i.xTaskGetHandle    tasks.o
    0x0800cab8   0x0800cab8   0x0000001c   Code   RO         6499    i.xTaskGetSchedulerState  tasks.o
    0x0800cad4   0x0800cad4   0x0000000c   Code   RO         6500    i.xTaskGetTickCount  tasks.o
    0x0800cae0   0x0800cae0   0x000000d4   Code   RO         6502    i.xTaskIncrementTick  tasks.o
    0x0800cbb4   0x0800cbb4   0x0000009c   Code   RO         6505    i.xTaskPriorityDisinherit  tasks.o
    0x0800cc50   0x0800cc50   0x00000078   Code   RO         6507    i.xTaskRemoveFromEventList  tasks.o
    0x0800ccc8   0x0800ccc8   0x000000cc   Code   RO         6508    i.xTaskResumeAll    tasks.o
    0x0800cd94   0x0800cd94   0x00000068   Code   RO         6832    i.xTimerCreateTimerTask  timers.o
    0x0800cdfc   0x0800cdfc   0x00000074   Code   RO         6833    i.xTimerGenericCommand  timers.o
    0x0800ce70   0x0800ce70   0x000002d0   Code   RO         1570    i.xyz_get           dbus_task.o
    0x0800d140   0x0800d140   0x000000c4   Data   RO          274    .constdata          freertos.o
    0x0800d204   0x0800d204   0x00000018   Data   RO          865    .constdata          system_stm32f4xx.o
    0x0800d21c   0x0800d21c   0x00000018   Data   RO         1145    .constdata          ins_task.o
    0x0800d234   0x0800d234   0x00000010   Data   RO         1408    .constdata          test_task.o
    0x0800d244   0x0800d244   0x00000048   Data   RO         1497    .constdata          chassis.o
    0x0800d28c   0x0800d28c   0x00000012   Data   RO         1780    .constdata          bmi088driver.o
    0x0800d29e   0x0800d29e   0x00000008   Data   RO         3125    .constdata          stm32f4xx_hal_dma.o
    0x0800d2a6   0x0800d2a6   0x00000002   PAD
    0x0800d2a8   0x0800d2a8   0x00000041   Data   RO          275    .conststring        freertos.o
    0x0800d2e9   0x0800d2e9   0x00000003   PAD
    0x0800d2ec   0x0800d2ec   0x00000020   Data   RO         7616    Region$$Table       anon$$obj.o


    Execution Region RW_IRAM1 (Exec base: 0x20000000, Load base: 0x0800d30c, Size: 0x00009528, Max: 0x00020000, ABSOLUTE, COMPRESSED[0x000000a8])

    Exec Addr    Load Addr    Size         Type   Attr      Idx    E Section Name        Object

    0x20000000   COMPRESSED   0x0000001c   Data   RW          276    .data               freertos.o
    0x2000001c   COMPRESSED   0x00000004   Data   RW          372    .data               can.o
    0x20000020   COMPRESSED   0x00000008   Data   RW          601    .data               usart.o
    0x20000028   COMPRESSED   0x00000004   Data   RW          866    .data               system_stm32f4xx.o
    0x2000002c   COMPRESSED   0x00000008   Data   RW          903    .data               bsp_delay.o
    0x20000034   COMPRESSED   0x00000008   Data   RW         1042    .data               bsp_led.o
    0x2000003c   COMPRESSED   0x000000b8   Data   RW         1146    .data               ins_task.o
    0x200000f4   COMPRESSED   0x0000001c   Data   RW         1348    .data               led_flow_task.o
    0x20000110   COMPRESSED   0x0000000d   Data   RW         1409    .data               test_task.o
    0x2000011d   COMPRESSED   0x00000003   PAD
    0x20000120   COMPRESSED   0x00000008   Data   RW         1443    .data               gimbal_task.o
    0x20000128   COMPRESSED   0x00000050   Data   RW         1498    .data               chassis.o
    0x20000178   COMPRESSED   0x00000008   Data   RW         1539    .data               move.o
    0x20000180   COMPRESSED   0x00000020   Data   RW         1571    .data               dbus_task.o
    0x200001a0   COMPRESSED   0x00000014   Data   RW         1692    .data               mahonyahrs.o
    0x200001b4   COMPRESSED   0x0000002c   Data   RW         1781    .data               bmi088driver.o
    0x200001e0   COMPRESSED   0x0000003b   Data   RW         2146    .data               can_receive.o
    0x2000021b   COMPRESSED   0x00000001   PAD
    0x2000021c   COMPRESSED   0x0000000c   Data   RW         3553    .data               stm32f4xx_hal.o
    0x20000228   COMPRESSED   0x0000003c   Data   RW         6511    .data               tasks.o
    0x20000264   COMPRESSED   0x00000014   Data   RW         6841    .data               timers.o
    0x20000278   COMPRESSED   0x00000020   Data   RW         7372    .data               heap_4.o
    0x20000298   COMPRESSED   0x0000000c   Data   RW         7428    .data               port.o
    0x200002a4   COMPRESSED   0x00000004   Data   RW         7601    .data               mc_w.l(errno.o)
    0x200002a8        -       0x000006a8   Zero   RW          273    .bss                freertos.o
    0x20000950        -       0x00000050   Zero   RW          371    .bss                can.o
    0x200009a0        -       0x00000054   Zero   RW          443    .bss                i2c.o
    0x200009f4        -       0x00000118   Zero   RW          485    .bss                spi.o
    0x20000b0c        -       0x00000120   Zero   RW          531    .bss                tim.o
    0x20000c2c        -       0x000001a0   Zero   RW          600    .bss                usart.o
    0x20000dcc        -       0x00000048   Zero   RW          827    .bss                stm32f4xx_hal_timebase_tim.o
    0x20000e14        -       0x0000014c   Zero   RW         1144    .bss                ins_task.o
    0x20000f60        -       0x00000048   Zero   RW         1407    .bss                test_task.o
    0x20000fa8        -       0x000001b0   Zero   RW         1496    .bss                chassis.o
    0x20001158        -       0x00000190   Zero   RW         2145    .bss                can_receive.o
    0x200012e8        -       0x00000040   Zero   RW         6131    .bss                queue.o
    0x20001328        -       0x000000f0   Zero   RW         6510    .bss                tasks.o
    0x20001418        -       0x00000110   Zero   RW         6840    .bss                timers.o
    0x20001528        -       0x00006000   Zero   RW         7371    .bss                heap_4.o
    0x20007528        -       0x00002000   Zero   RW            1    STACK               startup_stm32f407xx.o


==============================================================================

Image component sizes


      Code (inc. data)   RO Data    RW Data    ZI Data      Debug   Object Name

      2338         40         18         44          0      10475   bmi088driver.o
       140         28          0          0          0       4744   bmi088middleware.o
        92          8          0          0          0        578   bsp_can.o
       128         20          0          8          0     571920   bsp_delay.o
        12          4          0          0          0        490   bsp_imu_pwm.o
       104         22          0          8          0        580   bsp_led.o
     10428        170          0          0          0       5642   bsp_spi.o
       488         44          0          4         80       2350   can.o
      2946        186          0         59        400      19634   can_receive.o
       924        126         72         80        432       3122   chassis.o
       130          0          0          0          0      22859   cmsis_os.o
       886         38          0         32          0       3390   dbus_task.o
       120          6          0          0          0        782   dma.o
         0          0          0          0          0      19680   event_groups.o
       256         52        261         28       1704      11044   freertos.o
        68         16          0          8          0       2130   gimbal_task.o
       508         20          0          0          0       1235   gpio.o
       504         32          0         32      24576       4995   heap_4.o
       260         30          0          0         84       1657   i2c.o
      4790        352         24        184        332     610237   ins_task.o
       432         10          0         28          0       1633   led_flow_task.o
       144          0          0          0          0       3550   list.o
      2276         72          0         20          0       4889   mahonyahrs.o
       354         24          0          0          0     746536   main.o
       112         14          0          8          0        815   move.o
       592          8          0          0          0       2458   pid.o
       814         92          0         12          0      11897   port.o
      1586         24          0          0         64      17536   queue.o
       416         38          0          0        280       1867   spi.o
        36          8        392          0       8192        828   startup_stm32f407xx.o
        80         14          0         12          0       8030   stm32f4xx_hal.o
      2042          6          0          0          0      15549   stm32f4xx_hal_can.o
       168         12          0          0          0      32702   stm32f4xx_hal_cortex.o
      1104         18          8          0          0       5771   stm32f4xx_hal_dma.o
       594         24          0          0          0       2955   stm32f4xx_hal_gpio.o
       428         18          0          0          0       2183   stm32f4xx_hal_i2c.o
        84          6          0          0          0        818   stm32f4xx_hal_msp.o
      1782        112          0          0          0       7121   stm32f4xx_hal_rcc.o
      1064         16          0          0          0       4913   stm32f4xx_hal_spi.o
      2292         56          0          0          0      17577   stm32f4xx_hal_tim.o
       260          0          0          0          0       3441   stm32f4xx_hal_tim_ex.o
       180         20          0          0         72       1419   stm32f4xx_hal_timebase_tim.o
      1478          8          0          0          0      11018   stm32f4xx_hal_uart.o
       148         32          0          0          0       7038   stm32f4xx_it.o
         0          0          0          0          0        416   stream_buffer.o
       100         18         24          4          0       1131   system_stm32f4xx.o
      2858        238          0         60        240      32699   tasks.o
       172         28         16         13         72       2078   test_task.o
      1468        104          0          0        288       5029   tim.o
      1088         94          0         20        272      30747   timers.o
      1604        134          0          8        416       7074   usart.o

    ----------------------------------------------------------------------
     50932       2442        852        676      37504    2289262   Object Totals
         0          0         32          0          0          0   (incl. Generated)
        54          0          5          4          0          0   (incl. Padding)

    ----------------------------------------------------------------------

      Code (inc. data)   RO Data    RW Data    ZI Data      Debug   Library Member Name

       300         42          0          0          0        176   asinf.o
       684         90          0          0          0        208   atan2f.o
        38          0          0          0          0        116   fpclassifyf.o
        44         12          0          0          0        464   funder.o
       122          0          0          0          0        148   sqrt.o
        62          0          0          0          0        136   sqrtf.o
        86          0          0          0          0          0   __dczerorl2.o
         0          0          0          0          0          0   entry.o
         0          0          0          0          0          0   entry10a.o
         0          0          0          0          0          0   entry11a.o
         4          0          0          0          0          0   entry12b.o
         8          4          0          0          0          0   entry2.o
         4          0          0          0          0          0   entry5.o
         0          0          0          0          0          0   entry7b.o
         0          0          0          0          0          0   entry8b.o
         8          4          0          0          0          0   entry9a.o
        12          6          0          4          0         68   errno.o
        30          0          0          0          0          0   handlers.o
        36          8          0          0          0         68   init.o
         0          0          0          0          0          0   iusefp.o
        30          0          0          0          0         68   llshl.o
        32          0          0          0          0         68   llushr.o
        36          0          0          0          0         68   memcpya.o
        36          0          0          0          0        108   memseta.o
        14          0          0          0          0         68   strlen.o
        98          0          0          0          0         92   uldiv.o
        56          0          0          0          0         88   d2f.o
       186          0          0          0          0        176   depilogue.o
       162          0          0          0          0        100   dsqrt.o
        38          0          0          0          0         68   f2d.o
       110          0          0          0          0        168   fepilogue.o

    ----------------------------------------------------------------------
      2244        166          0          4          0       2456   Library Totals
         8          0          0          0          0          0   (incl. Padding)

    ----------------------------------------------------------------------

      Code (inc. data)   RO Data    RW Data    ZI Data      Debug   Library Name

      1250        144          0          0          0       1248   m_wm.l
       434         22          0          4          0        608   mc_w.l
       552          0          0          0          0        600   mf_w.l

    ----------------------------------------------------------------------
      2244        166          0          4          0       2456   Library Totals

    ----------------------------------------------------------------------

==============================================================================


      Code (inc. data)   RO Data    RW Data    ZI Data      Debug   

     53176       2608        852        680      37504    2263182   Grand Totals
     53176       2608        852        168      37504    2263182   ELF Image Totals (compressed)
     53176       2608        852        168          0          0   ROM Totals

==============================================================================

    Total RO  Size (Code + RO Data)                54028 (  52.76kB)
    Total RW  Size (RW Data + ZI Data)             38184 (  37.29kB)
    Total ROM Size (Code + RO Data + RW Data)      54196 (  52.93kB)

==============================================================================

