Component: ARM Compiler 5.06 update 7 (build 960) Tool: armlink [4d3601]

==============================================================================

Section Cross References

    startup_stm32f407xx.o(STACK) refers (Special) to heapauxi.o(.text) for __use_two_region_memory
    startup_stm32f407xx.o(HEAP) refers (Special) to heapauxi.o(.text) for __use_two_region_memory
    startup_stm32f407xx.o(RESET) refers (Special) to heapauxi.o(.text) for __use_two_region_memory
    startup_stm32f407xx.o(RESET) refers to startup_stm32f407xx.o(STACK) for __initial_sp
    startup_stm32f407xx.o(RESET) refers to startup_stm32f407xx.o(.text) for Reset_Handler
    startup_stm32f407xx.o(RESET) refers to stm32f4xx_it.o(i.NMI_Handler) for NMI_Handler
    startup_stm32f407xx.o(RESET) refers to stm32f4xx_it.o(i.HardFault_Handler) for HardFault_Handler
    startup_stm32f407xx.o(RESET) refers to stm32f4xx_it.o(i.MemManage_Handler) for MemManage_Handler
    startup_stm32f407xx.o(RESET) refers to stm32f4xx_it.o(i.BusFault_Handler) for BusFault_Handler
    startup_stm32f407xx.o(RESET) refers to stm32f4xx_it.o(i.UsageFault_Handler) for UsageFault_Handler
    startup_stm32f407xx.o(RESET) refers to port.o(.emb_text) for SVC_Handler
    startup_stm32f407xx.o(RESET) refers to stm32f4xx_it.o(i.DebugMon_Handler) for DebugMon_Handler
    startup_stm32f407xx.o(RESET) refers to stm32f4xx_it.o(i.SysTick_Handler) for SysTick_Handler
    startup_stm32f407xx.o(RESET) refers to stm32f4xx_it.o(i.EXTI0_IRQHandler) for EXTI0_IRQHandler
    startup_stm32f407xx.o(RESET) refers to stm32f4xx_it.o(i.EXTI3_IRQHandler) for EXTI3_IRQHandler
    startup_stm32f407xx.o(RESET) refers to stm32f4xx_it.o(i.EXTI4_IRQHandler) for EXTI4_IRQHandler
    startup_stm32f407xx.o(RESET) refers to stm32f4xx_it.o(i.CAN1_RX0_IRQHandler) for CAN1_RX0_IRQHandler
    startup_stm32f407xx.o(RESET) refers to stm32f4xx_it.o(i.EXTI9_5_IRQHandler) for EXTI9_5_IRQHandler
    startup_stm32f407xx.o(RESET) refers to remote_control.o(i.USART3_IRQHandler) for USART3_IRQHandler
    startup_stm32f407xx.o(RESET) refers to stm32f4xx_it.o(i.DMA2_Stream1_IRQHandler) for DMA2_Stream1_IRQHandler
    startup_stm32f407xx.o(RESET) refers to ins_task.o(i.DMA2_Stream2_IRQHandler) for DMA2_Stream2_IRQHandler
    startup_stm32f407xx.o(RESET) refers to stm32f4xx_it.o(i.CAN2_RX0_IRQHandler) for CAN2_RX0_IRQHandler
    startup_stm32f407xx.o(RESET) refers to stm32f4xx_it.o(i.DMA2_Stream6_IRQHandler) for DMA2_Stream6_IRQHandler
    startup_stm32f407xx.o(RESET) refers to stm32f4xx_it.o(i.DMA2_Stream7_IRQHandler) for DMA2_Stream7_IRQHandler
    startup_stm32f407xx.o(RESET) refers to referee_usart_task.o(i.USART6_IRQHandler) for USART6_IRQHandler
    startup_stm32f407xx.o(.text) refers (Special) to heapauxi.o(.text) for __use_two_region_memory
    startup_stm32f407xx.o(.text) refers to system_stm32f4xx.o(i.SystemInit) for SystemInit
    startup_stm32f407xx.o(.text) refers to __main.o(!!!main) for __main
    startup_stm32f407xx.o(.text) refers to startup_stm32f407xx.o(HEAP) for Heap_Mem
    startup_stm32f407xx.o(.text) refers to startup_stm32f407xx.o(STACK) for Stack_Mem
    main.o(i.SystemClock_Config) refers to rt_memclr_w.o(.text) for __aeabi_memclr4
    main.o(i.SystemClock_Config) refers to stm32f4xx_hal_rcc.o(i.HAL_RCC_OscConfig) for HAL_RCC_OscConfig
    main.o(i.SystemClock_Config) refers to main.o(i.Error_Handler) for Error_Handler
    main.o(i.SystemClock_Config) refers to stm32f4xx_hal_rcc.o(i.HAL_RCC_ClockConfig) for HAL_RCC_ClockConfig
    main.o(i.SystemClock_Config) refers to stm32f4xx_hal_rcc_ex.o(i.HAL_RCCEx_PeriphCLKConfig) for HAL_RCCEx_PeriphCLKConfig
    main.o(i.main) refers to stm32f4xx_hal.o(i.HAL_Init) for HAL_Init
    main.o(i.main) refers to main.o(i.SystemClock_Config) for SystemClock_Config
    main.o(i.main) refers to gpio.o(i.MX_GPIO_Init) for MX_GPIO_Init
    main.o(i.main) refers to dma.o(i.MX_DMA_Init) for MX_DMA_Init
    main.o(i.main) refers to can.o(i.MX_CAN1_Init) for MX_CAN1_Init
    main.o(i.main) refers to can.o(i.MX_CAN2_Init) for MX_CAN2_Init
    main.o(i.main) refers to spi.o(i.MX_SPI1_Init) for MX_SPI1_Init
    main.o(i.main) refers to tim.o(i.MX_TIM4_Init) for MX_TIM4_Init
    main.o(i.main) refers to tim.o(i.MX_TIM5_Init) for MX_TIM5_Init
    main.o(i.main) refers to usart.o(i.MX_USART3_UART_Init) for MX_USART3_UART_Init
    main.o(i.main) refers to tim.o(i.MX_TIM8_Init) for MX_TIM8_Init
    main.o(i.main) refers to i2c.o(i.MX_I2C3_Init) for MX_I2C3_Init
    main.o(i.main) refers to rtc.o(i.MX_RTC_Init) for MX_RTC_Init
    main.o(i.main) refers to tim.o(i.MX_TIM3_Init) for MX_TIM3_Init
    main.o(i.main) refers to tim.o(i.MX_TIM10_Init) for MX_TIM10_Init
    main.o(i.main) refers to usart.o(i.MX_USART1_UART_Init) for MX_USART1_UART_Init
    main.o(i.main) refers to usart.o(i.MX_USART6_UART_Init) for MX_USART6_UART_Init
    main.o(i.main) refers to bsp_can.o(i.can_filter_init) for can_filter_init
    main.o(i.main) refers to bsp_delay.o(i.delay_init) for delay_init
[...]
    flash_write_single_address               0x0800c63d   Thumb Code   136  bsp_flash.o(i.flash_write_single_address)
    fp32_constrain                           0x0800c6d5   Thumb Code    42  user_lib.o(i.fp32_constrain)
    get_CRC16_check_sum                      0x0800c7f5   Thumb Code    46  crc8_crc16.o(i.get_CRC16_check_sum)
    get_CRC8_check_sum                       0x0800c829   Thumb Code    30  crc8_crc16.o(i.get_CRC8_check_sum)
    get_INS_angle_point                      0x0800c84d   Thumb Code     4  ins_task.o(i.get_INS_angle_point)
    get_angle                                0x0800c855   Thumb Code   232  ahrs.o(i.get_angle)
    get_chassis_motor_measure_point          0x0800c93d   Thumb Code    18  can_receive.o(i.get_chassis_motor_measure_point)
    get_chassis_power_and_buffer             0x0800c955   Thumb Code    24  referee.o(i.get_chassis_power_and_buffer)
    get_control_temperature                  0x0800c971   Thumb Code     8  calibrate_task.o(i.get_control_temperature)
    get_error_list_point                     0x0800c97d   Thumb Code     4  detect_task.o(i.get_error_list_point)
    get_next_flash_address                   0x0800c985   Thumb Code   186  bsp_flash.o(i.get_next_flash_address)
    get_remote_control_point                 0x0800ca6d   Thumb Code     4  remote_control.o(i.get_remote_control_point)
    get_robot_id                             0x0800ca75   Thumb Code     6  referee.o(i.get_robot_id)
    gyro_offset_calc                         0x0800ca81   Thumb Code    78  ins_task.o(i.gyro_offset_calc)
    imu_pwm_set                              0x0800cda9   Thumb Code     8  bsp_imu_pwm.o(i.imu_pwm_set)
    init_referee_struct_data                 0x0800ce6d   Thumb Code   112  referee.o(i.init_referee_struct_data)
    ist8310_GPIO_init                        0x0800cf25   Thumb Code     2  ist8310driver_middleware.o(i.ist8310_GPIO_init)
    ist8310_IIC_read_single_reg              0x0800cf29   Thumb Code    36  ist8310driver_middleware.o(i.ist8310_IIC_read_single_reg)
    ist8310_IIC_write_single_reg             0x0800cf51   Thumb Code    34  ist8310driver_middleware.o(i.ist8310_IIC_write_single_reg)
    ist8310_RST_H                            0x0800cf79   Thumb Code    14  ist8310driver_middleware.o(i.ist8310_RST_H)
    ist8310_RST_L                            0x0800cf8d   Thumb Code    14  ist8310driver_middleware.o(i.ist8310_RST_L)
    ist8310_com_init                         0x0800cfa1   Thumb Code     2  ist8310driver_middleware.o(i.ist8310_com_init)
    ist8310_delay_ms                         0x0800cfa3   Thumb Code    12  ist8310driver_middleware.o(i.ist8310_delay_ms)
    ist8310_init                             0x0800cfb1   Thumb Code   142  ist8310driver.o(i.ist8310_init)
    led_RGB_flow_task                        0x0800d045   Thumb Code   422  led_flow_task.o(i.led_RGB_flow_task)
    loop_fp32_constrain                      0x0800d1f5   Thumb Code    96  user_lib.o(i.loop_fp32_constrain)
    main                                     0x0800d255   Thumb Code   100  main.o(i.main)
    osDelay                                  0x0800d2c7   Thumb Code    24  cmsis_os.o(i.osDelay)
    osKernelStart                            0x0800d2df   Thumb Code    10  cmsis_os.o(i.osKernelStart)
    osSystickHandler                         0x0800d2e9   Thumb Code    16  cmsis_os.o(i.osSystickHandler)
    osThreadCreate                           0x0800d2f9   Thumb Code    94  cmsis_os.o(i.osThreadCreate)
    pcTaskGetName                            0x0800d359   Thumb Code    44  tasks.o(i.pcTaskGetName)
    pvPortMalloc                             0x0800de31   Thumb Code   296  heap_4.o(i.pvPortMalloc)
    pxPortInitialiseStack                    0x0800df6d   Thumb Code    38  port.o(i.pxPortInitialiseStack)
    referee_data_solve                       0x0800e01d   Thumb Code   316  referee.o(i.referee_data_solve)
    referee_usart_task                       0x0800e2e9   Thumb Code    44  referee_usart_task.o(i.referee_usart_task)
    remote_control_init                      0x0800e321   Thumb Code    16  remote_control.o(i.remote_control_init)
    sqrtf                                    0x0800e40f   Thumb Code    62  sqrtf_full.o(i.sqrtf)
    test_task                                0x0800e44d   Thumb Code   106  test_task.o(i.test_task)
    toe_is_error                             0x0800e4c9   Thumb Code    20  detect_task.o(i.toe_is_error)
    ulTaskNotifyTake                         0x0800e4e1   Thumb Code   108  tasks.o(i.ulTaskNotifyTake)
    usart1_tx_dma_init                       0x0800e5d1   Thumb Code   104  bsp_usart.o(i.usart1_tx_dma_init)
    usart6_init                              0x0800e645   Thumb Code   286  bsp_usart.o(i.usart6_init)
    uxListRemove                             0x0800e77d   Thumb Code    40  list.o(i.uxListRemove)
    uxTaskGetStackHighWaterMark              0x0800e7a5   Thumb Code    34  tasks.o(i.uxTaskGetStackHighWaterMark)
    vApplicationGetIdleTaskMemory            0x0800e7cd   Thumb Code    14  freertos.o(i.vApplicationGetIdleTaskMemory)
    vApplicationGetTimerTaskMemory           0x0800e7e5   Thumb Code    16  freertos.o(i.vApplicationGetTimerTaskMemory)
    vListInitialise                          0x0800e7fd   Thumb Code    26  list.o(i.vListInitialise)
    vListInitialiseItem                      0x0800e817   Thumb Code     6  list.o(i.vListInitialiseItem)
    vListInsert                              0x0800e81d   Thumb Code    52  list.o(i.vListInsert)
    vListInsertEnd                           0x0800e851   Thumb Code    24  list.o(i.vListInsertEnd)
    vPortEnterCritical                       0x0800e869   Thumb Code    76  port.o(i.vPortEnterCritical)
    vPortExitCritical                        0x0800e8bd   Thumb Code    56  port.o(i.vPortExitCritical)
    vPortFree                                0x0800e8f9   Thumb Code   140  heap_4.o(i.vPortFree)
    vPortSetupTimerInterrupt                 0x0800e98d   Thumb Code    36  port.o(i.vPortSetupTimerInterrupt)
    vPortValidateInterruptPriority           0x0800e9b5   Thumb Code   106  port.o(i.vPortValidateInterruptPriority)
    vQueueAddToRegistry                      0x0800ea2d   Thumb Code    38  queue.o(i.vQueueAddToRegistry)
    vQueueWaitForMessageRestricted           0x0800ea59   Thumb Code    74  queue.o(i.vQueueWaitForMessageRestricted)
    vTaskDelay                               0x0800eaa5   Thumb Code    82  tasks.o(i.vTaskDelay)
    vTaskInternalSetTimeOutState             0x0800eb01   Thumb Code    14  tasks.o(i.vTaskInternalSetTimeOutState)
    vTaskMissedYield                         0x0800eb19   Thumb Code     8  tasks.o(i.vTaskMissedYield)
    vTaskNotifyGiveFromISR                   0x0800eb25   Thumb Code   216  tasks.o(i.vTaskNotifyGiveFromISR)
    vTaskPlaceOnEventList                    0x0800ec15   Thumb Code    52  tasks.o(i.vTaskPlaceOnEventList)
    vTaskPlaceOnEventListRestricted          0x0800ec4d   Thumb Code    60  tasks.o(i.vTaskPlaceOnEventListRestricted)
    vTaskStartScheduler                      0x0800ec8d   Thumb Code   156  tasks.o(i.vTaskStartScheduler)
    vTaskSuspendAll                          0x0800ed45   Thumb Code    12  tasks.o(i.vTaskSuspendAll)
    vTaskSwitchContext                       0x0800ed55   Thumb Code   118  tasks.o(i.vTaskSwitchContext)
    verify_CRC16_check_sum                   0x0800ede1   Thumb Code    60  crc8_crc16.o(i.verify_CRC16_check_sum)
    verify_CRC8_check_sum                    0x0800ee21   Thumb Code    46  crc8_crc16.o(i.verify_CRC8_check_sum)
    xPortStartScheduler                      0x0800ee51   Thumb Code   330  port.o(i.xPortStartScheduler)
    xPortSysTickHandler                      0x0800efb9   Thumb Code    46  port.o(i.xPortSysTickHandler)
    xQueueGenericCreateStatic                0x0800efed   Thumb Code   222  queue.o(i.xQueueGenericCreateStatic)
    xQueueGenericReset                       0x0800f0cd   Thumb Code   146  queue.o(i.xQueueGenericReset)
    xQueueGenericSend                        0x0800f165   Thumb Code   420  queue.o(i.xQueueGenericSend)
    xQueueGenericSendFromISR                 0x0800f30d   Thumb Code   248  queue.o(i.xQueueGenericSendFromISR)
    xQueueReceive                            0x0800f405   Thumb Code   356  queue.o(i.xQueueReceive)
    xTaskCheckForTimeOut                     0x0800f56d   Thumb Code   156  tasks.o(i.xTaskCheckForTimeOut)
    xTaskCreate                              0x0800f615   Thumb Code   100  tasks.o(i.xTaskCreate)
    xTaskCreateStatic                        0x0800f679   Thumb Code   184  tasks.o(i.xTaskCreateStatic)
    xTaskGetHandle                           0x0800f731   Thumb Code   142  tasks.o(i.xTaskGetHandle)
    xTaskGetSchedulerState                   0x0800f7d5   Thumb Code    24  tasks.o(i.xTaskGetSchedulerState)
    xTaskGetTickCount                        0x0800f7f5   Thumb Code     6  tasks.o(i.xTaskGetTickCount)
    xTaskIncrementTick                       0x0800f801   Thumb Code   282  tasks.o(i.xTaskIncrementTick)
    xTaskPriorityDisinherit                  0x0800f949   Thumb Code   188  tasks.o(i.xTaskPriorityDisinherit)
    xTaskRemoveFromEventList                 0x0800fa11   Thumb Code   128  tasks.o(i.xTaskRemoveFromEventList)
    xTaskResumeAll                           0x0800faa9   Thumb Code   224  tasks.o(i.xTaskResumeAll)
    xTimerCreateTimerTask                    0x0800fbad   Thumb Code   100  timers.o(i.xTimerCreateTimerTask)
    xTimerGenericCommand                     0x0800fc25   Thumb Code   128  timers.o(i.xTimerGenericCommand)
    __aeabi_d2f                              0x0800fca9   Thumb Code     0  d2f_clz.o(x$fpl$d2f)
    _d2f                                     0x0800fca9   Thumb Code   700  d2f_clz.o(x$fpl$d2f)
    __aeabi_dadd                             0x0800ff6d   Thumb Code     0  daddsub_clz.o(x$fpl$dadd)
    _dadd                                    0x0800ff6d   Thumb Code   580  daddsub_clz.o(x$fpl$dadd)
    __dflt_normalise                         0x080101b9   Thumb Code    26  dflt_clz.o(x$fpl$dfltn)
    __fpl_dnaninf                            0x080101d3   Thumb Code   258  dnaninf.o(x$fpl$dnaninf)
    __fpl_drenorm2                           0x080102d5   Thumb Code   106  drenorm_clz.o(x$fpl$drenorm)
    __fpl_drenorm1                           0x0801033f   Thumb Code     6  drenorm_clz.o(x$fpl$drenorm)
    __fpl_dretinf                            0x08010345   Thumb Code    12  dretinf.o(x$fpl$dretinf)
    __aeabi_dsub                             0x08010351   Thumb Code     0  daddsub_clz.o(x$fpl$dsub)
    _dsub                                    0x08010351   Thumb Code   664  daddsub_clz.o(x$fpl$dsub)
    __dunder                                 0x080105ed   Thumb Code   314  dunder_clz.o(x$fpl$dunder)
    __dunder_d                               0x08010727   Thumb Code    64  dunder_clz.o(x$fpl$dunder)
    __fpl_exception                          0x08010769   Thumb Code   454  except.o(x$fpl$exception)
    __aeabi_f2d                              0x08010955   Thumb Code     0  f2d.o(x$fpl$f2d)
    _f2d                                     0x08010955   Thumb Code   122  f2d.o(x$fpl$f2d)
    __fpl_fnaninf                            0x080109cf   Thumb Code   242  fnaninf.o(x$fpl$fnaninf)
    _fp_init                                 0x08010ac1   Thumb Code    10  fpinit.o(x$fpl$fpinit)
    __fplib_config_fpu_vfp                   0x08010ac9   Thumb Code     0  fpinit.o(x$fpl$fpinit)
    __fplib_config_pureend_doubles           0x08010ac9   Thumb Code     0  fpinit.o(x$fpl$fpinit)
    __fpl_fretinf                            0x08010acb   Thumb Code    10  fretinf.o(x$fpl$fretinf)
    __funder                                 0x08010ad5   Thumb Code   254  funder_clz.o(x$fpl$funder)
    __funder_d                               0x08010bd3   Thumb Code    62  funder_clz.o(x$fpl$funder)
    __fpl_return_NaN                         0x08010c11   Thumb Code   178  retnan.o(x$fpl$retnan)
    _fp_trapveneer                           0x08010cc3   Thumb Code    36  trapv.o(x$fpl$trapveneer)
    __fpl_cmpreturn                          0x08010ce7   Thumb Code    90  trapv.o(x$fpl$trapveneer)
    __I$use$fp                               0x08010d40   Number         0  usenofp.o(x$fpl$usenofp)
    AHBPrescTable                            0x08010e0c   Data          16  system_stm32f4xx.o(.constdata)
    APBPrescTable                            0x08010e1c   Data           8  system_stm32f4xx.o(.constdata)
    CRC8_INIT                                0x08010ede   Data           1  crc8_crc16.o(.constdata)
    CRC8_table                               0x08010edf   Data         256  crc8_crc16.o(.constdata)
    wCRC_table                               0x08010fe0   Data         512  crc8_crc16.o(.constdata)
    sinTable_f32                             0x080111ec   Data        2052  arm_common_tables.o(.constdata)
    Region$$Table$$Base                      0x08011a28   Number         0  anon$$obj.o(Region$$Table)
    Region$$Table$$Limit                     0x08011a48   Number         0  anon$$obj.o(Region$$Table)
    calibrate_tast_handle                    0x20000004   Data           4  freertos.o(.data)
    chassisTaskHandle                        0x20000008   Data           4  freertos.o(.data)
    detect_handle                            0x2000000c   Data           4  freertos.o(.data)
    imuTaskHandle                            0x20000010   Data           4  freertos.o(.data)
    led_RGB_flow_handle                      0x20000014   Data           4  freertos.o(.data)
    referee_usart_task_handle                0x20000018   Data           4  freertos.o(.data)
    testHandle                               0x2000001c   Data           4  freertos.o(.data)
    uwTick                                   0x20000020   Data           4  stm32f4xx_hal.o(.data)
    uwTickPrio                               0x20000024   Data           4  stm32f4xx_hal.o(.data)
    uwTickFreq                               0x20000028   Data           1  stm32f4xx_hal.o(.data)
    SystemCoreClock                          0x2000002c   Data           4  system_stm32f4xx.o(.data)
    pxCurrentTCB                             0x20000030   Data           4  tasks.o(.data)
    calibrate_task_stack                     0x200000c4   Data           4  calibrate_task.o(.data)
    cali_hook_fun                            0x200000f0   Data          20  calibrate_task.o(.data)
    chassis_behaviour_mode                   0x2000012c   Data           1  chassis_behaviour.o(.data)
    chassis_high_water                       0x20000140   Data           4  chassis_task.o(.data)
    z_buffer                                 0x20000144   Data           2  chassis_task.o(.data)
    z_buffer_                                0x20000146   Data           2  chassis_task.o(.data)
    vz_ponson                                0x20000148   Data           4  chassis_task.o(.data)
    spin_flag                                0x2000014c   Data           1  chassis_task.o(.data)
    detect_task_stack                        0x20000150   Data           4  detect_task.o(.data)
    gyro_dma_rx_buf                          0x20000160   Data           8  ins_task.o(.data)
    gyro_dma_tx_buf                          0x20000168   Data           8  ins_task.o(.data)
    accel_dma_tx_buf                         0x20000170   Data           9  ins_task.o(.data)
    accel_temp_dma_rx_buf                    0x20000179   Data           4  ins_task.o(.data)
    accel_temp_dma_tx_buf                    0x2000017d   Data           4  ins_task.o(.data)
    gyro_update_flag                         0x20000181   Data           1  ins_task.o(.data)
    accel_update_flag                        0x20000182   Data           1  ins_task.o(.data)
    accel_temp_update_flag                   0x20000183   Data           1  ins_task.o(.data)
    mag_update_flag                          0x20000184   Data           1  ins_task.o(.data)
    imu_start_dma_flag                       0x20000185   Data           1  ins_task.o(.data)
    gyro_scale_factor                        0x20000188   Data          36  ins_task.o(.data)
    accel_scale_factor                       0x200001ac   Data          36  ins_task.o(.data)
    mag_scale_factor                         0x200001d0   Data          36  ins_task.o(.data)
    RGB_flow_color                           0x200001fc   Data          28  led_flow_task.o(.data)
    error_list_test_local                    0x2000021c   Data           4  test_task.o(.data)
    referee_receive_header                   0x20000228   Data           5  referee.o(.data)
    referee_send_header                      0x2000022d   Data           5  referee.o(.data)
    game_state                               0x20000232   Data           3  referee.o(.data)
    game_result                              0x20000235   Data           1  referee.o(.data)
    field_event                              0x20000236   Data           4  referee.o(.data)
    supply_projectile_action_t               0x2000023a   Data           4  referee.o(.data)
    supply_projectile_booking_t              0x2000023e   Data           3  referee.o(.data)
    referee_warning_t                        0x20000241   Data           2  referee.o(.data)
    buff_musk_t                              0x20000243   Data           1  referee.o(.data)
    robot_energy_t                           0x20000244   Data           2  referee.o(.data)
    robot_hurt_t                             0x20000246   Data           1  referee.o(.data)
    shoot_data_t                             0x20000247   Data           6  referee.o(.data)
    bullet_remaining_t                       0x2000024d   Data           1  referee.o(.data)
    BMI088_ACCEL_SEN                         0x20000250   Data           4  bmi088driver.o(.data)
    BMI088_GYRO_SEN                          0x20000254   Data           4  bmi088driver.o(.data)
    CRC16_INIT                               0x2000027c   Data           2  crc8_crc16.o(.data)
    hcan1                                    0x20000290   Data          40  can.o(.bss)
    hcan2                                    0x200002b8   Data          40  can.o(.bss)
    hi2c3                                    0x20000988   Data          84  i2c.o(.bss)
    hrtc                                     0x200009dc   Data          32  rtc.o(.bss)
    hspi1                                    0x200009fc   Data          88  spi.o(.bss)
    hdma_spi1_rx                             0x20000a54   Data          96  spi.o(.bss)
    hdma_spi1_tx                             0x20000ab4   Data          96  spi.o(.bss)
    htim3                                    0x20000b14   Data          64  tim.o(.bss)
    htim4                                    0x20000b54   Data          64  tim.o(.bss)
    htim5                                    0x20000b94   Data          64  tim.o(.bss)
    htim8                                    0x20000bd4   Data          64  tim.o(.bss)
    htim10                                   0x20000c14   Data          64  tim.o(.bss)
    huart1                                   0x20000c54   Data          64  usart.o(.bss)
    huart3                                   0x20000c94   Data          64  usart.o(.bss)
    huart6                                   0x20000cd4   Data          64  usart.o(.bss)
    hdma_usart1_tx                           0x20000d14   Data          96  usart.o(.bss)
    hdma_usart3_rx                           0x20000d74   Data          96  usart.o(.bss)
    hdma_usart6_rx                           0x20000dd4   Data          96  usart.o(.bss)
    hdma_usart6_tx                           0x20000e34   Data          96  usart.o(.bss)
    pFlash                                   0x20000e94   Data          32  stm32f4xx_hal_flash.o(.bss)
    xQueueRegistry                           0x20000eb4   Data          64  queue.o(.bss)
    cali_sensor                              0x200071c8   Data          65  calibrate_task.o(.bss)
    chassis_move                             0x20007284   Data         548  chassis_task.o(.bss)
    error_list                               0x200074a8   Data         540  detect_task.o(.bss)
    accel_dma_rx_buf                         0x200076c4   Data           9  ins_task.o(.bss)
    bmi088_real_data                         0x200076d0   Data          36  ins_task.o(.bss)
    gyro_offset                              0x200076f4   Data          12  ins_task.o(.bss)
    gyro_cali_offset                         0x20007700   Data          12  ins_task.o(.bss)
    accel_offset                             0x2000770c   Data          12  ins_task.o(.bss)
    accel_cali_offset                        0x20007718   Data          12  ins_task.o(.bss)
    ist8310_real_data                        0x20007724   Data          16  ins_task.o(.bss)
    mag_offset                               0x20007734   Data          12  ins_task.o(.bss)
    mag_cali_offset                          0x20007740   Data          12  ins_task.o(.bss)
    INS_angle                                0x200077ec   Data          12  ins_task.o(.bss)
    rc_ctrl                                  0x200077f8   Data          22  remote_control.o(.bss)
    usart6_buf                               0x20007858   Data        1024  referee_usart_task.o(.bss)
    referee_fifo                             0x20007c58   Data          24  referee_usart_task.o(.bss)
    referee_fifo_buf                         0x20007c70   Data        1024  referee_usart_task.o(.bss)
    referee_unpack_obj                       0x20008070   Data         137  referee_usart_task.o(.bss)
    game_robot_HP_t                          0x200080f9   Data          28  referee.o(.bss)
    robot_state                              0x20008115   Data          15  referee.o(.bss)
    power_heat_data_t                        0x20008124   Data          14  referee.o(.bss)
    game_robot_pos_t                         0x20008132   Data          16  referee.o(.bss)
    student_interactive_data_t               0x20008142   Data          12  referee.o(.bss)
    __libspace_start                         0x20008150   Data          96  libspace.o(.bss)
    __temporary_stack_top$libspace           0x200081b0   Data           0  libspace.o(.bss)



==============================================================================

Memory Map of the image

  Image Entry point : 0x08000189

  Load Region LR_IROM1 (Base: 0x08000000, Size: 0x00011cd8, Max: 0x00100000, ABSOLUTE, COMPRESSED[0x00011ae8])

    Execution Region ER_IROM1 (Exec base: 0x08000000, Load base: 0x08000000, Size: 0x00011a48, Max: 0x00100000, ABSOLUTE)

    Exec Addr    Load Addr    Size         Type   Attr      Idx    E Section Name        Object

    0x08000000   0x08000000   0x00000188   Data   RO            3    RESET               startup_stm32f407xx.o
    0x08000188   0x08000188   0x00000008   Code   RO         8694  * !!!main             c_w.l(__main.o)
    0x08000190   0x08000190   0x00000034   Code   RO         9040    !!!scatter          c_w.l(__scatter.o)
    0x080001c4   0x080001c4   0x0000005a   Code   RO         9038    !!dczerorl2         c_w.l(__dczerorl2.o)
    0x0800021e   0x0800021e   0x00000002   PAD
    0x08000220   0x08000220   0x0000001c   Code   RO         9042    !!handler_zi        c_w.l(__scatter_zi.o)
    0x0800023c   0x0800023c   0x00000002   Code   RO         8975    .ARM.Collect$$libinit$$00000000  c_w.l(libinit.o)
    0x0800023e   0x0800023e   0x00000004   Code   RO         8808    .ARM.Collect$$libinit$$00000001  c_w.l(libinit2.o)
    0x08000242   0x08000242   0x00000000   Code   RO         8811    .ARM.Collect$$libinit$$00000004  c_w.l(libinit2.o)
    0x08000242   0x08000242   0x00000000   Code   RO         8814    .ARM.Collect$$libinit$$0000000A  c_w.l(libinit2.o)
    0x08000242   0x08000242   0x00000000   Code   RO         8816    .ARM.Collect$$libinit$$0000000C  c_w.l(libinit2.o)
    0x08000242   0x08000242   0x00000000   Code   RO         8818    .ARM.Collect$$libinit$$0000000E  c_w.l(libinit2.o)
    0x08000242   0x08000242   0x00000000   Code   RO         8821    .ARM.Collect$$libinit$$00000011  c_w.l(libinit2.o)
    0x08000242   0x08000242   0x00000000   Code   RO         8823    .ARM.Collect$$libinit$$00000013  c_w.l(libinit2.o)
    0x08000242   0x08000242   0x00000000   Code   RO         8825    .ARM.Collect$$libinit$$00000015  c_w.l(libinit2.o)
    0x08000242   0x08000242   0x00000000   Code   RO         8827    .ARM.Collect$$libinit$$00000017  c_w.l(libinit2.o)
    0x08000242   0x08000242   0x00000000   Code   RO         8829    .ARM.Collect$$libinit$$00000019  c_w.l(libinit2.o)
    0x08000242   0x08000242   0x00000000   Code   RO         8831    .ARM.Collect$$libinit$$0000001B  c_w.l(libinit2.o)
    0x08000242   0x08000242   0x00000000   Code   RO         8833    .ARM.Collect$$libinit$$0000001D  c_w.l(libinit2.o)
    0x08000242   0x08000242   0x00000000   Code   RO         8835    .ARM.Collect$$libinit$$0000001F  c_w.l(libinit2.o)
    0x08000242   0x08000242   0x00000000   Code   RO         8837    .ARM.Collect$$libinit$$00000021  c_w.l(libinit2.o)
    0x08000242   0x08000242   0x00000000   Code   RO         8839    .ARM.Collect$$libinit$$00000023  c_w.l(libinit2.o)
    0x08000242   0x08000242   0x00000000   Code   RO         8841    .ARM.Collect$$libinit$$00000025  c_w.l(libinit2.o)
    0x08000242   0x08000242   0x00000000   Code   RO         8845    .ARM.Collect$$libinit$$0000002C  c_w.l(libinit2.o)
    0x08000242   0x08000242   0x00000000   Code   RO         8847    .ARM.Collect$$libinit$$0000002E  c_w.l(libinit2.o)
    0x08000242   0x08000242   0x00000000   Code   RO         8849    .ARM.Collect$$libinit$$00000030  c_w.l(libinit2.o)
    0x08000242   0x08000242   0x00000000   Code   RO         8851    .ARM.Collect$$libinit$$00000032  c_w.l(libinit2.o)
    0x08000242   0x08000242   0x00000002   Code   RO         8852    .ARM.Collect$$libinit$$00000033  c_w.l(libinit2.o)
    0x08000244   0x08000244   0x00000002   Code   RO         9035    .ARM.Collect$$libshutdown$$00000000  c_w.l(libshutdown.o)
    0x08000246   0x08000246   0x00000000   Code   RO         8991    .ARM.Collect$$libshutdown$$00000002  c_w.l(libshutdown2.o)
    0x08000246   0x08000246   0x00000000   Code   RO         8993    .ARM.Collect$$libshutdown$$00000004  c_w.l(libshutdown2.o)
    0x08000246   0x08000246   0x00000000   Code   RO         8995    .ARM.Collect$$libshutdown$$00000006  c_w.l(libshutdown2.o)
    0x08000246   0x08000246   0x00000000   Code   RO         8998    .ARM.Collect$$libshutdown$$00000009  c_w.l(libshutdown2.o)
    0x08000246   0x08000246   0x00000000   Code   RO         9001    .ARM.Collect$$libshutdown$$0000000C  c_w.l(libshutdown2.o)
    0x08000246   0x08000246   0x00000000   Code   RO         9003    .ARM.Collect$$libshutdown$$0000000E  c_w.l(libshutdown2.o)
    0x08000246   0x08000246   0x00000000   Code   RO         9006    .ARM.Collect$$libshutdown$$00000011  c_w.l(libshutdown2.o)
    0x08000246   0x08000246   0x00000002   Code   RO         9007    .ARM.Collect$$libshutdown$$00000012  c_w.l(libshutdown2.o)
    0x08000248   0x08000248   0x00000000   Code   RO         8774    .ARM.Collect$$rtentry$$00000000  c_w.l(__rtentry.o)
    0x08000248   0x08000248   0x00000000   Code   RO         8901    .ARM.Collect$$rtentry$$00000002  c_w.l(__rtentry2.o)
    0x08000248   0x08000248   0x00000006   Code   RO         8913    .ARM.Collect$$rtentry$$00000004  c_w.l(__rtentry4.o)
    0x0800024e   0x0800024e   0x00000000   Code   RO         8903    .ARM.Collect$$rtentry$$00000009  c_w.l(__rtentry2.o)
    0x0800024e   0x0800024e   0x00000004   Code   RO         8904    .ARM.Collect$$rtentry$$0000000A  c_w.l(__rtentry2.o)
    0x08000252   0x08000252   0x00000000   Code   RO         8906    .ARM.Collect$$rtentry$$0000000C  c_w.l(__rtentry2.o)
    0x08000252   0x08000252   0x00000008   Code   RO         8907    .ARM.Collect$$rtentry$$0000000D  c_w.l(__rtentry2.o)
    0x0800025a   0x0800025a   0x00000002   Code   RO         8978    .ARM.Collect$$rtexit$$00000000  c_w.l(rtexit.o)
    0x0800025c   0x0800025c   0x00000000   Code   RO         9011    .ARM.Collect$$rtexit$$00000002  c_w.l(rtexit2.o)
    0x0800025c   0x0800025c   0x00000004   Code   RO         9012    .ARM.Collect$$rtexit$$00000003  c_w.l(rtexit2.o)
    0x08000260   0x08000260   0x00000006   Code   RO         9013    .ARM.Collect$$rtexit$$00000004  c_w.l(rtexit2.o)
    0x08000266   0x08000266   0x00000002   PAD
    0x08000268   0x08000268   0x000000be   Code   RO         6130    .emb_text           port.o
    0x08000326   0x08000326   0x00000002   PAD
    0x08000328   0x08000328   0x00000040   Code   RO            4    .text               startup_stm32f407xx.o
    0x08000368   0x08000368   0x00000078   Code   RO         8456    .text               arm_cortexM4lf_math.lib(arm_cos_f32.o)
    0x080003e0   0x080003e0   0x00000074   Code   RO         8509    .text               arm_cortexM4lf_math.lib(arm_sin_f32.o)
    0x08000454   0x08000454   0x000000ee   Code   RO         8676    .text               c_w.l(lludivv7m.o)
    0x08000542   0x08000542   0x0000003e   Code   RO         8678    .text               c_w.l(strlen.o)
    0x08000580   0x08000580   0x0000008a   Code   RO         8680    .text               c_w.l(rt_memcpy_v6.o)
    0x0800060a   0x0800060a   0x00000064   Code   RO         8682    .text               c_w.l(rt_memcpy_w.o)
    0x0800066e   0x0800066e   0x00000010   Code   RO         8686    .text               c_w.l(aeabi_memset.o)
    0x0800067e   0x0800067e   0x00000044   Code   RO         8688    .text               c_w.l(rt_memclr.o)
    0x080006c2   0x080006c2   0x0000004e   Code   RO         8690    .text               c_w.l(rt_memclr_w.o)
    0x08000710   0x08000710   0x00000006   Code   RO         8692    .text               c_w.l(heapauxi.o)
    0x08000716   0x08000716   0x00000016   Code   RO         8804    .text               c_w.l(_rserrno.o)
    0x0800072c   0x0800072c   0x00000008   Code   RO         8897    .text               c_w.l(libspace.o)
    0x08000734   0x08000734   0x00000008   Code   RO         8920    .text               c_w.l(rt_errno_addr_intlibspace.o)
    0x0800073c   0x0800073c   0x00000030   Code   RO         8930    .text               c_w.l(_fptrap.o)
    0x0800076c   0x0800076c   0x00000002   Code   RO         8947    .text               c_w.l(use_no_semi.o)
    0x0800076e   0x0800076e   0x00000000   Code   RO         8949    .text               c_w.l(indicate_semi.o)
    0x0800076e   0x0800076e   0x0000004a   Code   RO         8950    .text               c_w.l(sys_stackheap_outer.o)
    0x080007b8   0x080007b8   0x00000012   Code   RO         8956    .text               c_w.l(exit.o)
    0x080007ca   0x080007ca   0x0000000a   Code   RO         8958    .text               c_w.l(defsig_exit.o)
    0x080007d4   0x080007d4   0x0000000e   Code   RO         8960    .text               c_w.l(defsig_fpe_outer.o)
    0x080007e2   0x080007e2   0x00000002   PAD
    0x080007e4   0x080007e4   0x0000000c   Code   RO         8976    .text               c_w.l(sys_exit.o)
    0x080007f0   0x080007f0   0x00000032   Code   RO         8986    .text               c_w.l(defsig_general.o)
    0x08000822   0x08000822   0x00000002   PAD
    0x08000824   0x08000824   0x000000ac   Code   RO         8988    .text               c_w.l(defsig_fpe_inner.o)
    0x080008d0   0x080008d0   0x0000000e   Code   RO         9008    .text               c_w.l(sys_wrch.o)
    0x080008de   0x080008de   0x00000018   Code   RO         7733    i.AHRS_asinf        ahrs_middleware.o
    0x080008f6   0x080008f6   0x00000020   Code   RO         7734    i.AHRS_atan2f       ahrs_middleware.o
    0x08000916   0x08000916   0x00000018   Code   RO         7735    i.AHRS_cosf         ahrs_middleware.o
    0x0800092e   0x0800092e   0x0000001a   Code   RO         8366    i.AHRS_fabs         AHRS.lib(ahrs.o)
    0x08000948   0x08000948   0x00000010   Code   RO         7736    i.AHRS_get_height   ahrs_middleware.o
    0x08000958   0x08000958   0x0000000c   Code   RO         7737    i.AHRS_get_latitude  ahrs_middleware.o
    0x08000964   0x08000964   0x0000029c   Code   RO         8367    i.AHRS_init         AHRS.lib(ahrs.o)
    0x08000c00   0x08000c00   0x00000024   Code   RO         7738    i.AHRS_invSqrt      ahrs_middleware.o
    0x08000c24   0x08000c24   0x00000018   Code   RO         7739    i.AHRS_sinf         ahrs_middleware.o
    0x08000c3c   0x08000c3c   0x0000013a   Code   RO         8368    i.AHRS_update       AHRS.lib(ahrs.o)
    0x08000d76   0x08000d76   0x00000002   PAD
    0x08000d78   0x08000d78   0x00000014   Code   RO         7551    i.BMI088_ACCEL_NS_H  bmi088middleware.o
    0x08000d8c   0x08000d8c   0x00000014   Code   RO         7552    i.BMI088_ACCEL_NS_L  bmi088middleware.o
    0x08000da0   0x08000da0   0x00000002   Code   RO         7553    i.BMI088_GPIO_init  bmi088middleware.o
    0x08000da2   0x08000da2   0x00000002   PAD
    0x08000da4   0x08000da4   0x00000014   Code   RO         7554    i.BMI088_GYRO_NS_H  bmi088middleware.o
    0x08000db8   0x08000db8   0x00000014   Code   RO         7555    i.BMI088_GYRO_NS_L  bmi088middleware.o
    0x08000dcc   0x08000dcc   0x00000090   Code   RO         7415    i.BMI088_accel_read_over  bmi088driver.o
    0x08000e5c   0x08000e5c   0x00000002   Code   RO         7556    i.BMI088_com_init   bmi088middleware.o
    0x08000e5e   0x08000e5e   0x0000000c   Code   RO         7557    i.BMI088_delay_ms   bmi088middleware.o
    0x08000e6a   0x08000e6a   0x0000000c   Code   RO         7558    i.BMI088_delay_us   bmi088middleware.o
    0x08000e76   0x08000e76   0x00000002   PAD
    0x08000e78   0x08000e78   0x00000068   Code   RO         7416    i.BMI088_gyro_read_over  bmi088driver.o
    0x08000ee0   0x08000ee0   0x00000034   Code   RO         7417    i.BMI088_init       bmi088driver.o
    0x08000f14   0x08000f14   0x0000017c   Code   RO         7418    i.BMI088_read       bmi088driver.o
    0x08001090   0x08001090   0x00000026   Code   RO         7421    i.BMI088_read_muli_reg  bmi088driver.o
    0x080010b6   0x080010b6   0x00000018   Code   RO         7422    i.BMI088_read_single_reg  bmi088driver.o
    0x080010ce   0x080010ce   0x00000002   PAD
    0x080010d0   0x080010d0   0x00000020   Code   RO         7559    i.BMI088_read_write_byte  bmi088middleware.o
    0x080010f0   0x080010f0   0x00000034   Code   RO         7423    i.BMI088_temperature_read_over  bmi088driver.o
    0x08001124   0x08001124   0x00000014   Code   RO         7424    i.BMI088_write_single_reg  bmi088driver.o
    0x08001138   0x08001138   0x00000004   Code   RO          685    i.BusFault_Handler  stm32f4xx_it.o
    0x0800113c   0x0800113c   0x00000010   Code   RO          686    i.CAN1_RX0_IRQHandler  stm32f4xx_it.o
    0x0800114c   0x0800114c   0x00000010   Code   RO          687    i.CAN2_RX0_IRQHandler  stm32f4xx_it.o
    0x0800115c   0x0800115c   0x00000050   Code   RO         6714    i.CAN_cmd_chassis   can_receive.o
    0x080011ac   0x080011ac   0x00000044   Code   RO         6715    i.CAN_cmd_chassis_reset_ID  can_receive.o
    0x080011f0   0x080011f0   0x00000010   Code   RO          688    i.DMA2_Stream1_IRQHandler  stm32f4xx_it.o
    0x08001200   0x08001200   0x00000898   Code   RO         7008    i.DMA2_Stream2_IRQHandler  ins_task.o
    0x08001a98   0x08001a98   0x00000010   Code   RO          689    i.DMA2_Stream6_IRQHandler  stm32f4xx_it.o
    0x08001aa8   0x08001aa8   0x00000010   Code   RO          690    i.DMA2_Stream7_IRQHandler  stm32f4xx_it.o
    0x08001ab8   0x08001ab8   0x00000034   Code   RO         4003    i.DMA_CalcBaseAndBitshift  stm32f4xx_hal_dma.o
    0x08001aec   0x08001aec   0x000000aa   Code   RO         4004    i.DMA_CheckFifoParam  stm32f4xx_hal_dma.o
    0x08001b96   0x08001b96   0x00000002   Code   RO          691    i.DebugMon_Handler  stm32f4xx_it.o
    0x08001b98   0x08001b98   0x0000000a   Code   RO          692    i.EXTI0_IRQHandler  stm32f4xx_it.o
    0x08001ba2   0x08001ba2   0x0000000a   Code   RO          693    i.EXTI3_IRQHandler  stm32f4xx_it.o
    0x08001bac   0x08001bac   0x0000000a   Code   RO          694    i.EXTI4_IRQHandler  stm32f4xx_it.o
    0x08001bb6   0x08001bb6   0x0000000a   Code   RO          695    i.EXTI9_5_IRQHandler  stm32f4xx_it.o
    0x08001bc0   0x08001bc0   0x00000002   Code   RO           13    i.Error_Handler     main.o
    0x08001bc2   0x08001bc2   0x00000002   PAD
    0x08001bc4   0x08001bc4   0x0000005c   Code   RO         3773    i.FLASH_Erase_Sector  stm32f4xx_hal_flash_ex.o
    0x08001c20   0x08001c20   0x00000078   Code   RO         3774    i.FLASH_FlushCaches  stm32f4xx_hal_flash_ex.o
    0x08001c98   0x08001c98   0x00000030   Code   RO         3775    i.FLASH_MassErase   stm32f4xx_hal_flash_ex.o
    0x08001cc8   0x08001cc8   0x00000024   Code   RO         3655    i.FLASH_Program_Byte  stm32f4xx_hal_flash.o
    0x08001cec   0x08001cec   0x0000002c   Code   RO         3656    i.FLASH_Program_DoubleWord  stm32f4xx_hal_flash.o
    0x08001d18   0x08001d18   0x00000028   Code   RO         3657    i.FLASH_Program_HalfWord  stm32f4xx_hal_flash.o
    0x08001d40   0x08001d40   0x00000028   Code   RO         3658    i.FLASH_Program_Word  stm32f4xx_hal_flash.o
    0x08001d68   0x08001d68   0x00000098   Code   RO         3659    i.FLASH_SetErrorCode  stm32f4xx_hal_flash.o
    0x08001e00   0x08001e00   0x00000064   Code   RO         3660    i.FLASH_WaitForLastOperation  stm32f4xx_hal_flash.o
    0x08001e64   0x08001e64   0x0000002a   Code   RO          828    i.HAL_CAN_ActivateNotification  stm32f4xx_hal_can.o
    0x08001e8e   0x08001e8e   0x00000156   Code   RO          829    i.HAL_CAN_AddTxMessage  stm32f4xx_hal_can.o
    0x08001fe4   0x08001fe4   0x00000124   Code   RO          830    i.HAL_CAN_ConfigFilter  stm32f4xx_hal_can.o
    0x08002108   0x08002108   0x00000002   Code   RO          833    i.HAL_CAN_ErrorCallback  stm32f4xx_hal_can.o
    0x0800210a   0x0800210a   0x0000017c   Code   RO          836    i.HAL_CAN_GetRxMessage  stm32f4xx_hal_can.o
    0x08002286   0x08002286   0x0000024e   Code   RO          840    i.HAL_CAN_IRQHandler  stm32f4xx_hal_can.o
    0x080024d4   0x080024d4   0x00000174   Code   RO          841    i.HAL_CAN_Init      stm32f4xx_hal_can.o
    0x08002648   0x08002648   0x00000160   Code   RO          305    i.HAL_CAN_MspInit   can.o
    0x080027a8   0x080027a8   0x00000002   Code   RO          848    i.HAL_CAN_RxFifo0FullCallback  stm32f4xx_hal_can.o
    0x080027aa   0x080027aa   0x00000002   PAD
    0x080027ac   0x080027ac   0x000000dc   Code   RO         6717    i.HAL_CAN_RxFifo0MsgPendingCallback  can_receive.o
    0x08002888   0x08002888   0x00000002   Code   RO          850    i.HAL_CAN_RxFifo1FullCallback  stm32f4xx_hal_can.o
    0x0800288a   0x0800288a   0x00000002   Code   RO          851    i.HAL_CAN_RxFifo1MsgPendingCallback  stm32f4xx_hal_can.o
    0x0800288c   0x0800288c   0x00000002   Code   RO          852    i.HAL_CAN_SleepCallback  stm32f4xx_hal_can.o
    0x0800288e   0x0800288e   0x0000005e   Code   RO          853    i.HAL_CAN_Start     stm32f4xx_hal_can.o
    0x080028ec   0x080028ec   0x00000002   Code   RO          855    i.HAL_CAN_TxMailbox0AbortCallback  stm32f4xx_hal_can.o
    0x080028ee   0x080028ee   0x00000002   Code   RO          856    i.HAL_CAN_TxMailbox0CompleteCallback  stm32f4xx_hal_can.o
    0x080028f0   0x080028f0   0x00000002   Code   RO          857    i.HAL_CAN_TxMailbox1AbortCallback  stm32f4xx_hal_can.o
    0x080028f2   0x080028f2   0x00000002   Code   RO          858    i.HAL_CAN_TxMailbox1CompleteCallback  stm32f4xx_hal_can.o
    0x080028f4   0x080028f4   0x00000002   Code   RO          859    i.HAL_CAN_TxMailbox2AbortCallback  stm32f4xx_hal_can.o
    0x080028f6   0x080028f6   0x00000002   Code   RO          860    i.HAL_CAN_TxMailbox2CompleteCallback  stm32f4xx_hal_can.o
    0x080028f8   0x080028f8   0x00000002   Code   RO          862    i.HAL_CAN_WakeUpFromRxMsgCallback  stm32f4xx_hal_can.o
    0x080028fa   0x080028fa   0x00000002   PAD
    0x080028fc   0x080028fc   0x00000240   Code   RO         4011    i.HAL_DMA_IRQHandler  stm32f4xx_hal_dma.o
    0x08002b3c   0x08002b3c   0x000000ec   Code   RO         4012    i.HAL_DMA_Init      stm32f4xx_hal_dma.o
    0x08002c28   0x08002c28   0x000000ac   Code   RO         3785    i.HAL_FLASHEx_Erase  stm32f4xx_hal_flash_ex.o
    0x08002cd4   0x08002cd4   0x00000014   Code   RO         3664    i.HAL_FLASH_Lock    stm32f4xx_hal_flash.o
    0x08002ce8   0x08002ce8   0x00000098   Code   RO         3669    i.HAL_FLASH_Program  stm32f4xx_hal_flash.o
    0x08002d80   0x08002d80   0x00000034   Code   RO         3671    i.HAL_FLASH_Unlock  stm32f4xx_hal_flash.o
    0x08002db4   0x08002db4   0x000000b8   Code   RO         7009    i.HAL_GPIO_EXTI_Callback  ins_task.o
    0x08002e6c   0x08002e6c   0x0000001c   Code   RO         3898    i.HAL_GPIO_EXTI_IRQHandler  stm32f4xx_hal_gpio.o
    0x08002e88   0x08002e88   0x00000200   Code   RO         3899    i.HAL_GPIO_Init     stm32f4xx_hal_gpio.o
    0x08003088   0x08003088   0x0000000c   Code   RO         3903    i.HAL_GPIO_WritePin  stm32f4xx_hal_gpio.o
    0x08003094   0x08003094   0x0000000c   Code   RO         4436    i.HAL_GetTick       stm32f4xx_hal.o
    0x080030a0   0x080030a0   0x000001b8   Code   RO         1072    i.HAL_I2C_Init      stm32f4xx_hal_i2c.o
    0x08003258   0x08003258   0x000002f4   Code   RO         1090    i.HAL_I2C_Mem_Read  stm32f4xx_hal_i2c.o
    0x0800354c   0x0800354c   0x00000164   Code   RO         1093    i.HAL_I2C_Mem_Write  stm32f4xx_hal_i2c.o
    0x080036b0   0x080036b0   0x000000c8   Code   RO          434    i.HAL_I2C_MspInit   i2c.o
    0x08003778   0x08003778   0x00000018   Code   RO         4442    i.HAL_IncTick       stm32f4xx_hal.o
    0x08003790   0x08003790   0x0000003c   Code   RO         4443    i.HAL_Init          stm32f4xx_hal.o
    0x080037cc   0x080037cc   0x0000004c   Code   RO         4444    i.HAL_InitTick      stm32f4xx_hal.o
    0x08003818   0x08003818   0x00000054   Code   RO          803    i.HAL_MspInit       stm32f4xx_hal_msp.o
    0x0800386c   0x0800386c   0x00000020   Code   RO         4288    i.HAL_NVIC_EnableIRQ  stm32f4xx_hal_cortex.o
    0x0800388c   0x0800388c   0x0000007c   Code   RO         4294    i.HAL_NVIC_SetPriority  stm32f4xx_hal_cortex.o
    0x08003908   0x08003908   0x00000028   Code   RO         4295    i.HAL_NVIC_SetPriorityGrouping  stm32f4xx_hal_cortex.o
    0x08003930   0x08003930   0x000001a0   Code   RO         3605    i.HAL_RCCEx_PeriphCLKConfig  stm32f4xx_hal_rcc_ex.o
    0x08003ad0   0x08003ad0   0x00000180   Code   RO         3500    i.HAL_RCC_ClockConfig  stm32f4xx_hal_rcc.o
    0x08003c50   0x08003c50   0x0000000c   Code   RO         3505    i.HAL_RCC_GetHCLKFreq  stm32f4xx_hal_rcc.o
    0x08003c5c   0x08003c5c   0x00000020   Code   RO         3507    i.HAL_RCC_GetPCLK1Freq  stm32f4xx_hal_rcc.o
    0x08003c7c   0x08003c7c   0x00000020   Code   RO         3508    i.HAL_RCC_GetPCLK2Freq  stm32f4xx_hal_rcc.o
    0x08003c9c   0x08003c9c   0x000000b0   Code   RO         3509    i.HAL_RCC_GetSysClockFreq  stm32f4xx_hal_rcc.o
    0x08003d4c   0x08003d4c   0x00000448   Code   RO         3512    i.HAL_RCC_OscConfig  stm32f4xx_hal_rcc.o
    0x08004194   0x08004194   0x000000d8   Code   RO         1549    i.HAL_RTC_Init      stm32f4xx_hal_rtc.o
    0x0800426c   0x0800426c   0x00000018   Code   RO          476    i.HAL_RTC_MspInit   rtc.o
    0x08004284   0x08004284   0x0000003a   Code   RO         1557    i.HAL_RTC_WaitForSynchro  stm32f4xx_hal_rtc.o
    0x080042be   0x080042be   0x0000008c   Code   RO         1918    i.HAL_SPI_Init      stm32f4xx_hal_spi.o
    0x0800434a   0x0800434a   0x00000002   PAD
    0x0800434c   0x0800434c   0x00000158   Code   RO          518    i.HAL_SPI_MspInit   spi.o
    0x080044a4   0x080044a4   0x0000022a   Code   RO         1927    i.HAL_SPI_TransmitReceive  stm32f4xx_hal_spi.o
    0x080046ce   0x080046ce   0x00000034   Code   RO         4299    i.HAL_SYSTICK_Config  stm32f4xx_hal_cortex.o
    0x08004702   0x08004702   0x00000054   Code   RO         2935    i.HAL_TIMEx_MasterConfigSynchronization  stm32f4xx_hal_tim_ex.o
    0x08004756   0x08004756   0x00000034   Code   RO         2231    i.HAL_TIM_Base_Init  stm32f4xx_hal_tim.o
    0x0800478a   0x0800478a   0x00000002   PAD
    0x0800478c   0x0800478c   0x000000ec   Code   RO          560    i.HAL_TIM_Base_MspInit  tim.o
    0x08004878   0x08004878   0x0000002a   Code   RO         2234    i.HAL_TIM_Base_Start  stm32f4xx_hal_tim.o
    0x080048a2   0x080048a2   0x00000108   Code   RO         2240    i.HAL_TIM_ConfigClockSource  stm32f4xx_hal_tim.o
    0x080049aa   0x080049aa   0x00000002   PAD
    0x080049ac   0x080049ac   0x000001a4   Code   RO          561    i.HAL_TIM_MspPostInit  tim.o
    0x08004b50   0x08004b50   0x00000108   Code   RO         2298    i.HAL_TIM_PWM_ConfigChannel  stm32f4xx_hal_tim.o
    0x08004c58   0x08004c58   0x00000034   Code   RO         2301    i.HAL_TIM_PWM_Init  stm32f4xx_hal_tim.o
    0x08004c8c   0x08004c8c   0x00000002   Code   RO         2303    i.HAL_TIM_PWM_MspInit  stm32f4xx_hal_tim.o
    0x08004c8e   0x08004c8e   0x00000002   PAD
    0x08004c90   0x08004c90   0x00000058   Code   RO         2306    i.HAL_TIM_PWM_Start  stm32f4xx_hal_tim.o
    0x08004ce8   0x08004ce8   0x00000072   Code   RO         3193    i.HAL_UART_Init     stm32f4xx_hal_uart.o
    0x08004d5a   0x08004d5a   0x00000002   PAD
    0x08004d5c   0x08004d5c   0x000002f0   Code   RO          632    i.HAL_UART_MspInit  usart.o
    0x0800504c   0x0800504c   0x00000004   Code   RO          696    i.HardFault_Handler  stm32f4xx_it.o
    0x08005050   0x08005050   0x0000003e   Code   RO         1115    i.I2C_IsAcknowledgeFailed  stm32f4xx_hal_i2c.o
    0x0800508e   0x0800508e   0x00000002   PAD
    0x08005090   0x08005090   0x00000138   Code   RO         1125    i.I2C_RequestMemoryRead  stm32f4xx_hal_i2c.o
    0x080051c8   0x080051c8   0x000000cc   Code   RO         1126    i.I2C_RequestMemoryWrite  stm32f4xx_hal_i2c.o
    0x08005294   0x08005294   0x0000005c   Code   RO         1134    i.I2C_WaitOnBTFFlagUntilTimeout  stm32f4xx_hal_i2c.o
    0x080052f0   0x080052f0   0x00000086   Code   RO         1135    i.I2C_WaitOnFlagUntilTimeout  stm32f4xx_hal_i2c.o
    0x08005376   0x08005376   0x000000c4   Code   RO         1136    i.I2C_WaitOnMasterAddressFlagUntilTimeout  stm32f4xx_hal_i2c.o
    0x0800543a   0x0800543a   0x00000080   Code   RO         1137    i.I2C_WaitOnRXNEFlagUntilTimeout  stm32f4xx_hal_i2c.o
    0x080054ba   0x080054ba   0x0000005c   Code   RO         1139    i.I2C_WaitOnTXEFlagUntilTimeout  stm32f4xx_hal_i2c.o
    0x08005516   0x08005516   0x00000002   PAD
    0x08005518   0x08005518   0x0000007c   Code   RO         7010    i.INS_cali_gyro     ins_task.o
    0x08005594   0x08005594   0x00000048   Code   RO         7011    i.INS_set_cali_gyro  ins_task.o
    0x080055dc   0x080055dc   0x00000304   Code   RO         7012    i.INS_task          ins_task.o
    0x080058e0   0x080058e0   0x00000044   Code   RO          306    i.MX_CAN1_Init      can.o
    0x08005924   0x08005924   0x00000044   Code   RO          307    i.MX_CAN2_Init      can.o
    0x08005968   0x08005968   0x00000078   Code   RO          353    i.MX_DMA_Init       dma.o
    0x080059e0   0x080059e0   0x000000d0   Code   RO          377    i.MX_FREERTOS_Init  freertos.o
    0x08005ab0   0x08005ab0   0x000001c0   Code   RO          280    i.MX_GPIO_Init      gpio.o
    0x08005c70   0x08005c70   0x0000003c   Code   RO          435    i.MX_I2C3_Init      i2c.o
    0x08005cac   0x08005cac   0x00000034   Code   RO          477    i.MX_RTC_Init       rtc.o
    0x08005ce0   0x08005ce0   0x00000048   Code   RO          519    i.MX_SPI1_Init      spi.o
    0x08005d28   0x08005d28   0x0000006c   Code   RO          562    i.MX_TIM10_Init     tim.o
    0x08005d94   0x08005d94   0x000000a4   Code   RO          563    i.MX_TIM3_Init      tim.o
    0x08005e38   0x08005e38   0x000000a4   Code   RO          564    i.MX_TIM4_Init      tim.o
    0x08005edc   0x08005edc   0x000000c4   Code   RO          565    i.MX_TIM5_Init      tim.o
    0x08005fa0   0x08005fa0   0x00000070   Code   RO          566    i.MX_TIM8_Init      tim.o
    0x08006010   0x08006010   0x00000038   Code   RO          633    i.MX_USART1_UART_Init  usart.o
    0x08006048   0x08006048   0x0000003c   Code   RO          634    i.MX_USART3_UART_Init  usart.o
    0x08006084   0x08006084   0x00000038   Code   RO          635    i.MX_USART6_UART_Init  usart.o
    0x080060bc   0x080060bc   0x00000004   Code   RO          697    i.MemManage_Handler  stm32f4xx_it.o
    0x080060c0   0x080060c0   0x00000002   Code   RO          698    i.NMI_Handler       stm32f4xx_it.o
    0x080060c2   0x080060c2   0x00000002   PAD
    0x080060c4   0x080060c4   0x000001f0   Code   RO         7980    i.PID_calc          pid.o
    0x080062b4   0x080062b4   0x00000060   Code   RO         7982    i.PID_init          pid.o
    0x08006314   0x08006314   0x0000009c   Code   RO         6498    i.RC_Init           bsp_rc.o
    0x080063b0   0x080063b0   0x00000368   Code   RO         6609    i.RC_cmd_to_calibrate  calibrate_task.o
    0x08006718   0x08006718   0x00000050   Code   RO         6499    i.RC_restart        bsp_rc.o
    0x08006768   0x08006768   0x00000018   Code   RO         6500    i.RC_unable         bsp_rc.o
    0x08006780   0x08006780   0x0000003e   Code   RO         1560    i.RTC_EnterInitMode  stm32f4xx_hal_rtc.o
    0x080067be   0x080067be   0x00000002   PAD
    0x080067c0   0x080067c0   0x0000273c   Code   RO         6535    i.SPI1_DMA_enable   bsp_spi.o
    0x08008efc   0x08008efc   0x00000180   Code   RO         6536    i.SPI1_DMA_init     bsp_spi.o
    0x0800907c   0x0800907c   0x0000006c   Code   RO         1956    i.SPI_EndRxTxTransaction  stm32f4xx_hal_spi.o
    0x080090e8   0x080090e8   0x000000a8   Code   RO         1961    i.SPI_WaitFlagStateUntilTimeout  stm32f4xx_hal_spi.o
    0x08009190   0x08009190   0x0000000c   Code   RO          699    i.SysTick_Handler   stm32f4xx_it.o
    0x0800919c   0x0800919c   0x000000d4   Code   RO           14    i.SystemClock_Config  main.o
    0x08009270   0x08009270   0x00000064   Code   RO         4679    i.SystemInit        system_stm32f4xx.o
    0x080092d4   0x080092d4   0x000000d8   Code   RO         2319    i.TIM_Base_SetConfig  stm32f4xx_hal_tim.o
    0x080093ac   0x080093ac   0x00000022   Code   RO         2320    i.TIM_CCxChannelCmd  stm32f4xx_hal_tim.o
    0x080093ce   0x080093ce   0x00000016   Code   RO         2330    i.TIM_ETR_SetConfig  stm32f4xx_hal_tim.o
    0x080093e4   0x080093e4   0x00000012   Code   RO         2331    i.TIM_ITRx_SetConfig  stm32f4xx_hal_tim.o
    0x080093f6   0x080093f6   0x00000002   PAD
    0x080093f8   0x080093f8   0x00000070   Code   RO         2332    i.TIM_OC1_SetConfig  stm32f4xx_hal_tim.o
    0x08009468   0x08009468   0x0000007c   Code   RO         2333    i.TIM_OC2_SetConfig  stm32f4xx_hal_tim.o
    0x080094e4   0x080094e4   0x00000078   Code   RO         2334    i.TIM_OC3_SetConfig  stm32f4xx_hal_tim.o
    0x0800955c   0x0800955c   0x00000054   Code   RO         2335    i.TIM_OC4_SetConfig  stm32f4xx_hal_tim.o
    0x080095b0   0x080095b0   0x00000026   Code   RO         2337    i.TIM_TI1_ConfigInputStage  stm32f4xx_hal_tim.o
    0x080095d6   0x080095d6   0x00000028   Code   RO         2339    i.TIM_TI2_ConfigInputStage  stm32f4xx_hal_tim.o
    0x080095fe   0x080095fe   0x00000002   PAD
    0x08009600   0x08009600   0x00000368   Code   RO         3220    i.UART_SetConfig    stm32f4xx_hal_uart.o
    0x08009968   0x08009968   0x00000130   Code   RO         7172    i.USART3_IRQHandler  remote_control.o
    0x08009a98   0x08009a98   0x00000128   Code   RO         7274    i.USART6_IRQHandler  referee_usart_task.o
    0x08009bc0   0x08009bc0   0x00000004   Code   RO          700    i.UsageFault_Handler  stm32f4xx_it.o
    0x08009bc4   0x08009bc4   0x00000026   Code   RO         8876    i.__ARM_fpclassifyf  m_wm.l(fpclassifyf.o)
    0x08009bea   0x08009bea   0x00000002   PAD
    0x08009bec   0x08009bec   0x00000010   Code   RO         4301    i.__NVIC_GetPriorityGrouping  stm32f4xx_hal_cortex.o
    0x08009bfc   0x08009bfc   0x00000028   Code   RO         4302    i.__NVIC_SetPriority  stm32f4xx_hal_cortex.o
    0x08009c24   0x08009c24   0x00000006   Code   RO         8077    i.__get_PRIMASK     fifo.o
    0x08009c2a   0x08009c2a   0x00000002   PAD
    0x08009c2c   0x08009c2c   0x0000012c   Code   RO         8718    i.__hardfp_asinf    m_wm.l(asinf.o)
    0x08009d58   0x08009d58   0x000002ac   Code   RO         8730    i.__hardfp_atan2f   m_wm.l(atan2f.o)
    0x0800a004   0x0800a004   0x00000014   Code   RO         8742    i.__hardfp_fabs     m_wm.l(fabs.o)
    0x0800a018   0x0800a018   0x0000003a   Code   RO         8760    i.__hardfp_sqrtf    m_wm.l(sqrtf_full.o)
    0x0800a052   0x0800a052   0x00000006   Code   RO         8879    i.__mathlib_flt_infnan  m_wm.l(funder.o)
    0x0800a058   0x0800a058   0x00000006   Code   RO         8880    i.__mathlib_flt_infnan2  m_wm.l(funder.o)
    0x0800a05e   0x0800a05e   0x00000002   PAD
    0x0800a060   0x0800a060   0x00000010   Code   RO         8881    i.__mathlib_flt_invalid  m_wm.l(funder.o)
    0x0800a070   0x0800a070   0x00000010   Code   RO         8884    i.__mathlib_flt_underflow  m_wm.l(funder.o)
    0x0800a080   0x0800a080   0x00000006   Code   RO         8078    i.__set_PRIMASK     fifo.o
    0x0800a086   0x0800a086   0x00000002   PAD
    0x0800a088   0x0800a088   0x00000068   Code   RO         6469    i.aRGB_led_show     bsp_led.o
    0x0800a0f0   0x0800a0f0   0x000001d0   Code   RO         8369    i.accel_comple_filter  AHRS.lib(ahrs.o)
    0x0800a2c0   0x0800a2c0   0x0000018c   Code   RO         8370    i.accel_update_kp_ki  AHRS.lib(ahrs.o)
    0x0800a44c   0x0800a44c   0x0000016c   Code   RO         8371    i.angle_to_quat     AHRS.lib(ahrs.o)
    0x0800a5b8   0x0800a5b8   0x00000134   Code   RO         7425    i.bmi088_accel_init  bmi088driver.o
    0x0800a6ec   0x0800a6ec   0x000002fc   Code   RO         7426    i.bmi088_accel_self_test  bmi088driver.o
    0x0800a9e8   0x0800a9e8   0x000000f4   Code   RO         7427    i.bmi088_gyro_init  bmi088driver.o
    0x0800aadc   0x0800aadc   0x000000d0   Code   RO         7428    i.bmi088_gyro_self_test  bmi088driver.o
    0x0800abac   0x0800abac   0x00000010   Code   RO         6210    i.buzzer_off        bsp_buzzer.o
    0x0800abbc   0x0800abbc   0x00000014   Code   RO         6211    i.buzzer_on         bsp_buzzer.o
    0x0800abd0   0x0800abd0   0x000000ec   Code   RO         6610    i.cali_data_read    calibrate_task.o
    0x0800acbc   0x0800acbc   0x0000008c   Code   RO         6611    i.cali_data_write   calibrate_task.o
    0x0800ad48   0x0800ad48   0x00000006   Code   RO         6612    i.cali_gimbal_hook  calibrate_task.o
    0x0800ad4e   0x0800ad4e   0x00000002   PAD
    0x0800ad50   0x0800ad50   0x00000064   Code   RO         6613    i.cali_gyro_hook    calibrate_task.o
    0x0800adb4   0x0800adb4   0x00000036   Code   RO         6614    i.cali_head_hook    calibrate_task.o
    0x0800adea   0x0800adea   0x00000002   PAD
    0x0800adec   0x0800adec   0x000000b8   Code   RO         6615    i.cali_param_init   calibrate_task.o
    0x0800aea4   0x0800aea4   0x00000148   Code   RO         6616    i.calibrate_task    calibrate_task.o
    0x0800afec   0x0800afec   0x0000005c   Code   RO         6318    i.can_filter_init   bsp_can.o
    0x0800b048   0x0800b048   0x000000a0   Code   RO         6803    i.chassis_behaviour_control_set  chassis_behaviour.o
    0x0800b0e8   0x0800b0e8   0x0000008c   Code   RO         6804    i.chassis_behaviour_mode_set  chassis_behaviour.o
    0x0800b174   0x0800b174   0x000001cc   Code   RO         6888    i.chassis_control_loop  chassis_task.o
    0x0800b340   0x0800b340   0x00000060   Code   RO         6805    i.chassis_engineer_follow_chassis_yaw_control  chassis_behaviour.o
    0x0800b3a0   0x0800b3a0   0x00000150   Code   RO         6889    i.chassis_feedback_update  chassis_task.o
    0x0800b4f0   0x0800b4f0   0x0000011c   Code   RO         6806    i.chassis_infantry_follow_gimbal_yaw_control  chassis_behaviour.o
    0x0800b60c   0x0800b60c   0x000000cc   Code   RO         6890    i.chassis_init      chassis_task.o
    0x0800b6d8   0x0800b6d8   0x00000058   Code   RO         6891    i.chassis_mode_change_control_transit  chassis_task.o
    0x0800b730   0x0800b730   0x00000044   Code   RO         6807    i.chassis_no_follow_yaw_control  chassis_behaviour.o
    0x0800b774   0x0800b774   0x0000002c   Code   RO         6808    i.chassis_no_move_control  chassis_behaviour.o
    0x0800b7a0   0x0800b7a0   0x0000005c   Code   RO         6809    i.chassis_open_set_control  chassis_behaviour.o
    0x0800b7fc   0x0800b7fc   0x000001d4   Code   RO         7391    i.chassis_power_control  chassis_power_control.o
    0x0800b9d0   0x0800b9d0   0x0000015c   Code   RO         6892    i.chassis_rc_to_control_vector  chassis_task.o
    0x0800bb2c   0x0800bb2c   0x00000288   Code   RO         6893    i.chassis_set_contorl  chassis_task.o
    0x0800bdb4   0x0800bdb4   0x00000012   Code   RO         6894    i.chassis_set_mode  chassis_task.o
    0x0800bdc6   0x0800bdc6   0x00000002   PAD
    0x0800bdc8   0x0800bdc8   0x000000a8   Code   RO         6895    i.chassis_task      chassis_task.o
    0x0800be70   0x0800be70   0x00000054   Code   RO         6896    i.chassis_vector_to_mecanum_wheel_speed  chassis_task.o
    0x0800bec4   0x0800bec4   0x0000002c   Code   RO         6810    i.chassis_zero_force_control  chassis_behaviour.o
    0x0800bef0   0x0800bef0   0x00000030   Code   RO         6343    i.delay_init        bsp_delay.o
    0x0800bf20   0x0800bf20   0x00000050   Code   RO         6345    i.delay_us          bsp_delay.o
    0x0800bf70   0x0800bf70   0x00000124   Code   RO         6965    i.detect_hook       detect_task.o
    0x0800c094   0x0800c094   0x0000016c   Code   RO         6966    i.detect_init       detect_task.o
    0x0800c200   0x0800c200   0x00000288   Code   RO         6967    i.detect_task       detect_task.o
    0x0800c488   0x0800c488   0x0000003a   Code   RO         8096    i.fifo_s_get        fifo.o
    0x0800c4c2   0x0800c4c2   0x00000016   Code   RO         8099    i.fifo_s_init       fifo.o
    0x0800c4d8   0x0800c4d8   0x000000a0   Code   RO         8105    i.fifo_s_puts       fifo.o
    0x0800c578   0x0800c578   0x00000006   Code   RO         8107    i.fifo_s_used       fifo.o
    0x0800c57e   0x0800c57e   0x00000054   Code   RO         7885    i.first_order_filter_cali  user_lib.o
    0x0800c5d2   0x0800c5d2   0x00000002   PAD
    0x0800c5d4   0x0800c5d4   0x00000024   Code   RO         7886    i.first_order_filter_init  user_lib.o
    0x0800c5f8   0x0800c5f8   0x0000002e   Code   RO         6381    i.flash_erase_address  bsp_flash.o
    0x0800c626   0x0800c626   0x00000014   Code   RO         6382    i.flash_read        bsp_flash.o
    0x0800c63a   0x0800c63a   0x00000002   PAD
    0x0800c63c   0x0800c63c   0x00000098   Code   RO         6384    i.flash_write_single_address  bsp_flash.o
    0x0800c6d4   0x0800c6d4   0x0000002a   Code   RO         7887    i.fp32_constrain    user_lib.o
    0x0800c6fe   0x0800c6fe   0x00000002   PAD
    0x0800c700   0x0800c700   0x000000f4   Code   RO         6385    i.ger_sector        bsp_flash.o
    0x0800c7f4   0x0800c7f4   0x00000034   Code   RO         8018    i.get_CRC16_check_sum  crc8_crc16.o
    0x0800c828   0x0800c828   0x00000024   Code   RO         8019    i.get_CRC8_check_sum  crc8_crc16.o
    0x0800c84c   0x0800c84c   0x00000008   Code   RO         7013    i.get_INS_angle_point  ins_task.o
    0x0800c854   0x0800c854   0x000000e8   Code   RO         8372    i.get_angle         AHRS.lib(ahrs.o)
    0x0800c93c   0x0800c93c   0x00000018   Code   RO         6718    i.get_chassis_motor_measure_point  can_receive.o
    0x0800c954   0x0800c954   0x0000001c   Code   RO         7333    i.get_chassis_power_and_buffer  referee.o
    0x0800c970   0x0800c970   0x0000000c   Code   RO         6617    i.get_control_temperature  calibrate_task.o
    0x0800c97c   0x0800c97c   0x00000008   Code   RO         6968    i.get_error_list_point  detect_task.o
    0x0800c984   0x0800c984   0x000000e8   Code   RO         6386    i.get_next_flash_address  bsp_flash.o
    0x0800ca6c   0x0800ca6c   0x00000008   Code   RO         7173    i.get_remote_control_point  remote_control.o
    0x0800ca74   0x0800ca74   0x0000000c   Code   RO         7334    i.get_robot_id      referee.o
    0x0800ca80   0x0800ca80   0x00000054   Code   RO         7018    i.gyro_offset_calc  ins_task.o
    0x0800cad4   0x0800cad4   0x0000012c   Code   RO         7019    i.imu_cali_slove    ins_task.o
    0x0800cc00   0x0800cc00   0x000001a8   Code   RO         7020    i.imu_cmd_spi_dma   ins_task.o
    0x0800cda8   0x0800cda8   0x0000000c   Code   RO         6441    i.imu_pwm_set       bsp_imu_pwm.o
    0x0800cdb4   0x0800cdb4   0x000000b8   Code   RO         7021    i.imu_temp_control  ins_task.o
    0x0800ce6c   0x0800ce6c   0x000000b8   Code   RO         7337    i.init_referee_struct_data  referee.o
    0x0800cf24   0x0800cf24   0x00000002   Code   RO         7653    i.ist8310_GPIO_init  ist8310driver_middleware.o
    0x0800cf26   0x0800cf26   0x00000002   PAD
    0x0800cf28   0x0800cf28   0x00000028   Code   RO         7655    i.ist8310_IIC_read_single_reg  ist8310driver_middleware.o
    0x0800cf50   0x0800cf50   0x00000028   Code   RO         7657    i.ist8310_IIC_write_single_reg  ist8310driver_middleware.o
    0x0800cf78   0x0800cf78   0x00000014   Code   RO         7658    i.ist8310_RST_H     ist8310driver_middleware.o
    0x0800cf8c   0x0800cf8c   0x00000014   Code   RO         7659    i.ist8310_RST_L     ist8310driver_middleware.o
    0x0800cfa0   0x0800cfa0   0x00000002   Code   RO         7660    i.ist8310_com_init  ist8310driver_middleware.o
    0x0800cfa2   0x0800cfa2   0x0000000c   Code   RO         7661    i.ist8310_delay_ms  ist8310driver_middleware.o
    0x0800cfae   0x0800cfae   0x00000002   PAD
    0x0800cfb0   0x0800cfb0   0x00000094   Code   RO         7621    i.ist8310_init      ist8310driver.o
    0x0800d044   0x0800d044   0x000001b0   Code   RO         7143    i.led_RGB_flow_task  led_flow_task.o
    0x0800d1f4   0x0800d1f4   0x00000060   Code   RO         7892    i.loop_fp32_constrain  user_lib.o
    0x0800d254   0x0800d254   0x00000064   Code   RO           15    i.main              main.o
    0x0800d2b8   0x0800d2b8   0x0000000e   Code   RO         5702    i.makeFreeRtosPriority  cmsis_os.o
    0x0800d2c6   0x0800d2c6   0x00000018   Code   RO         5704    i.osDelay           cmsis_os.o
    0x0800d2de   0x0800d2de   0x0000000a   Code   RO         5707    i.osKernelStart     cmsis_os.o
    0x0800d2e8   0x0800d2e8   0x00000010   Code   RO         5740    i.osSystickHandler  cmsis_os.o
    0x0800d2f8   0x0800d2f8   0x0000005e   Code   RO         5741    i.osThreadCreate    cmsis_os.o
    0x0800d356   0x0800d356   0x00000002   PAD
    0x0800d358   0x0800d358   0x00000030   Code   RO         5199    i.pcTaskGetName     tasks.o
    0x0800d388   0x0800d388   0x000000a4   Code   RO         5200    i.prvAddCurrentTaskToDelayedList  tasks.o
    0x0800d42c   0x0800d42c   0x000000b4   Code   RO         5201    i.prvAddNewTaskToReadyList  tasks.o
    0x0800d4e0   0x0800d4e0   0x00000074   Code   RO         5549    i.prvCheckForValidListAndQueue  timers.o
    0x0800d554   0x0800d554   0x00000048   Code   RO         5202    i.prvCheckTasksWaitingTermination  tasks.o
    0x0800d59c   0x0800d59c   0x0000002a   Code   RO         4856    i.prvCopyDataFromQueue  queue.o
    0x0800d5c6   0x0800d5c6   0x0000007c   Code   RO         4857    i.prvCopyDataToQueue  queue.o
    0x0800d642   0x0800d642   0x00000050   Code   RO         5203    i.prvDeleteTCB      tasks.o
    0x0800d692   0x0800d692   0x00000002   PAD
    0x0800d694   0x0800d694   0x00000028   Code   RO         5550    i.prvGetNextExpireTime  timers.o
    0x0800d6bc   0x0800d6bc   0x0000007c   Code   RO         6081    i.prvHeapInit       heap_4.o
    0x0800d738   0x0800d738   0x00000028   Code   RO         5204    i.prvIdleTask       tasks.o
    0x0800d760   0x0800d760   0x00000026   Code   RO         4860    i.prvInitialiseNewQueue  queue.o
    0x0800d786   0x0800d786   0x000000b8   Code   RO         5205    i.prvInitialiseNewTask  tasks.o
    0x0800d83e   0x0800d83e   0x00000002   PAD
    0x0800d840   0x0800d840   0x00000068   Code   RO         5206    i.prvInitialiseTaskLists  tasks.o
    0x0800d8a8   0x0800d8a8   0x00000068   Code   RO         6082    i.prvInsertBlockIntoFreeList  heap_4.o
    0x0800d910   0x0800d910   0x00000058   Code   RO         5552    i.prvInsertTimerInActiveList  timers.o
    0x0800d968   0x0800d968   0x0000001a   Code   RO         4861    i.prvIsQueueEmpty   queue.o
    0x0800d982   0x0800d982   0x0000001e   Code   RO         4862    i.prvIsQueueFull    queue.o
    0x0800d9a0   0x0800d9a0   0x00000064   Code   RO         5553    i.prvProcessExpiredTimer  timers.o
    0x0800da04   0x0800da04   0x00000128   Code   RO         5554    i.prvProcessReceivedCommands  timers.o
    0x0800db2c   0x0800db2c   0x00000074   Code   RO         5555    i.prvProcessTimerOrBlockTask  timers.o
    0x0800dba0   0x0800dba0   0x00000034   Code   RO         5207    i.prvResetNextTaskUnblockTime  tasks.o
    0x0800dbd4   0x0800dbd4   0x0000002c   Code   RO         5556    i.prvSampleTimeNow  timers.o
    0x0800dc00   0x0800dc00   0x0000009e   Code   RO         5208    i.prvSearchForNameWithinSingleList  tasks.o
    0x0800dc9e   0x0800dc9e   0x00000002   PAD
    0x0800dca0   0x0800dca0   0x000000a0   Code   RO         5557    i.prvSwitchTimerLists  timers.o
    0x0800dd40   0x0800dd40   0x00000016   Code   RO         5209    i.prvTaskCheckFreeStackSpace  tasks.o
    0x0800dd56   0x0800dd56   0x00000002   PAD
    0x0800dd58   0x0800dd58   0x00000040   Code   RO         6131    i.prvTaskExitError  port.o
    0x0800dd98   0x0800dd98   0x0000001a   Code   RO         5558    i.prvTimerTask      timers.o
    0x0800ddb2   0x0800ddb2   0x0000007e   Code   RO         4863    i.prvUnlockQueue    queue.o
    0x0800de30   0x0800de30   0x0000013c   Code   RO         6083    i.pvPortMalloc      heap_4.o
    0x0800df6c   0x0800df6c   0x0000002c   Code   RO         6132    i.pxPortInitialiseStack  port.o
    0x0800df98   0x0800df98   0x00000084   Code   RO         8377    i.quat_normalization  AHRS.lib(ahrs.o)
    0x0800e01c   0x0800e01c   0x00000180   Code   RO         7338    i.referee_data_solve  referee.o
    0x0800e19c   0x0800e19c   0x0000014c   Code   RO         7275    i.referee_unpack_fifo_data  referee_usart_task.o
    0x0800e2e8   0x0800e2e8   0x00000038   Code   RO         7276    i.referee_usart_task  referee_usart_task.o
    0x0800e320   0x0800e320   0x00000014   Code   RO         7174    i.remote_control_init  remote_control.o
    0x0800e334   0x0800e334   0x000000da   Code   RO         7175    i.sbus_to_rc        remote_control.o
    0x0800e40e   0x0800e40e   0x0000003e   Code   RO         8762    i.sqrtf             m_wm.l(sqrtf_full.o)
    0x0800e44c   0x0800e44c   0x0000007c   Code   RO         7240    i.test_task         test_task.o
    0x0800e4c8   0x0800e4c8   0x00000018   Code   RO         6969    i.toe_is_error      detect_task.o
    0x0800e4e0   0x0800e4e0   0x00000074   Code   RO         5212    i.ulTaskNotifyTake  tasks.o
    0x0800e554   0x0800e554   0x0000007a   Code   RO         8378    i.update_w          AHRS.lib(ahrs.o)
    0x0800e5ce   0x0800e5ce   0x00000002   PAD
    0x0800e5d0   0x0800e5d0   0x00000074   Code   RO         6570    i.usart1_tx_dma_init  bsp_usart.o
    0x0800e644   0x0800e644   0x00000138   Code   RO         6571    i.usart6_init       bsp_usart.o
    0x0800e77c   0x0800e77c   0x00000028   Code   RO         4816    i.uxListRemove      list.o
    0x0800e7a4   0x0800e7a4   0x00000028   Code   RO         5214    i.uxTaskGetStackHighWaterMark  tasks.o
    0x0800e7cc   0x0800e7cc   0x00000018   Code   RO          379    i.vApplicationGetIdleTaskMemory  freertos.o
    0x0800e7e4   0x0800e7e4   0x00000018   Code   RO          380    i.vApplicationGetTimerTaskMemory  freertos.o
    0x0800e7fc   0x0800e7fc   0x0000001a   Code   RO         4817    i.vListInitialise   list.o
    0x0800e816   0x0800e816   0x00000006   Code   RO         4818    i.vListInitialiseItem  list.o
    0x0800e81c   0x0800e81c   0x00000034   Code   RO         4819    i.vListInsert       list.o
    0x0800e850   0x0800e850   0x00000018   Code   RO         4820    i.vListInsertEnd    list.o
    0x0800e868   0x0800e868   0x00000054   Code   RO         6134    i.vPortEnterCritical  port.o
    0x0800e8bc   0x0800e8bc   0x0000003c   Code   RO         6135    i.vPortExitCritical  port.o
    0x0800e8f8   0x0800e8f8   0x00000094   Code   RO         6084    i.vPortFree         heap_4.o
    0x0800e98c   0x0800e98c   0x00000028   Code   RO         6136    i.vPortSetupTimerInterrupt  port.o
    0x0800e9b4   0x0800e9b4   0x00000078   Code   RO         6137    i.vPortValidateInterruptPriority  port.o
    0x0800ea2c   0x0800ea2c   0x0000002c   Code   RO         4867    i.vQueueAddToRegistry  queue.o
    0x0800ea58   0x0800ea58   0x0000004a   Code   RO         4870    i.vQueueWaitForMessageRestricted  queue.o
    0x0800eaa2   0x0800eaa2   0x00000002   PAD
    0x0800eaa4   0x0800eaa4   0x0000005c   Code   RO         5218    i.vTaskDelay        tasks.o
    0x0800eb00   0x0800eb00   0x00000018   Code   RO         5222    i.vTaskInternalSetTimeOutState  tasks.o
    0x0800eb18   0x0800eb18   0x0000000c   Code   RO         5223    i.vTaskMissedYield  tasks.o
    0x0800eb24   0x0800eb24   0x000000f0   Code   RO         5224    i.vTaskNotifyGiveFromISR  tasks.o
    0x0800ec14   0x0800ec14   0x00000038   Code   RO         5225    i.vTaskPlaceOnEventList  tasks.o
    0x0800ec4c   0x0800ec4c   0x00000040   Code   RO         5226    i.vTaskPlaceOnEventListRestricted  tasks.o
    0x0800ec8c   0x0800ec8c   0x000000b8   Code   RO         5233    i.vTaskStartScheduler  tasks.o
    0x0800ed44   0x0800ed44   0x00000010   Code   RO         5235    i.vTaskSuspendAll   tasks.o
    0x0800ed54   0x0800ed54   0x0000008c   Code   RO         5236    i.vTaskSwitchContext  tasks.o
    0x0800ede0   0x0800ede0   0x00000040   Code   RO         8020    i.verify_CRC16_check_sum  crc8_crc16.o
    0x0800ee20   0x0800ee20   0x0000002e   Code   RO         8021    i.verify_CRC8_check_sum  crc8_crc16.o
    0x0800ee4e   0x0800ee4e   0x00000002   PAD
    0x0800ee50   0x0800ee50   0x00000168   Code   RO         6138    i.xPortStartScheduler  port.o
    0x0800efb8   0x0800efb8   0x00000034   Code   RO         6139    i.xPortSysTickHandler  port.o
    0x0800efec   0x0800efec   0x000000de   Code   RO         4874    i.xQueueGenericCreateStatic  queue.o
    0x0800f0ca   0x0800f0ca   0x00000002   PAD
    0x0800f0cc   0x0800f0cc   0x00000098   Code   RO         4875    i.xQueueGenericReset  queue.o
    0x0800f164   0x0800f164   0x000001a8   Code   RO         4876    i.xQueueGenericSend  queue.o
    0x0800f30c   0x0800f30c   0x000000f8   Code   RO         4877    i.xQueueGenericSendFromISR  queue.o
    0x0800f404   0x0800f404   0x00000168   Code   RO         4885    i.xQueueReceive     queue.o
    0x0800f56c   0x0800f56c   0x000000a8   Code   RO         5238    i.xTaskCheckForTimeOut  tasks.o
    0x0800f614   0x0800f614   0x00000064   Code   RO         5239    i.xTaskCreate       tasks.o
    0x0800f678   0x0800f678   0x000000b8   Code   RO         5240    i.xTaskCreateStatic  tasks.o
    0x0800f730   0x0800f730   0x000000a4   Code   RO         5244    i.xTaskGetHandle    tasks.o
    0x0800f7d4   0x0800f7d4   0x00000020   Code   RO         5245    i.xTaskGetSchedulerState  tasks.o
    0x0800f7f4   0x0800f7f4   0x0000000c   Code   RO         5246    i.xTaskGetTickCount  tasks.o
    0x0800f800   0x0800f800   0x00000148   Code   RO         5248    i.xTaskIncrementTick  tasks.o
    0x0800f948   0x0800f948   0x000000c8   Code   RO         5251    i.xTaskPriorityDisinherit  tasks.o
    0x0800fa10   0x0800fa10   0x00000098   Code   RO         5253    i.xTaskRemoveFromEventList  tasks.o
    0x0800faa8   0x0800faa8   0x00000104   Code   RO         5254    i.xTaskResumeAll    tasks.o
    0x0800fbac   0x0800fbac   0x00000078   Code   RO         5563    i.xTimerCreateTimerTask  timers.o
    0x0800fc24   0x0800fc24   0x00000084   Code   RO         5564    i.xTimerGenericCommand  timers.o
    0x0800fca8   0x0800fca8   0x000002c4   Code   RO         8696    x$fpl$d2f           g_wm.l(d2f_clz.o)
    0x0800ff6c   0x0800ff6c   0x0000024c   Code   RO         8698    x$fpl$dadd          g_wm.l(daddsub_clz.o)
    0x080101b8   0x080101b8   0x0000001a   Code   RO         8855    x$fpl$dfltn         g_wm.l(dflt_clz.o)
    0x080101d2   0x080101d2   0x00000102   Code   RO         8859    x$fpl$dnaninf       g_wm.l(dnaninf.o)
    0x080102d4   0x080102d4   0x00000070   Code   RO         8941    x$fpl$drenorm       g_wm.l(drenorm_clz.o)
    0x08010344   0x08010344   0x0000000c   Code   RO         8861    x$fpl$dretinf       g_wm.l(dretinf.o)
    0x08010350   0x08010350   0x0000029c   Code   RO         8700    x$fpl$dsub          g_wm.l(daddsub_clz.o)
    0x080105ec   0x080105ec   0x0000017a   Code   RO         8863    x$fpl$dunder        g_wm.l(dunder_clz.o)
    0x08010766   0x08010766   0x00000002   PAD
    0x08010768   0x08010768   0x000001ec   Code   RO         8865    x$fpl$exception     g_wm.l(except.o)
    0x08010954   0x08010954   0x0000007a   Code   RO         8704    x$fpl$f2d           g_wm.l(f2d.o)
    0x080109ce   0x080109ce   0x000000f2   Code   RO         8867    x$fpl$fnaninf       g_wm.l(fnaninf.o)
    0x08010ac0   0x08010ac0   0x0000000a   Code   RO         8943    x$fpl$fpinit        g_wm.l(fpinit.o)
    0x08010aca   0x08010aca   0x0000000a   Code   RO         8869    x$fpl$fretinf       g_wm.l(fretinf.o)
    0x08010ad4   0x08010ad4   0x0000013c   Code   RO         8871    x$fpl$funder        g_wm.l(funder_clz.o)
    0x08010c10   0x08010c10   0x000000b2   Code   RO         8945    x$fpl$retnan        g_wm.l(retnan.o)
    0x08010cc2   0x08010cc2   0x0000007e   Code   RO         8873    x$fpl$trapveneer    g_wm.l(trapv.o)
    0x08010d40   0x08010d40   0x00000000   Code   RO         8875    x$fpl$usenofp       g_wm.l(usenofp.o)
    0x08010d40   0x08010d40   0x000000c4   Data   RO          382    .constdata          freertos.o
    0x08010e04   0x08010e04   0x00000008   Data   RO         4018    .constdata          stm32f4xx_hal_dma.o
    0x08010e0c   0x08010e0c   0x00000018   Data   RO         4680    .constdata          system_stm32f4xx.o
    0x08010e24   0x08010e24   0x0000000f   Data   RO         6620    .constdata          calibrate_task.o
    0x08010e33   0x08010e33   0x00000001   PAD
    0x08010e34   0x08010e34   0x00000020   Data   RO         6898    .constdata          chassis_task.o
    0x08010e54   0x08010e54   0x00000054   Data   RO         6971    .constdata          detect_task.o
    0x08010ea8   0x08010ea8   0x00000018   Data   RO         7023    .constdata          ins_task.o
    0x08010ec0   0x08010ec0   0x00000012   Data   RO         7433    .constdata          bmi088driver.o
    0x08010ed2   0x08010ed2   0x0000000c   Data   RO         7624    .constdata          ist8310driver.o
    0x08010ede   0x08010ede   0x00000302   Data   RO         8022    .constdata          crc8_crc16.o
    0x080111e0   0x080111e0   0x0000000c   Data   RO         8379    .constdata          AHRS.lib(ahrs.o)
    0x080111ec   0x080111ec   0x00000804   Data   RO         8589    .constdata          arm_cortexM4lf_math.lib(arm_common_tables.o)
    0x080119f0   0x080119f0   0x00000035   Data   RO          383    .conststring        freertos.o
    0x08011a25   0x08011a25   0x00000003   PAD
    0x08011a28   0x08011a28   0x00000020   Data   RO         9036    Region$$Table       anon$$obj.o


    Execution Region RW_IRAM1 (Exec base: 0x20000000, Load base: 0x08011a48, Size: 0x0000c1b0, Max: 0x00020000, ABSOLUTE, COMPRESSED[0x000000a0])

    Exec Addr    Load Addr    Size         Type   Attr      Idx    E Section Name        Object

    0x20000000   COMPRESSED   0x00000004   Data   RW          309    .data               can.o
    0x20000004   COMPRESSED   0x0000001c   Data   RW          384    .data               freertos.o
    0x20000020   COMPRESSED   0x00000009   Data   RW         4450    .data               stm32f4xx_hal.o
    0x20000029   COMPRESSED   0x00000003   PAD
    0x2000002c   COMPRESSED   0x00000004   Data   RW         4681    .data               system_stm32f4xx.o
    0x20000030   COMPRESSED   0x0000003c   Data   RW         5257    .data               tasks.o
    0x2000006c   COMPRESSED   0x00000014   Data   RW         5572    .data               timers.o
    0x20000080   COMPRESSED   0x00000018   Data   RW         6089    .data               heap_4.o
    0x20000098   COMPRESSED   0x0000000c   Data   RW         6140    .data               port.o
    0x200000a4   COMPRESSED   0x00000008   Data   RW         6346    .data               bsp_delay.o
    0x200000ac   COMPRESSED   0x00000010   Data   RW         6387    .data               bsp_flash.o
    0x200000bc   COMPRESSED   0x00000008   Data   RW         6470    .data               bsp_led.o
    0x200000c4   COMPRESSED   0x00000054   Data   RW         6621    .data               calibrate_task.o
    0x20000118   COMPRESSED   0x00000011   Data   RW         6723    .data               can_receive.o
    0x20000129   COMPRESSED   0x00000003   PAD
    0x2000012c   COMPRESSED   0x00000011   Data   RW         6811    .data               chassis_behaviour.o
    0x2000013d   COMPRESSED   0x00000003   PAD
    0x20000140   COMPRESSED   0x0000000d   Data   RW         6899    .data               chassis_task.o
    0x2000014d   COMPRESSED   0x00000003   PAD
    0x20000150   COMPRESSED   0x00000009   Data   RW         6972    .data               detect_task.o
    0x20000159   COMPRESSED   0x00000003   PAD
    0x2000015c   COMPRESSED   0x000000a0   Data   RW         7024    .data               ins_task.o
    0x200001fc   COMPRESSED   0x0000001c   Data   RW         7144    .data               led_flow_task.o
    0x20000218   COMPRESSED   0x00000002   Data   RW         7179    .data               remote_control.o
    0x2000021a   COMPRESSED   0x00000002   PAD
    0x2000021c   COMPRESSED   0x0000000a   Data   RW         7241    .data               test_task.o
    0x20000226   COMPRESSED   0x00000002   Data   RW         7278    .data               referee_usart_task.o
    0x20000228   COMPRESSED   0x00000026   Data   RW         7340    .data               referee.o
    0x2000024e   COMPRESSED   0x00000002   PAD
    0x20000250   COMPRESSED   0x0000002c   Data   RW         7434    .data               bmi088driver.o
    0x2000027c   COMPRESSED   0x00000002   Data   RW         8023    .data               crc8_crc16.o
    0x2000027e   COMPRESSED   0x00000002   PAD
    0x20000280   COMPRESSED   0x00000010   Data   RW         8380    .data               AHRS.lib(ahrs.o)
    0x20000290        -       0x00000050   Zero   RW          308    .bss                can.o
    0x200002e0        -       0x000006a8   Zero   RW          381    .bss                freertos.o
    0x20000988        -       0x00000054   Zero   RW          436    .bss                i2c.o
    0x200009dc        -       0x00000020   Zero   RW          478    .bss                rtc.o
    0x200009fc        -       0x00000118   Zero   RW          520    .bss                spi.o
    0x20000b14        -       0x00000140   Zero   RW          567    .bss                tim.o
    0x20000c54        -       0x00000240   Zero   RW          636    .bss                usart.o
    0x20000e94        -       0x00000020   Zero   RW         3672    .bss                stm32f4xx_hal_flash.o
    0x20000eb4        -       0x00000040   Zero   RW         4888    .bss                queue.o
    0x20000ef4        -       0x000000f0   Zero   RW         5256    .bss                tasks.o
    0x20000fe4        -       0x00000110   Zero   RW         5571    .bss                timers.o
    0x200010f4        -       0x00006000   Zero   RW         6088    .bss                heap_4.o
    0x200070f4        -       0x00000115   Zero   RW         6619    .bss                calibrate_task.o
    0x20007209   COMPRESSED   0x00000003   PAD
    0x2000720c        -       0x00000078   Zero   RW         6722    .bss                can_receive.o
    0x20007284        -       0x00000224   Zero   RW         6897    .bss                chassis_task.o
    0x200074a8        -       0x0000021c   Zero   RW         6970    .bss                detect_task.o
    0x200076c4        -       0x00000134   Zero   RW         7022    .bss                ins_task.o
    0x200077f8        -       0x0000005e   Zero   RW         7178    .bss                remote_control.o
    0x20007856   COMPRESSED   0x00000002   PAD
    0x20007858        -       0x000008a1   Zero   RW         7277    .bss                referee_usart_task.o
    0x200080f9        -       0x00000055   Zero   RW         7339    .bss                referee.o
    0x2000814e   COMPRESSED   0x00000002   PAD
    0x20008150        -       0x00000060   Zero   RW         8898    .bss                c_w.l(libspace.o)
    0x200081b0        -       0x00002000   Zero   RW            2    HEAP                startup_stm32f407xx.o
    0x2000a1b0        -       0x00002000   Zero   RW            1    STACK               startup_stm32f407xx.o


==============================================================================

Image component sizes


      Code (inc. data)   RO Data    RW Data    ZI Data      Debug   Object Name

       168          4          0          0          0       5676   ahrs_middleware.o
      2338         40         18         44          0      10935   bmi088driver.o
       140         28          0          0          0       5040   bmi088middleware.o
        36         12          0          0          0     605109   bsp_buzzer.o
        92          8          0          0          0        614   bsp_can.o
       128         20          0          8          0       1400   bsp_delay.o
       694        108          0         16          0       4201   bsp_flash.o
        12          4          0          0          0        522   bsp_imu_pwm.o
       104         22          0          8          0        612   bsp_led.o
       260         28          0          0          0       2067   bsp_rc.o
     10428        170          0          0          0       5702   bsp_spi.o
       428         38          0          0          0       1792   bsp_usart.o
      1932        110         15         84        277      11562   calibrate_task.o
       488         44          0          4         80       2502   can.o
       392         48          0         17        120       5613   can_receive.o
       928         74          0         17          0      11606   chassis_behaviour.o
       468         40          0          0          0       1948   chassis_power_control.o
      2354        152         32         13        548      11408   chassis_task.o
       158          0          0          0          0      22802   cmsis_os.o
       198         16        770          2          0       3881   crc8_crc16.o
      1336         46         84          9        540       4021   detect_task.o
       120          6          0          0          0        850   dma.o
         0          0          0          0          0      17912   event_groups.o
       258          0          0          0          0       9391   fifo.o
       256         52        249         28       1704       3495   freertos.o
       448         24          0          0          0       1219   gpio.o
       692         62          0         24      24576       4923   heap_4.o
       260         30          0          0         84       1781   i2c.o
      4352        326         24        160        308      19066   ins_task.o
       148          6         12          0          0       1535   ist8310driver.o
       136         22          0          0          0       4167   ist8310driver_middleware.o
       432         10          0         28          0       1737   led_flow_task.o
       148          0          0          0          0       3718   list.o
       314         14          0          0          0     766968   main.o
       592          8          0          0          0       1990   pid.o
      1014         92          0         12          0      12345   port.o
      1910         20          0          0         64      15004   queue.o
       608        150          0         38         85       4093   referee.o
       684         50          0          2       2209       8700   referee_usart_task.o
       550         36          0          2         94       3291   remote_control.o
        76         16          0          0         32       1507   rtc.o
       416         38          0          0        280       1991   spi.o
        64         26        392          0      16384        864   startup_stm32f407xx.o
       172         32          0          9          0       4065   stm32f4xx_hal.o
      2136          6          0          0          0      14823   stm32f4xx_hal_can.o
       304         22          0          0          0      34627   stm32f4xx_hal_cortex.o
      1034         16          8          0          0       4020   stm32f4xx_hal_dma.o
       636         64          0          0         32       6214   stm32f4xx_hal_flash.o
       432         26          0          0          0       3382   stm32f4xx_hal_flash_ex.o
       552         50          0          0          0       3047   stm32f4xx_hal_gpio.o
      2772         46          0          0          0      11898   stm32f4xx_hal_i2c.o
        84          6          0          0          0        886   stm32f4xx_hal_msp.o
      1732         84          0          0          0       5708   stm32f4xx_hal_rcc.o
       416         20          0          0          0       1456   stm32f4xx_hal_rcc_ex.o
       336          4          0          0          0       2716   stm32f4xx_hal_rtc.o
       970          8          0          0          0       4633   stm32f4xx_hal_spi.o
      1572         90          0          0          0      13267   stm32f4xx_hal_tim.o
        84          0          0          0          0       1328   stm32f4xx_hal_tim_ex.o
       986          8          0          0          0       1876   stm32f4xx_hal_uart.o
       152         30          0          0          0       8063   stm32f4xx_it.o
         0          0          0          0          0        384   stream_buffer.o
       100         18         24          4          0       1227   system_stm32f4xx.o
      3688        418          0         60        240      31457   tasks.o
       124         18          0         10          0       1964   test_task.o
      1400        126          0          0        320       5730   tim.o
      1238        124          0         20        272      27483   timers.o
       924         90          0          0        576       3584   usart.o
       258          4          0          0          0       3307   user_lib.o

    ----------------------------------------------------------------------
     58734       3310       1664        640      48832    1802705   Object Totals
         0          0         32          0          0          0   (incl. Generated)
        72          0          4         21          7          0   (incl. Padding)

    ----------------------------------------------------------------------

      Code (inc. data)   RO Data    RW Data    ZI Data      Debug   Library Member Name

      2718         84         12         16          0       9922   ahrs.o
         0          0       2052          0          0       4636   arm_common_tables.o
       120         12          0          0          0      16970   arm_cos_f32.o
       116         12          0          0          0        658   arm_sin_f32.o
        90          0          0          0          0          0   __dczerorl2.o
         8          0          0          0          0         68   __main.o
         0          0          0          0          0          0   __rtentry.o
        12          0          0          0          0          0   __rtentry2.o
         6          0          0          0          0          0   __rtentry4.o
        52          8          0          0          0          0   __scatter.o
        28          0          0          0          0          0   __scatter_zi.o
        48          4          0          0          0         84   _fptrap.o
        22          0          0          0          0        100   _rserrno.o
        16          0          0          0          0         68   aeabi_memset.o
        10          0          0          0          0         68   defsig_exit.o
       172        110          0          0          0         76   defsig_fpe_inner.o
        14          0          0          0          0         80   defsig_fpe_outer.o
        50          0          0          0          0         88   defsig_general.o
        18          0          0          0          0         80   exit.o
         6          0          0          0          0        152   heapauxi.o
         0          0          0          0          0          0   indicate_semi.o
         2          0          0          0          0          0   libinit.o
         6          0          0          0          0          0   libinit2.o
         2          0          0          0          0          0   libshutdown.o
         2          0          0          0          0          0   libshutdown2.o
         8          4          0          0         96         68   libspace.o
       238          0          0          0          0        100   lludivv7m.o
         8          4          0          0          0         68   rt_errno_addr_intlibspace.o
        68          0          0          0          0         68   rt_memclr.o
        78          0          0          0          0         80   rt_memclr_w.o
       138          0          0          0          0         68   rt_memcpy_v6.o
       100          0          0          0          0         80   rt_memcpy_w.o
         2          0          0          0          0          0   rtexit.o
        10          0          0          0          0          0   rtexit2.o
        62          0          0          0          0         76   strlen.o
        12          4          0          0          0         68   sys_exit.o
        74          0          0          0          0         80   sys_stackheap_outer.o
        14          0          0          0          0         76   sys_wrch.o
         2          0          0          0          0         68   use_no_semi.o
       708         16          0          0          0        140   d2f_clz.o
      1256         28          0          0          0        408   daddsub_clz.o
        26          0          0          0          0        116   dflt_clz.o
       258          4          0          0          0        156   dnaninf.o
       112          0          0          0          0        160   drenorm_clz.o
        12          0          0          0          0        116   dretinf.o
       378          0          0          0          0        168   dunder_clz.o
       492         36          0          0          0        148   except.o
       122          8          0          0          0        132   f2d.o
       242          4          0          0          0        144   fnaninf.o
        10          0          0          0          0        116   fpinit.o
        10          0          0          0          0        116   fretinf.o
       316          0          0          0          0        132   funder_clz.o
       178          0          0          0          0        116   retnan.o
       126          0          0          0          0        148   trapv.o
         0          0          0          0          0          0   usenofp.o
       300         42          0          0          0        176   asinf.o
       684         90          0          0          0        208   atan2f.o
        20          0          0          0          0        124   fabs.o
        38          0          0          0          0        116   fpclassifyf.o
        44         12          0          0          0        464   funder.o
       120          0          0          0          0        272   sqrtf_full.o

    ----------------------------------------------------------------------
      9802        482       2064         16         96      37626   Library Totals
        18          0          0          0          0          0   (incl. Padding)

    ----------------------------------------------------------------------

      Code (inc. data)   RO Data    RW Data    ZI Data      Debug   Library Name

      2718         84         12         16          0       9922   AHRS.lib
       236         24       2052          0          0      22264   arm_cortexM4lf_math.lib
      1378        134          0          0         96       1764   c_w.l
      4246         96          0          0          0       2316   g_wm.l
      1206        144          0          0          0       1360   m_wm.l

    ----------------------------------------------------------------------
      9802        482       2064         16         96      37626   Library Totals

    ----------------------------------------------------------------------

==============================================================================


      Code (inc. data)   RO Data    RW Data    ZI Data      Debug   

     68536       3792       3728        656      48928    1802195   Grand Totals
     68536       3792       3728        160      48928    1802195   ELF Image Totals (compressed)
     68536       3792       3728        160          0          0   ROM Totals

==============================================================================

    Total RO  Size (Code + RO Data)                72264 (  70.57kB)
    Total RW  Size (RW Data + ZI Data)             49584 (  48.42kB)
    Total ROM Size (Code + RO Data + RW Data)      72424 (  70.73kB)

==============================================================================

