<html>
<body>
<pre>
<h1>µVision Build Log</h1>
<h2>Tool Versions:</h2>
IDE-Version: ¦ÌVision V5.26.2.0
Copyright (C) 2018 ARM Ltd and ARM Germany GmbH. All rights reserved.
License Information: W 2745936, HP Inc., LIC=FYKYW-Q6LYX-JJ66S-LYFYA-NY0SK-GZVBJ
 
Tool Versions:
Toolchain:       MDK-ARM Plus  Version: 5.26.2.0
Toolchain Path:  E:\ARM\ARMCC\Bin
C Compiler:      Armcc.exe V5.06 update 6 (build 750)
Assembler:       Armasm.exe V5.06 update 6 (build 750)
Linker/Locator:  ArmLink.exe V5.06 update 6 (build 750)
Library Manager: ArmAr.exe V5.06 update 6 (build 750)
Hex Converter:   FromElf.exe V5.06 update 6 (build 750)
CPU DLL:         SARMCM3.DLL V5.26.2.0
Dialog DLL:      DCM.DLL V1.17.2.0
Target DLL:      CMSIS_AGDI.dll V1.30.6.0
Dialog DLL:      TCM.DLL V1.36.1.0
 
<h2>Project:</h2>
E:\desktop\stmRM\2006\true_2006\MDK-ARM\can.uvprojx
Project File Date:  03/27/2025

<h2>Output:</h2>
*** Using Compiler 'V5.06 update 6 (build 750)', folder: 'E:\ARM\ARMCC\Bin'
Build target 'can'
compiling main.c...
../Src/main.c(147): warning:  #177-D: variable "pos"  was declared but never referenced
    uint32_t pos = 0;
../Src/main.c(148): warning:  #177-D: variable "last_pos"  was declared but never referenced
    uint32_t last_pos = 0;
../Src/main.c(149): warning:  #177-D: variable "pos_err"  was declared but never referenced
    uint32_t pos_err = 0;
../Src/main.c(150): warning:  #177-D: variable "turns"  was declared but never referenced
    uint32_t turns = 0;
../Src/main.c(151): warning:  #177-D: variable "set_pos"  was declared but never referenced
    uint32_t set_pos = 4000;
../Src/main.c: 5 warnings, 0 errors
linking...
Program Size: Code=14092 RO-data=468 RW-data=84 ZI-data=3132  
"can\can.axf" - 0 Error(s), 5 Warning(s).

<h2>Software Packages used:</h2>

Package Vendor: ARM
                http://www.keil.com/pack/ARM.CMSIS.5.4.0.pack
                ARM.CMSIS.5.4.0
                CMSIS (Cortex Microcontroller Software Interface Standard)
   * Component: CORE Version: 5.1.2

Package Vendor: Keil
                http://www.keil.com/pack/Keil.STM32F4xx_DFP.2.16.0.pack
                Keil.STM32F4xx_DFP.2.16.0
                STMicroelectronics STM32F4 Series Device Support, Drivers and Examples

<h2>Collection of Component include folders:</h2>
  .\RTE\_can
  E:\ARM\PACK\ARM\CMSIS\5.4.0\CMSIS\Core\Include
  E:\ARM\PACK\Keil\STM32F4xx_DFP\2.16.0\Drivers\CMSIS\Device\ST\STM32F4xx\Include

<h2>Collection of Component Files used:</h2>

   * Component: ARM::CMSIS:CORE:5.1.2
Build Time Elapsed:  00:00:06
</pre>
</body>
</html>
